Command line invocation:
    /Applications/Xcode.app/Contents/Developer/usr/bin/xcodebuild -project StudyBloom.xcodeproj -scheme StudyBloom -destination "generic/platform=iOS Simulator" build

Resolve Package Graph


Resolved source packages:
  gRPC: https://github.com/google/grpc-binary.git @ 1.69.1
  InteropForGoogle: https://github.com/google/interop-ios-for-google-sdks.git @ 101.0.0
  leveldb: https://github.com/firebase/leveldb.git @ 1.22.5
  GoogleUtilities: https://github.com/google/GoogleUtilities.git @ 8.1.0
  AppCheck: https://github.com/google/app-check.git @ 11.2.0
  Firebase: https://github.com/firebase/firebase-ios-sdk @ 12.6.0
  GoogleAppMeasurement: https://github.com/google/GoogleAppMeasurement.git @ 12.5.0
  Promises: https://github.com/google/promises.git @ 2.4.0
  GoogleAdsOnDeviceConversion: https://github.com/googleads/google-ads-on-device-conversion-ios-sdk @ 3.2.0
  SwiftProtobuf: https://github.com/apple/swift-protobuf.git @ 1.33.3
  nanopb: https://github.com/firebase/nanopb.git @ 2.30910.0
  abseil: https://github.com/google/abseil-cpp-binary.git @ 1.2024072200.0
  GTMSessionFetcher: https://github.com/google/gtm-session-fetcher.git @ 5.0.0
  GoogleDataTransport: https://github.com/google/GoogleDataTransport.git @ 10.1.0

2025-12-02 21:10:36.079 xcodebuild[89522:5333077] [MT] IDERunDestination: Supported platforms for the buildables in the current scheme is empty.
ComputePackagePrebuildTargetDependencyGraph

Prepare packages

CreateBuildRequest

SendProjectDescription

CreateBuildOperation

ComputeTargetDependencyGraph
note: Building targets in dependency order
note: Target dependency graph (77 targets)
    Target 'StudyBloom' in project 'StudyBloom'
        ➜ Explicit dependency on target 'FirebaseAnalytics' in project 'Firebase'
        ➜ Explicit dependency on target 'FirebaseAuth' in project 'Firebase'
        ➜ Explicit dependency on target 'FirebaseFirestore' in project 'Firebase'
    Target 'FirebaseFirestore' in project 'Firebase'
        ➜ Explicit dependency on target 'FirebaseFirestoreTarget' in project 'Firebase'
        ➜ Explicit dependency on target 'FirebaseFirestoreInternalWrapper' in project 'Firebase'
        ➜ Explicit dependency on target 'FirebaseAppCheckInterop' in project 'Firebase'
        ➜ Explicit dependency on target 'Firebase' in project 'Firebase'
        ➜ Explicit dependency on target 'FirebaseCoreInternal' in project 'Firebase'
        ➜ Explicit dependency on target 'FirebaseCore' in project 'Firebase'
        ➜ Explicit dependency on target 'FirebaseCoreExtension' in project 'Firebase'
        ➜ Explicit dependency on target 'FirebaseSharedSwift' in project 'Firebase'
        ➜ Explicit dependency on target 'FirebaseFirestore' in project 'Firebase'
        ➜ Explicit dependency on target 'GULNSData' in project 'GoogleUtilities'
        ➜ Explicit dependency on target 'GULEnvironment' in project 'GoogleUtilities'
        ➜ Explicit dependency on target 'GULLogger' in project 'GoogleUtilities'
        ➜ Explicit dependency on target 'abseil' in project 'abseil'
        ➜ Explicit dependency on target 'gRPC-C++' in project 'gRPC'
        ➜ Explicit dependency on target 'nanopb' in project 'nanopb'
        ➜ Explicit dependency on target 'leveldb' in project 'leveldb'
    Target 'FirebaseFirestoreTarget' in project 'Firebase'
        ➜ Explicit dependency on target 'FirebaseFirestoreInternalWrapper' in project 'Firebase'
        ➜ Explicit dependency on target 'FirebaseAppCheckInterop' in project 'Firebase'
        ➜ Explicit dependency on target 'Firebase' in project 'Firebase'
        ➜ Explicit dependency on target 'FirebaseCoreInternal' in project 'Firebase'
        ➜ Explicit dependency on target 'FirebaseCore' in project 'Firebase'
        ➜ Explicit dependency on target 'FirebaseCoreExtension' in project 'Firebase'
        ➜ Explicit dependency on target 'FirebaseSharedSwift' in project 'Firebase'
        ➜ Explicit dependency on target 'FirebaseFirestore' in project 'Firebase'
        ➜ Explicit dependency on target 'GULNSData' in project 'GoogleUtilities'
        ➜ Explicit dependency on target 'GULEnvironment' in project 'GoogleUtilities'
        ➜ Explicit dependency on target 'GULLogger' in project 'GoogleUtilities'
        ➜ Explicit dependency on target 'abseil' in project 'abseil'
        ➜ Explicit dependency on target 'gRPC-C++' in project 'gRPC'
        ➜ Explicit dependency on target 'nanopb' in project 'nanopb'
        ➜ Explicit dependency on target 'leveldb' in project 'leveldb'
    Target 'FirebaseFirestore' in project 'Firebase'
        ➜ Explicit dependency on target 'Firebase_FirebaseFirestore' in project 'Firebase'
        ➜ Explicit dependency on target 'FirebaseFirestoreInternalWrapper' in project 'Firebase'
        ➜ Explicit dependency on target 'FirebaseAppCheckInterop' in project 'Firebase'
        ➜ Explicit dependency on target 'Firebase' in project 'Firebase'
        ➜ Explicit dependency on target 'FirebaseCoreInternal' in project 'Firebase'
        ➜ Explicit dependency on target 'FirebaseCore' in project 'Firebase'
        ➜ Explicit dependency on target 'FirebaseCoreExtension' in project 'Firebase'
        ➜ Explicit dependency on target 'FirebaseSharedSwift' in project 'Firebase'
        ➜ Explicit dependency on target 'GULNSData' in project 'GoogleUtilities'
        ➜ Explicit dependency on target 'GULEnvironment' in project 'GoogleUtilities'
        ➜ Explicit dependency on target 'GULLogger' in project 'GoogleUtilities'
        ➜ Explicit dependency on target 'abseil' in project 'abseil'
        ➜ Explicit dependency on target 'gRPC-C++' in project 'gRPC'
        ➜ Explicit dependency on target 'nanopb' in project 'nanopb'
        ➜ Explicit dependency on target 'leveldb' in project 'leveldb'
    Target 'leveldb' in project 'leveldb'
        ➜ Explicit dependency on target 'leveldb' in project 'leveldb'
        ➜ Explicit dependency on target 'leveldb_leveldb' in project 'leveldb'
    Target 'leveldb' in project 'leveldb'
        ➜ Explicit dependency on target 'leveldb_leveldb' in project 'leveldb'
    Target 'leveldb_leveldb' in project 'leveldb' (no dependencies)
    Target 'gRPC-C++' in project 'gRPC'
        ➜ Explicit dependency on target 'grpcppWrapper' in project 'gRPC'
        ➜ Explicit dependency on target 'gRPC_grpcppWrapper' in project 'gRPC'
        ➜ Explicit dependency on target 'grpcWrapper' in project 'gRPC'
        ➜ Explicit dependency on target 'opensslWrapper' in project 'gRPC'
        ➜ Explicit dependency on target 'abseil' in project 'abseil'
    Target 'grpcppWrapper' in project 'gRPC'
        ➜ Explicit dependency on target 'gRPC_grpcppWrapper' in project 'gRPC'
        ➜ Explicit dependency on target 'grpcWrapper' in project 'gRPC'
        ➜ Explicit dependency on target 'opensslWrapper' in project 'gRPC'
        ➜ Explicit dependency on target 'abseil' in project 'abseil'
    Target 'opensslWrapper' in project 'gRPC'
        ➜ Explicit dependency on target 'gRPC_opensslWrapper' in project 'gRPC'
    Target 'gRPC_opensslWrapper' in project 'gRPC' (no dependencies)
    Target 'grpcWrapper' in project 'gRPC'
        ➜ Explicit dependency on target 'gRPC_grpcWrapper' in project 'gRPC'
    Target 'gRPC_grpcWrapper' in project 'gRPC' (no dependencies)
    Target 'gRPC_grpcppWrapper' in project 'gRPC' (no dependencies)
    Target 'abseil' in project 'abseil'
        ➜ Explicit dependency on target 'abslWrapper' in project 'abseil'
        ➜ Explicit dependency on target 'abseil_abslWrapper' in project 'abseil'
    Target 'abslWrapper' in project 'abseil'
        ➜ Explicit dependency on target 'abseil_abslWrapper' in project 'abseil'
    Target 'abseil_abslWrapper' in project 'abseil' (no dependencies)
    Target 'Firebase_FirebaseFirestore' in project 'Firebase' (no dependencies)
    Target 'FirebaseSharedSwift' in project 'Firebase' (no dependencies)
    Target 'FirebaseFirestoreInternalWrapper' in project 'Firebase' (no dependencies)
    Target 'FirebaseAuth' in project 'Firebase'
        ➜ Explicit dependency on target 'FirebaseAuth' in project 'Firebase'
        ➜ Explicit dependency on target 'Firebase_FirebaseAuth' in project 'Firebase'
        ➜ Explicit dependency on target 'FirebaseAppCheckInterop' in project 'Firebase'
        ➜ Explicit dependency on target 'FirebaseAuthInterop' in project 'Firebase'
        ➜ Explicit dependency on target 'FirebaseAuthInternal' in project 'Firebase'
        ➜ Explicit dependency on target 'Firebase' in project 'Firebase'
        ➜ Explicit dependency on target 'FirebaseCoreInternal' in project 'Firebase'
        ➜ Explicit dependency on target 'FirebaseCore' in project 'Firebase'
        ➜ Explicit dependency on target 'FirebaseCoreExtension' in project 'Firebase'
        ➜ Explicit dependency on target 'RecaptchaInterop' in project 'InteropForGoogle'
        ➜ Explicit dependency on target 'GULNSData' in project 'GoogleUtilities'
        ➜ Explicit dependency on target 'GULEnvironment' in project 'GoogleUtilities'
        ➜ Explicit dependency on target 'GULLogger' in project 'GoogleUtilities'
        ➜ Explicit dependency on target 'GULAppDelegateSwizzler' in project 'GoogleUtilities'
        ➜ Explicit dependency on target 'GTMSessionFetcherCore' in project 'GTMSessionFetcher'
    Target 'FirebaseAuth' in project 'Firebase'
        ➜ Explicit dependency on target 'Firebase_FirebaseAuth' in project 'Firebase'
        ➜ Explicit dependency on target 'FirebaseAppCheckInterop' in project 'Firebase'
        ➜ Explicit dependency on target 'FirebaseAuthInterop' in project 'Firebase'
        ➜ Explicit dependency on target 'FirebaseAuthInternal' in project 'Firebase'
        ➜ Explicit dependency on target 'Firebase' in project 'Firebase'
        ➜ Explicit dependency on target 'FirebaseCoreInternal' in project 'Firebase'
        ➜ Explicit dependency on target 'FirebaseCore' in project 'Firebase'
        ➜ Explicit dependency on target 'FirebaseCoreExtension' in project 'Firebase'
        ➜ Explicit dependency on target 'RecaptchaInterop' in project 'InteropForGoogle'
        ➜ Explicit dependency on target 'GULNSData' in project 'GoogleUtilities'
        ➜ Explicit dependency on target 'GULEnvironment' in project 'GoogleUtilities'
        ➜ Explicit dependency on target 'GULLogger' in project 'GoogleUtilities'
        ➜ Explicit dependency on target 'GULAppDelegateSwizzler' in project 'GoogleUtilities'
        ➜ Explicit dependency on target 'GTMSessionFetcherCore' in project 'GTMSessionFetcher'
    Target 'GTMSessionFetcherCore' in project 'GTMSessionFetcher'
        ➜ Explicit dependency on target 'GTMSessionFetcherCore' in project 'GTMSessionFetcher'
        ➜ Explicit dependency on target 'GTMSessionFetcher_GTMSessionFetcherCore' in project 'GTMSessionFetcher'
    Target 'GTMSessionFetcherCore' in project 'GTMSessionFetcher'
        ➜ Explicit dependency on target 'GTMSessionFetcher_GTMSessionFetcherCore' in project 'GTMSessionFetcher'
    Target 'GTMSessionFetcher_GTMSessionFetcherCore' in project 'GTMSessionFetcher' (no dependencies)
    Target 'FirebaseCoreExtension' in project 'Firebase'
        ➜ Explicit dependency on target 'Firebase_FirebaseCoreExtension' in project 'Firebase'
    Target 'Firebase_FirebaseCoreExtension' in project 'Firebase' (no dependencies)
    Target 'FirebaseAuthInternal' in project 'Firebase'
        ➜ Explicit dependency on target 'RecaptchaInterop' in project 'InteropForGoogle'
    Target 'RecaptchaInterop' in project 'InteropForGoogle'
        ➜ Explicit dependency on target 'RecaptchaInterop' in project 'InteropForGoogle'
    Target 'RecaptchaInterop' in project 'InteropForGoogle' (no dependencies)
    Target 'FirebaseAuthInterop' in project 'Firebase' (no dependencies)
    Target 'FirebaseAppCheckInterop' in project 'Firebase' (no dependencies)
    Target 'Firebase_FirebaseAuth' in project 'Firebase' (no dependencies)
    Target 'FirebaseAnalytics' in project 'Firebase'
        ➜ Explicit dependency on target 'FirebaseAnalyticsTarget' in project 'Firebase'
        ➜ Explicit dependency on target 'Firebase' in project 'Firebase'
        ➜ Explicit dependency on target 'FirebaseCoreInternal' in project 'Firebase'
        ➜ Explicit dependency on target 'FirebaseCore' in project 'Firebase'
        ➜ Explicit dependency on target 'FirebaseInstallations' in project 'Firebase'
        ➜ Explicit dependency on target 'FirebaseAnalyticsWrapper' in project 'Firebase'
        ➜ Explicit dependency on target 'GULNSData' in project 'GoogleUtilities'
        ➜ Explicit dependency on target 'GULEnvironment' in project 'GoogleUtilities'
        ➜ Explicit dependency on target 'GULLogger' in project 'GoogleUtilities'
        ➜ Explicit dependency on target 'FBLPromises' in project 'Promises'
        ➜ Explicit dependency on target 'GULUserDefaults' in project 'GoogleUtilities'
        ➜ Explicit dependency on target 'GoogleAppMeasurement' in project 'GoogleAppMeasurement'
        ➜ Explicit dependency on target 'GULAppDelegateSwizzler' in project 'GoogleUtilities'
        ➜ Explicit dependency on target 'GULMethodSwizzler' in project 'GoogleUtilities'
        ➜ Explicit dependency on target 'GULNetwork' in project 'GoogleUtilities'
        ➜ Explicit dependency on target 'nanopb' in project 'nanopb'
    Target 'FirebaseAnalyticsTarget' in project 'Firebase'
        ➜ Explicit dependency on target 'Firebase' in project 'Firebase'
        ➜ Explicit dependency on target 'FirebaseCoreInternal' in project 'Firebase'
        ➜ Explicit dependency on target 'FirebaseCore' in project 'Firebase'
        ➜ Explicit dependency on target 'FirebaseInstallations' in project 'Firebase'
        ➜ Explicit dependency on target 'FirebaseAnalyticsWrapper' in project 'Firebase'
        ➜ Explicit dependency on target 'GULNSData' in project 'GoogleUtilities'
        ➜ Explicit dependency on target 'GULEnvironment' in project 'GoogleUtilities'
        ➜ Explicit dependency on target 'GULLogger' in project 'GoogleUtilities'
        ➜ Explicit dependency on target 'FBLPromises' in project 'Promises'
        ➜ Explicit dependency on target 'GULUserDefaults' in project 'GoogleUtilities'
        ➜ Explicit dependency on target 'GoogleAppMeasurement' in project 'GoogleAppMeasurement'
        ➜ Explicit dependency on target 'GULAppDelegateSwizzler' in project 'GoogleUtilities'
        ➜ Explicit dependency on target 'GULMethodSwizzler' in project 'GoogleUtilities'
        ➜ Explicit dependency on target 'GULNetwork' in project 'GoogleUtilities'
        ➜ Explicit dependency on target 'nanopb' in project 'nanopb'
    Target 'FirebaseAnalyticsWrapper' in project 'Firebase'
        ➜ Explicit dependency on target 'Firebase' in project 'Firebase'
        ➜ Explicit dependency on target 'FirebaseCoreInternal' in project 'Firebase'
        ➜ Explicit dependency on target 'FirebaseCore' in project 'Firebase'
        ➜ Explicit dependency on target 'FirebaseInstallations' in project 'Firebase'
        ➜ Explicit dependency on target 'GULNSData' in project 'GoogleUtilities'
        ➜ Explicit dependency on target 'GULEnvironment' in project 'GoogleUtilities'
        ➜ Explicit dependency on target 'GULLogger' in project 'GoogleUtilities'
        ➜ Explicit dependency on target 'FBLPromises' in project 'Promises'
        ➜ Explicit dependency on target 'GULUserDefaults' in project 'GoogleUtilities'
        ➜ Explicit dependency on target 'GoogleAppMeasurement' in project 'GoogleAppMeasurement'
        ➜ Explicit dependency on target 'GULAppDelegateSwizzler' in project 'GoogleUtilities'
        ➜ Explicit dependency on target 'GULMethodSwizzler' in project 'GoogleUtilities'
        ➜ Explicit dependency on target 'GULNetwork' in project 'GoogleUtilities'
        ➜ Explicit dependency on target 'nanopb' in project 'nanopb'
    Target 'GoogleAppMeasurement' in project 'GoogleAppMeasurement'
        ➜ Explicit dependency on target 'GoogleAppMeasurementTarget' in project 'GoogleAppMeasurement'
        ➜ Explicit dependency on target 'GULAppDelegateSwizzler' in project 'GoogleUtilities'
        ➜ Explicit dependency on target 'GULMethodSwizzler' in project 'GoogleUtilities'
        ➜ Explicit dependency on target 'GULNSData' in project 'GoogleUtilities'
        ➜ Explicit dependency on target 'GULNetwork' in project 'GoogleUtilities'
        ➜ Explicit dependency on target 'GULLogger' in project 'GoogleUtilities'
        ➜ Explicit dependency on target 'GULEnvironment' in project 'GoogleUtilities'
        ➜ Explicit dependency on target 'nanopb' in project 'nanopb'
        ➜ Explicit dependency on target 'GoogleAdsOnDeviceConversion' in project 'GoogleAdsOnDeviceConversion'
    Target 'GoogleAppMeasurementTarget' in project 'GoogleAppMeasurement'
        ➜ Explicit dependency on target 'GULAppDelegateSwizzler' in project 'GoogleUtilities'
        ➜ Explicit dependency on target 'GULMethodSwizzler' in project 'GoogleUtilities'
        ➜ Explicit dependency on target 'GULNSData' in project 'GoogleUtilities'
        ➜ Explicit dependency on target 'GULNetwork' in project 'GoogleUtilities'
        ➜ Explicit dependency on target 'GULLogger' in project 'GoogleUtilities'
        ➜ Explicit dependency on target 'GULEnvironment' in project 'GoogleUtilities'
        ➜ Explicit dependency on target 'nanopb' in project 'nanopb'
        ➜ Explicit dependency on target 'GoogleAdsOnDeviceConversion' in project 'GoogleAdsOnDeviceConversion'
    Target 'GoogleAdsOnDeviceConversion' in project 'GoogleAdsOnDeviceConversion'
        ➜ Explicit dependency on target 'GoogleAdsOnDeviceConversionTarget' in project 'GoogleAdsOnDeviceConversion'
        ➜ Explicit dependency on target 'GULEnvironment' in project 'GoogleUtilities'
        ➜ Explicit dependency on target 'GULLogger' in project 'GoogleUtilities'
        ➜ Explicit dependency on target 'GULNetwork' in project 'GoogleUtilities'
        ➜ Explicit dependency on target 'nanopb' in project 'nanopb'
    Target 'GoogleAdsOnDeviceConversionTarget' in project 'GoogleAdsOnDeviceConversion'
        ➜ Explicit dependency on target 'GULEnvironment' in project 'GoogleUtilities'
        ➜ Explicit dependency on target 'GULLogger' in project 'GoogleUtilities'
        ➜ Explicit dependency on target 'GULNetwork' in project 'GoogleUtilities'
        ➜ Explicit dependency on target 'nanopb' in project 'nanopb'
    Target 'nanopb' in project 'nanopb'
        ➜ Explicit dependency on target 'nanopb' in project 'nanopb'
        ➜ Explicit dependency on target 'nanopb_nanopb' in project 'nanopb'
    Target 'nanopb' in project 'nanopb'
        ➜ Explicit dependency on target 'nanopb_nanopb' in project 'nanopb'
    Target 'nanopb_nanopb' in project 'nanopb' (no dependencies)
    Target 'GULNetwork' in project 'GoogleUtilities'
        ➜ Explicit dependency on target 'GoogleUtilities-Network' in project 'GoogleUtilities'
        ➜ Explicit dependency on target 'GoogleUtilities_GoogleUtilities-Network' in project 'GoogleUtilities'
        ➜ Explicit dependency on target 'third-party-IsAppEncrypted' in project 'GoogleUtilities'
        ➜ Explicit dependency on target 'GoogleUtilities-Environment' in project 'GoogleUtilities'
        ➜ Explicit dependency on target 'GoogleUtilities-Logger' in project 'GoogleUtilities'
        ➜ Explicit dependency on target 'GoogleUtilities-NSData' in project 'GoogleUtilities'
        ➜ Explicit dependency on target 'GoogleUtilities-Reachability' in project 'GoogleUtilities'
    Target 'GULMethodSwizzler' in project 'GoogleUtilities'
        ➜ Explicit dependency on target 'GoogleUtilities-MethodSwizzler' in project 'GoogleUtilities'
        ➜ Explicit dependency on target 'GoogleUtilities_GoogleUtilities-MethodSwizzler' in project 'GoogleUtilities'
        ➜ Explicit dependency on target 'third-party-IsAppEncrypted' in project 'GoogleUtilities'
        ➜ Explicit dependency on target 'GoogleUtilities-Environment' in project 'GoogleUtilities'
        ➜ Explicit dependency on target 'GoogleUtilities-Logger' in project 'GoogleUtilities'
    Target 'GoogleUtilities-MethodSwizzler' in project 'GoogleUtilities'
        ➜ Explicit dependency on target 'GoogleUtilities_GoogleUtilities-MethodSwizzler' in project 'GoogleUtilities'
        ➜ Explicit dependency on target 'third-party-IsAppEncrypted' in project 'GoogleUtilities'
        ➜ Explicit dependency on target 'GoogleUtilities-Environment' in project 'GoogleUtilities'
        ➜ Explicit dependency on target 'GoogleUtilities-Logger' in project 'GoogleUtilities'
    Target 'GoogleUtilities_GoogleUtilities-MethodSwizzler' in project 'GoogleUtilities' (no dependencies)
    Target 'GULAppDelegateSwizzler' in project 'GoogleUtilities'
        ➜ Explicit dependency on target 'GoogleUtilities-AppDelegateSwizzler' in project 'GoogleUtilities'
        ➜ Explicit dependency on target 'GoogleUtilities_GoogleUtilities-AppDelegateSwizzler' in project 'GoogleUtilities'
        ➜ Explicit dependency on target 'third-party-IsAppEncrypted' in project 'GoogleUtilities'
        ➜ Explicit dependency on target 'GoogleUtilities-Environment' in project 'GoogleUtilities'
        ➜ Explicit dependency on target 'GoogleUtilities-Logger' in project 'GoogleUtilities'
        ➜ Explicit dependency on target 'GoogleUtilities-NSData' in project 'GoogleUtilities'
        ➜ Explicit dependency on target 'GoogleUtilities-Reachability' in project 'GoogleUtilities'
        ➜ Explicit dependency on target 'GoogleUtilities-Network' in project 'GoogleUtilities'
    Target 'GoogleUtilities-AppDelegateSwizzler' in project 'GoogleUtilities'
        ➜ Explicit dependency on target 'GoogleUtilities_GoogleUtilities-AppDelegateSwizzler' in project 'GoogleUtilities'
        ➜ Explicit dependency on target 'third-party-IsAppEncrypted' in project 'GoogleUtilities'
        ➜ Explicit dependency on target 'GoogleUtilities-Environment' in project 'GoogleUtilities'
        ➜ Explicit dependency on target 'GoogleUtilities-Logger' in project 'GoogleUtilities'
        ➜ Explicit dependency on target 'GoogleUtilities-NSData' in project 'GoogleUtilities'
        ➜ Explicit dependency on target 'GoogleUtilities-Reachability' in project 'GoogleUtilities'
        ➜ Explicit dependency on target 'GoogleUtilities-Network' in project 'GoogleUtilities'
    Target 'GoogleUtilities-Network' in project 'GoogleUtilities'
        ➜ Explicit dependency on target 'GoogleUtilities_GoogleUtilities-Network' in project 'GoogleUtilities'
        ➜ Explicit dependency on target 'third-party-IsAppEncrypted' in project 'GoogleUtilities'
        ➜ Explicit dependency on target 'GoogleUtilities-Environment' in project 'GoogleUtilities'
        ➜ Explicit dependency on target 'GoogleUtilities-Logger' in project 'GoogleUtilities'
        ➜ Explicit dependency on target 'GoogleUtilities-NSData' in project 'GoogleUtilities'
        ➜ Explicit dependency on target 'GoogleUtilities-Reachability' in project 'GoogleUtilities'
    Target 'GoogleUtilities_GoogleUtilities-Network' in project 'GoogleUtilities' (no dependencies)
    Target 'GoogleUtilities-Reachability' in project 'GoogleUtilities'
        ➜ Explicit dependency on target 'GoogleUtilities_GoogleUtilities-Reachability' in project 'GoogleUtilities'
        ➜ Explicit dependency on target 'third-party-IsAppEncrypted' in project 'GoogleUtilities'
        ➜ Explicit dependency on target 'GoogleUtilities-Environment' in project 'GoogleUtilities'
        ➜ Explicit dependency on target 'GoogleUtilities-Logger' in project 'GoogleUtilities'
    Target 'GoogleUtilities_GoogleUtilities-Reachability' in project 'GoogleUtilities' (no dependencies)
    Target 'GoogleUtilities_GoogleUtilities-AppDelegateSwizzler' in project 'GoogleUtilities' (no dependencies)
    Target 'FirebaseInstallations' in project 'Firebase'
        ➜ Explicit dependency on target 'Firebase_FirebaseInstallations' in project 'Firebase'
        ➜ Explicit dependency on target 'Firebase' in project 'Firebase'
        ➜ Explicit dependency on target 'FirebaseCoreInternal' in project 'Firebase'
        ➜ Explicit dependency on target 'FirebaseCore' in project 'Firebase'
        ➜ Explicit dependency on target 'GULNSData' in project 'GoogleUtilities'
        ➜ Explicit dependency on target 'GULEnvironment' in project 'GoogleUtilities'
        ➜ Explicit dependency on target 'GULLogger' in project 'GoogleUtilities'
        ➜ Explicit dependency on target 'FBLPromises' in project 'Promises'
        ➜ Explicit dependency on target 'GULUserDefaults' in project 'GoogleUtilities'
    Target 'GULUserDefaults' in project 'GoogleUtilities'
        ➜ Explicit dependency on target 'GoogleUtilities-UserDefaults' in project 'GoogleUtilities'
        ➜ Explicit dependency on target 'GoogleUtilities_GoogleUtilities-UserDefaults' in project 'GoogleUtilities'
        ➜ Explicit dependency on target 'third-party-IsAppEncrypted' in project 'GoogleUtilities'
        ➜ Explicit dependency on target 'GoogleUtilities-Environment' in project 'GoogleUtilities'
        ➜ Explicit dependency on target 'GoogleUtilities-Logger' in project 'GoogleUtilities'
    Target 'GoogleUtilities-UserDefaults' in project 'GoogleUtilities'
        ➜ Explicit dependency on target 'GoogleUtilities_GoogleUtilities-UserDefaults' in project 'GoogleUtilities'
        ➜ Explicit dependency on target 'third-party-IsAppEncrypted' in project 'GoogleUtilities'
        ➜ Explicit dependency on target 'GoogleUtilities-Environment' in project 'GoogleUtilities'
        ➜ Explicit dependency on target 'GoogleUtilities-Logger' in project 'GoogleUtilities'
    Target 'GoogleUtilities_GoogleUtilities-UserDefaults' in project 'GoogleUtilities' (no dependencies)
    Target 'FBLPromises' in project 'Promises'
        ➜ Explicit dependency on target 'FBLPromises' in project 'Promises'
        ➜ Explicit dependency on target 'Promises_FBLPromises' in project 'Promises'
    Target 'FBLPromises' in project 'Promises'
        ➜ Explicit dependency on target 'Promises_FBLPromises' in project 'Promises'
    Target 'Promises_FBLPromises' in project 'Promises' (no dependencies)
    Target 'Firebase_FirebaseInstallations' in project 'Firebase' (no dependencies)
    Target 'FirebaseCore' in project 'Firebase'
        ➜ Explicit dependency on target 'Firebase_FirebaseCore' in project 'Firebase'
        ➜ Explicit dependency on target 'Firebase' in project 'Firebase'
        ➜ Explicit dependency on target 'FirebaseCoreInternal' in project 'Firebase'
        ➜ Explicit dependency on target 'GULNSData' in project 'GoogleUtilities'
        ➜ Explicit dependency on target 'GULEnvironment' in project 'GoogleUtilities'
        ➜ Explicit dependency on target 'GULLogger' in project 'GoogleUtilities'
    Target 'GULLogger' in project 'GoogleUtilities'
        ➜ Explicit dependency on target 'GoogleUtilities-Logger' in project 'GoogleUtilities'
        ➜ Explicit dependency on target 'GoogleUtilities_GoogleUtilities-Logger' in project 'GoogleUtilities'
        ➜ Explicit dependency on target 'third-party-IsAppEncrypted' in project 'GoogleUtilities'
        ➜ Explicit dependency on target 'GoogleUtilities-Environment' in project 'GoogleUtilities'
    Target 'GoogleUtilities-Logger' in project 'GoogleUtilities'
        ➜ Explicit dependency on target 'GoogleUtilities_GoogleUtilities-Logger' in project 'GoogleUtilities'
        ➜ Explicit dependency on target 'third-party-IsAppEncrypted' in project 'GoogleUtilities'
        ➜ Explicit dependency on target 'GoogleUtilities-Environment' in project 'GoogleUtilities'
    Target 'GoogleUtilities_GoogleUtilities-Logger' in project 'GoogleUtilities' (no dependencies)
    Target 'GULEnvironment' in project 'GoogleUtilities'
        ➜ Explicit dependency on target 'GoogleUtilities-Environment' in project 'GoogleUtilities'
        ➜ Explicit dependency on target 'GoogleUtilities_GoogleUtilities-Environment' in project 'GoogleUtilities'
        ➜ Explicit dependency on target 'third-party-IsAppEncrypted' in project 'GoogleUtilities'
    Target 'GoogleUtilities-Environment' in project 'GoogleUtilities'
        ➜ Explicit dependency on target 'GoogleUtilities_GoogleUtilities-Environment' in project 'GoogleUtilities'
        ➜ Explicit dependency on target 'third-party-IsAppEncrypted' in project 'GoogleUtilities'
    Target 'third-party-IsAppEncrypted' in project 'GoogleUtilities' (no dependencies)
    Target 'GoogleUtilities_GoogleUtilities-Environment' in project 'GoogleUtilities' (no dependencies)
    Target 'Firebase_FirebaseCore' in project 'Firebase' (no dependencies)
    Target 'FirebaseCoreInternal' in project 'Firebase'
        ➜ Explicit dependency on target 'Firebase_FirebaseCoreInternal' in project 'Firebase'
        ➜ Explicit dependency on target 'GULNSData' in project 'GoogleUtilities'
    Target 'GULNSData' in project 'GoogleUtilities'
        ➜ Explicit dependency on target 'GoogleUtilities-NSData' in project 'GoogleUtilities'
        ➜ Explicit dependency on target 'GoogleUtilities_GoogleUtilities-NSData' in project 'GoogleUtilities'
    Target 'GoogleUtilities-NSData' in project 'GoogleUtilities'
        ➜ Explicit dependency on target 'GoogleUtilities_GoogleUtilities-NSData' in project 'GoogleUtilities'
    Target 'GoogleUtilities_GoogleUtilities-NSData' in project 'GoogleUtilities' (no dependencies)
    Target 'Firebase_FirebaseCoreInternal' in project 'Firebase' (no dependencies)
    Target 'Firebase' in project 'Firebase' (no dependencies)

GatherProvisioningInputs

CreateBuildDescription

ExecuteExternalTool /Applications/Xcode.app/Contents/Developer/Toolchains/XcodeDefault.xctoolchain/usr/bin/clang -v -E -dM -arch arm64 -isysroot /Applications/Xcode.app/Contents/Developer/Platforms/iPhoneSimulator.platform/Developer/SDKs/iPhoneSimulator26.1.sdk -x objective-c -c /dev/null

ExecuteExternalTool /Applications/Xcode.app/Contents/Developer/Toolchains/XcodeDefault.xctoolchain/usr/bin/swiftc --version

ExecuteExternalTool /Applications/Xcode.app/Contents/Developer/Toolchains/XcodeDefault.xctoolchain/usr/bin/clang -v -E -dM -isysroot /Applications/Xcode.app/Contents/Developer/Platforms/iPhoneSimulator.platform/Developer/SDKs/iPhoneSimulator26.1.sdk -x c -c /dev/null

ExecuteExternalTool /Applications/Xcode.app/Contents/Developer/Toolchains/XcodeDefault.xctoolchain/usr/bin/clang -v -E -dM -arch arm64 -isysroot /Applications/Xcode.app/Contents/Developer/Platforms/iPhoneSimulator.platform/Developer/SDKs/iPhoneSimulator26.1.sdk -x c -c /dev/null

ExecuteExternalTool /Applications/Xcode.app/Contents/Developer/usr/bin/actool --print-asset-tag-combinations --output-format xml1 /Users/dragos/Development/IOS Apps/StudyBloom/StudyBloom/Assets.xcassets

ExecuteExternalTool /Applications/Xcode.app/Contents/Developer/Toolchains/XcodeDefault.xctoolchain/usr/bin/ld -version_details

ExecuteExternalTool /Applications/Xcode.app/Contents/Developer/usr/bin/actool --version --output-format xml1

ExecuteExternalTool /Applications/Xcode.app/Contents/Developer/Toolchains/XcodeDefault.xctoolchain/usr/bin/clang -v -E -dM -arch arm64 -isysroot /Applications/Xcode.app/Contents/Developer/Platforms/iPhoneSimulator.platform/Developer/SDKs/iPhoneSimulator26.1.sdk -x c++ -c /dev/null

ExecuteExternalTool /Applications/Xcode.app/Contents/Developer/Toolchains/XcodeDefault.xctoolchain/usr/bin/clang -v -E -dM -arch x86_64 -isysroot /Applications/Xcode.app/Contents/Developer/Platforms/iPhoneSimulator.platform/Developer/SDKs/iPhoneSimulator26.1.sdk -x objective-c -c /dev/null

ExecuteExternalTool /Applications/Xcode.app/Contents/Developer/Toolchains/XcodeDefault.xctoolchain/usr/bin/clang -v -E -dM -arch x86_64 -isysroot /Applications/Xcode.app/Contents/Developer/Platforms/iPhoneSimulator.platform/Developer/SDKs/iPhoneSimulator26.1.sdk -x c -c /dev/null

ExecuteExternalTool /Applications/Xcode.app/Contents/Developer/Toolchains/XcodeDefault.xctoolchain/usr/bin/clang -v -E -dM -arch x86_64 -isysroot /Applications/Xcode.app/Contents/Developer/Platforms/iPhoneSimulator.platform/Developer/SDKs/iPhoneSimulator26.1.sdk -x c++ -c /dev/null

Build description signature: 2504aa034951b055bed8c3cb223e7cb6
Build description path: /Users/dragos/Library/Developer/Xcode/DerivedData/StudyBloom-ciszihuagdjiakegybtrninynvgt/Build/Intermediates.noindex/XCBuildData/2504aa034951b055bed8c3cb223e7cb6.xcbuilddata
ClangStatCache /Applications/Xcode.app/Contents/Developer/Toolchains/XcodeDefault.xctoolchain/usr/bin/clang-stat-cache /Applications/Xcode.app/Contents/Developer/Platforms/iPhoneSimulator.platform/Developer/SDKs/iPhoneSimulator26.1.sdk /Users/dragos/Library/Developer/Xcode/DerivedData/SDKStatCaches.noindex/iphonesimulator26.1-23B77-90cf18a4295e390e64c810bc6bd7acbc.sdkstatcache
    cd /Users/dragos/Development/IOS\ Apps/StudyBloom/StudyBloom.xcodeproj
    /Applications/Xcode.app/Contents/Developer/Toolchains/XcodeDefault.xctoolchain/usr/bin/clang-stat-cache /Applications/Xcode.app/Contents/Developer/Platforms/iPhoneSimulator.platform/Developer/SDKs/iPhoneSimulator26.1.sdk -o /Users/dragos/Library/Developer/Xcode/DerivedData/SDKStatCaches.noindex/iphonesimulator26.1-23B77-90cf18a4295e390e64c810bc6bd7acbc.sdkstatcache

ProcessInfoPlistFile /Users/dragos/Library/Developer/Xcode/DerivedData/StudyBloom-ciszihuagdjiakegybtrninynvgt/Build/Products/Debug-iphonesimulator/GoogleUtilities_GoogleUtilities-Network.bundle/Info.plist /Users/dragos/Library/Developer/Xcode/DerivedData/StudyBloom-ciszihuagdjiakegybtrninynvgt/Build/Intermediates.noindex/GoogleUtilities.build/Debug-iphonesimulator/GoogleUtilities_GoogleUtilities-Network.build/empty-GoogleUtilities_GoogleUtilities-Network.plist (in target 'GoogleUtilities_GoogleUtilities-Network' from project 'GoogleUtilities')
    cd /Users/dragos/Library/Developer/Xcode/DerivedData/StudyBloom-ciszihuagdjiakegybtrninynvgt/SourcePackages/checkouts/GoogleUtilities
    builtin-infoPlistUtility /Users/dragos/Library/Developer/Xcode/DerivedData/StudyBloom-ciszihuagdjiakegybtrninynvgt/Build/Intermediates.noindex/GoogleUtilities.build/Debug-iphonesimulator/GoogleUtilities_GoogleUtilities-Network.build/empty-GoogleUtilities_GoogleUtilities-Network.plist -producttype com.apple.product-type.bundle -expandbuildsettings -format binary -platform iphonesimulator -o /Users/dragos/Library/Developer/Xcode/DerivedData/StudyBloom-ciszihuagdjiakegybtrninynvgt/Build/Products/Debug-iphonesimulator/GoogleUtilities_GoogleUtilities-Network.bundle/Info.plist

ProcessInfoPlistFile /Users/dragos/Library/Developer/Xcode/DerivedData/StudyBloom-ciszihuagdjiakegybtrninynvgt/Build/Products/Debug-iphonesimulator/GoogleUtilities_GoogleUtilities-NSData.bundle/Info.plist /Users/dragos/Library/Developer/Xcode/DerivedData/StudyBloom-ciszihuagdjiakegybtrninynvgt/Build/Intermediates.noindex/GoogleUtilities.build/Debug-iphonesimulator/GoogleUtilities_GoogleUtilities-NSData.build/empty-GoogleUtilities_GoogleUtilities-NSData.plist (in target 'GoogleUtilities_GoogleUtilities-NSData' from project 'GoogleUtilities')
    cd /Users/dragos/Library/Developer/Xcode/DerivedData/StudyBloom-ciszihuagdjiakegybtrninynvgt/SourcePackages/checkouts/GoogleUtilities
    builtin-infoPlistUtility /Users/dragos/Library/Developer/Xcode/DerivedData/StudyBloom-ciszihuagdjiakegybtrninynvgt/Build/Intermediates.noindex/GoogleUtilities.build/Debug-iphonesimulator/GoogleUtilities_GoogleUtilities-NSData.build/empty-GoogleUtilities_GoogleUtilities-NSData.plist -producttype com.apple.product-type.bundle -expandbuildsettings -format binary -platform iphonesimulator -o /Users/dragos/Library/Developer/Xcode/DerivedData/StudyBloom-ciszihuagdjiakegybtrninynvgt/Build/Products/Debug-iphonesimulator/GoogleUtilities_GoogleUtilities-NSData.bundle/Info.plist

ProcessInfoPlistFile /Users/dragos/Library/Developer/Xcode/DerivedData/StudyBloom-ciszihuagdjiakegybtrninynvgt/Build/Products/Debug-iphonesimulator/nanopb_nanopb.bundle/Info.plist /Users/dragos/Library/Developer/Xcode/DerivedData/StudyBloom-ciszihuagdjiakegybtrninynvgt/Build/Intermediates.noindex/nanopb.build/Debug-iphonesimulator/nanopb_nanopb.build/empty-nanopb_nanopb.plist (in target 'nanopb_nanopb' from project 'nanopb')
    cd /Users/dragos/Library/Developer/Xcode/DerivedData/StudyBloom-ciszihuagdjiakegybtrninynvgt/SourcePackages/checkouts/nanopb
    builtin-infoPlistUtility /Users/dragos/Library/Developer/Xcode/DerivedData/StudyBloom-ciszihuagdjiakegybtrninynvgt/Build/Intermediates.noindex/nanopb.build/Debug-iphonesimulator/nanopb_nanopb.build/empty-nanopb_nanopb.plist -producttype com.apple.product-type.bundle -expandbuildsettings -format binary -platform iphonesimulator -o /Users/dragos/Library/Developer/Xcode/DerivedData/StudyBloom-ciszihuagdjiakegybtrninynvgt/Build/Products/Debug-iphonesimulator/nanopb_nanopb.bundle/Info.plist

ProcessInfoPlistFile /Users/dragos/Library/Developer/Xcode/DerivedData/StudyBloom-ciszihuagdjiakegybtrninynvgt/Build/Products/Debug-iphonesimulator/gRPC_opensslWrapper.bundle/Info.plist /Users/dragos/Library/Developer/Xcode/DerivedData/StudyBloom-ciszihuagdjiakegybtrninynvgt/Build/Intermediates.noindex/gRPC.build/Debug-iphonesimulator/gRPC_opensslWrapper.build/empty-gRPC_opensslWrapper.plist (in target 'gRPC_opensslWrapper' from project 'gRPC')
    cd /Users/dragos/Library/Developer/Xcode/DerivedData/StudyBloom-ciszihuagdjiakegybtrninynvgt/SourcePackages/checkouts/grpc-binary
    builtin-infoPlistUtility /Users/dragos/Library/Developer/Xcode/DerivedData/StudyBloom-ciszihuagdjiakegybtrninynvgt/Build/Intermediates.noindex/gRPC.build/Debug-iphonesimulator/gRPC_opensslWrapper.build/empty-gRPC_opensslWrapper.plist -producttype com.apple.product-type.bundle -expandbuildsettings -format binary -platform iphonesimulator -o /Users/dragos/Library/Developer/Xcode/DerivedData/StudyBloom-ciszihuagdjiakegybtrninynvgt/Build/Products/Debug-iphonesimulator/gRPC_opensslWrapper.bundle/Info.plist

ProcessInfoPlistFile /Users/dragos/Library/Developer/Xcode/DerivedData/StudyBloom-ciszihuagdjiakegybtrninynvgt/Build/Products/Debug-iphonesimulator/leveldb_leveldb.bundle/Info.plist /Users/dragos/Library/Developer/Xcode/DerivedData/StudyBloom-ciszihuagdjiakegybtrninynvgt/Build/Intermediates.noindex/leveldb.build/Debug-iphonesimulator/leveldb_leveldb.build/empty-leveldb_leveldb.plist (in target 'leveldb_leveldb' from project 'leveldb')
    cd /Users/dragos/Library/Developer/Xcode/DerivedData/StudyBloom-ciszihuagdjiakegybtrninynvgt/SourcePackages/checkouts/leveldb
    builtin-infoPlistUtility /Users/dragos/Library/Developer/Xcode/DerivedData/StudyBloom-ciszihuagdjiakegybtrninynvgt/Build/Intermediates.noindex/leveldb.build/Debug-iphonesimulator/leveldb_leveldb.build/empty-leveldb_leveldb.plist -producttype com.apple.product-type.bundle -expandbuildsettings -format binary -platform iphonesimulator -o /Users/dragos/Library/Developer/Xcode/DerivedData/StudyBloom-ciszihuagdjiakegybtrninynvgt/Build/Products/Debug-iphonesimulator/leveldb_leveldb.bundle/Info.plist

ProcessInfoPlistFile /Users/dragos/Library/Developer/Xcode/DerivedData/StudyBloom-ciszihuagdjiakegybtrninynvgt/Build/Products/Debug-iphonesimulator/GoogleUtilities_GoogleUtilities-UserDefaults.bundle/Info.plist /Users/dragos/Library/Developer/Xcode/DerivedData/StudyBloom-ciszihuagdjiakegybtrninynvgt/Build/Intermediates.noindex/GoogleUtilities.build/Debug-iphonesimulator/GoogleUtilities_GoogleUtilities-UserDefaults.build/empty-GoogleUtilities_GoogleUtilities-UserDefaults.plist (in target 'GoogleUtilities_GoogleUtilities-UserDefaults' from project 'GoogleUtilities')
    cd /Users/dragos/Library/Developer/Xcode/DerivedData/StudyBloom-ciszihuagdjiakegybtrninynvgt/SourcePackages/checkouts/GoogleUtilities
    builtin-infoPlistUtility /Users/dragos/Library/Developer/Xcode/DerivedData/StudyBloom-ciszihuagdjiakegybtrninynvgt/Build/Intermediates.noindex/GoogleUtilities.build/Debug-iphonesimulator/GoogleUtilities_GoogleUtilities-UserDefaults.build/empty-GoogleUtilities_GoogleUtilities-UserDefaults.plist -producttype com.apple.product-type.bundle -expandbuildsettings -format binary -platform iphonesimulator -o /Users/dragos/Library/Developer/Xcode/DerivedData/StudyBloom-ciszihuagdjiakegybtrninynvgt/Build/Products/Debug-iphonesimulator/GoogleUtilities_GoogleUtilities-UserDefaults.bundle/Info.plist

ProcessInfoPlistFile /Users/dragos/Library/Developer/Xcode/DerivedData/StudyBloom-ciszihuagdjiakegybtrninynvgt/Build/Products/Debug-iphonesimulator/abseil_abslWrapper.bundle/Info.plist /Users/dragos/Library/Developer/Xcode/DerivedData/StudyBloom-ciszihuagdjiakegybtrninynvgt/Build/Intermediates.noindex/abseil.build/Debug-iphonesimulator/abseil_abslWrapper.build/empty-abseil_abslWrapper.plist (in target 'abseil_abslWrapper' from project 'abseil')
    cd /Users/dragos/Library/Developer/Xcode/DerivedData/StudyBloom-ciszihuagdjiakegybtrninynvgt/SourcePackages/checkouts/abseil-cpp-binary
    builtin-infoPlistUtility /Users/dragos/Library/Developer/Xcode/DerivedData/StudyBloom-ciszihuagdjiakegybtrninynvgt/Build/Intermediates.noindex/abseil.build/Debug-iphonesimulator/abseil_abslWrapper.build/empty-abseil_abslWrapper.plist -producttype com.apple.product-type.bundle -expandbuildsettings -format binary -platform iphonesimulator -o /Users/dragos/Library/Developer/Xcode/DerivedData/StudyBloom-ciszihuagdjiakegybtrninynvgt/Build/Products/Debug-iphonesimulator/abseil_abslWrapper.bundle/Info.plist

ProcessInfoPlistFile /Users/dragos/Library/Developer/Xcode/DerivedData/StudyBloom-ciszihuagdjiakegybtrninynvgt/Build/Products/Debug-iphonesimulator/gRPC_grpcppWrapper.bundle/Info.plist /Users/dragos/Library/Developer/Xcode/DerivedData/StudyBloom-ciszihuagdjiakegybtrninynvgt/Build/Intermediates.noindex/gRPC.build/Debug-iphonesimulator/gRPC_grpcppWrapper.build/empty-gRPC_grpcppWrapper.plist (in target 'gRPC_grpcppWrapper' from project 'gRPC')
    cd /Users/dragos/Library/Developer/Xcode/DerivedData/StudyBloom-ciszihuagdjiakegybtrninynvgt/SourcePackages/checkouts/grpc-binary
    builtin-infoPlistUtility /Users/dragos/Library/Developer/Xcode/DerivedData/StudyBloom-ciszihuagdjiakegybtrninynvgt/Build/Intermediates.noindex/gRPC.build/Debug-iphonesimulator/gRPC_grpcppWrapper.build/empty-gRPC_grpcppWrapper.plist -producttype com.apple.product-type.bundle -expandbuildsettings -format binary -platform iphonesimulator -o /Users/dragos/Library/Developer/Xcode/DerivedData/StudyBloom-ciszihuagdjiakegybtrninynvgt/Build/Products/Debug-iphonesimulator/gRPC_grpcppWrapper.bundle/Info.plist

ProcessInfoPlistFile /Users/dragos/Library/Developer/Xcode/DerivedData/StudyBloom-ciszihuagdjiakegybtrninynvgt/Build/Products/Debug-iphonesimulator/gRPC_grpcWrapper.bundle/Info.plist /Users/dragos/Library/Developer/Xcode/DerivedData/StudyBloom-ciszihuagdjiakegybtrninynvgt/Build/Intermediates.noindex/gRPC.build/Debug-iphonesimulator/gRPC_grpcWrapper.build/empty-gRPC_grpcWrapper.plist (in target 'gRPC_grpcWrapper' from project 'gRPC')
    cd /Users/dragos/Library/Developer/Xcode/DerivedData/StudyBloom-ciszihuagdjiakegybtrninynvgt/SourcePackages/checkouts/grpc-binary
    builtin-infoPlistUtility /Users/dragos/Library/Developer/Xcode/DerivedData/StudyBloom-ciszihuagdjiakegybtrninynvgt/Build/Intermediates.noindex/gRPC.build/Debug-iphonesimulator/gRPC_grpcWrapper.build/empty-gRPC_grpcWrapper.plist -producttype com.apple.product-type.bundle -expandbuildsettings -format binary -platform iphonesimulator -o /Users/dragos/Library/Developer/Xcode/DerivedData/StudyBloom-ciszihuagdjiakegybtrninynvgt/Build/Products/Debug-iphonesimulator/gRPC_grpcWrapper.bundle/Info.plist

ProcessInfoPlistFile /Users/dragos/Library/Developer/Xcode/DerivedData/StudyBloom-ciszihuagdjiakegybtrninynvgt/Build/Products/Debug-iphonesimulator/Promises_FBLPromises.bundle/Info.plist /Users/dragos/Library/Developer/Xcode/DerivedData/StudyBloom-ciszihuagdjiakegybtrninynvgt/Build/Intermediates.noindex/Promises.build/Debug-iphonesimulator/Promises_FBLPromises.build/empty-Promises_FBLPromises.plist (in target 'Promises_FBLPromises' from project 'Promises')
    cd /Users/dragos/Library/Developer/Xcode/DerivedData/StudyBloom-ciszihuagdjiakegybtrninynvgt/SourcePackages/checkouts/promises
    builtin-infoPlistUtility /Users/dragos/Library/Developer/Xcode/DerivedData/StudyBloom-ciszihuagdjiakegybtrninynvgt/Build/Intermediates.noindex/Promises.build/Debug-iphonesimulator/Promises_FBLPromises.build/empty-Promises_FBLPromises.plist -producttype com.apple.product-type.bundle -expandbuildsettings -format binary -platform iphonesimulator -o /Users/dragos/Library/Developer/Xcode/DerivedData/StudyBloom-ciszihuagdjiakegybtrninynvgt/Build/Products/Debug-iphonesimulator/Promises_FBLPromises.bundle/Info.plist

ProcessInfoPlistFile /Users/dragos/Library/Developer/Xcode/DerivedData/StudyBloom-ciszihuagdjiakegybtrninynvgt/Build/Products/Debug-iphonesimulator/GoogleUtilities_GoogleUtilities-Reachability.bundle/Info.plist /Users/dragos/Library/Developer/Xcode/DerivedData/StudyBloom-ciszihuagdjiakegybtrninynvgt/Build/Intermediates.noindex/GoogleUtilities.build/Debug-iphonesimulator/GoogleUtilities_GoogleUtilities-Reachability.build/empty-GoogleUtilities_GoogleUtilities-Reachability.plist (in target 'GoogleUtilities_GoogleUtilities-Reachability' from project 'GoogleUtilities')
    cd /Users/dragos/Library/Developer/Xcode/DerivedData/StudyBloom-ciszihuagdjiakegybtrninynvgt/SourcePackages/checkouts/GoogleUtilities
    builtin-infoPlistUtility /Users/dragos/Library/Developer/Xcode/DerivedData/StudyBloom-ciszihuagdjiakegybtrninynvgt/Build/Intermediates.noindex/GoogleUtilities.build/Debug-iphonesimulator/GoogleUtilities_GoogleUtilities-Reachability.build/empty-GoogleUtilities_GoogleUtilities-Reachability.plist -producttype com.apple.product-type.bundle -expandbuildsettings -format binary -platform iphonesimulator -o /Users/dragos/Library/Developer/Xcode/DerivedData/StudyBloom-ciszihuagdjiakegybtrninynvgt/Build/Products/Debug-iphonesimulator/GoogleUtilities_GoogleUtilities-Reachability.bundle/Info.plist

ProcessInfoPlistFile /Users/dragos/Library/Developer/Xcode/DerivedData/StudyBloom-ciszihuagdjiakegybtrninynvgt/Build/Products/Debug-iphonesimulator/GoogleUtilities_GoogleUtilities-MethodSwizzler.bundle/Info.plist /Users/dragos/Library/Developer/Xcode/DerivedData/StudyBloom-ciszihuagdjiakegybtrninynvgt/Build/Intermediates.noindex/GoogleUtilities.build/Debug-iphonesimulator/GoogleUtilities_GoogleUtilities-MethodSwizzler.build/empty-GoogleUtilities_GoogleUtilities-MethodSwizzler.plist (in target 'GoogleUtilities_GoogleUtilities-MethodSwizzler' from project 'GoogleUtilities')
    cd /Users/dragos/Library/Developer/Xcode/DerivedData/StudyBloom-ciszihuagdjiakegybtrninynvgt/SourcePackages/checkouts/GoogleUtilities
    builtin-infoPlistUtility /Users/dragos/Library/Developer/Xcode/DerivedData/StudyBloom-ciszihuagdjiakegybtrninynvgt/Build/Intermediates.noindex/GoogleUtilities.build/Debug-iphonesimulator/GoogleUtilities_GoogleUtilities-MethodSwizzler.build/empty-GoogleUtilities_GoogleUtilities-MethodSwizzler.plist -producttype com.apple.product-type.bundle -expandbuildsettings -format binary -platform iphonesimulator -o /Users/dragos/Library/Developer/Xcode/DerivedData/StudyBloom-ciszihuagdjiakegybtrninynvgt/Build/Products/Debug-iphonesimulator/GoogleUtilities_GoogleUtilities-MethodSwizzler.bundle/Info.plist

ProcessInfoPlistFile /Users/dragos/Library/Developer/Xcode/DerivedData/StudyBloom-ciszihuagdjiakegybtrninynvgt/Build/Products/Debug-iphonesimulator/GoogleUtilities_GoogleUtilities-Logger.bundle/Info.plist /Users/dragos/Library/Developer/Xcode/DerivedData/StudyBloom-ciszihuagdjiakegybtrninynvgt/Build/Intermediates.noindex/GoogleUtilities.build/Debug-iphonesimulator/GoogleUtilities_GoogleUtilities-Logger.build/empty-GoogleUtilities_GoogleUtilities-Logger.plist (in target 'GoogleUtilities_GoogleUtilities-Logger' from project 'GoogleUtilities')
    cd /Users/dragos/Library/Developer/Xcode/DerivedData/StudyBloom-ciszihuagdjiakegybtrninynvgt/SourcePackages/checkouts/GoogleUtilities
    builtin-infoPlistUtility /Users/dragos/Library/Developer/Xcode/DerivedData/StudyBloom-ciszihuagdjiakegybtrninynvgt/Build/Intermediates.noindex/GoogleUtilities.build/Debug-iphonesimulator/GoogleUtilities_GoogleUtilities-Logger.build/empty-GoogleUtilities_GoogleUtilities-Logger.plist -producttype com.apple.product-type.bundle -expandbuildsettings -format binary -platform iphonesimulator -o /Users/dragos/Library/Developer/Xcode/DerivedData/StudyBloom-ciszihuagdjiakegybtrninynvgt/Build/Products/Debug-iphonesimulator/GoogleUtilities_GoogleUtilities-Logger.bundle/Info.plist

ProcessInfoPlistFile /Users/dragos/Library/Developer/Xcode/DerivedData/StudyBloom-ciszihuagdjiakegybtrninynvgt/Build/Products/Debug-iphonesimulator/GoogleUtilities_GoogleUtilities-Environment.bundle/Info.plist /Users/dragos/Library/Developer/Xcode/DerivedData/StudyBloom-ciszihuagdjiakegybtrninynvgt/Build/Intermediates.noindex/GoogleUtilities.build/Debug-iphonesimulator/GoogleUtilities_GoogleUtilities-Environment.build/empty-GoogleUtilities_GoogleUtilities-Environment.plist (in target 'GoogleUtilities_GoogleUtilities-Environment' from project 'GoogleUtilities')
    cd /Users/dragos/Library/Developer/Xcode/DerivedData/StudyBloom-ciszihuagdjiakegybtrninynvgt/SourcePackages/checkouts/GoogleUtilities
    builtin-infoPlistUtility /Users/dragos/Library/Developer/Xcode/DerivedData/StudyBloom-ciszihuagdjiakegybtrninynvgt/Build/Intermediates.noindex/GoogleUtilities.build/Debug-iphonesimulator/GoogleUtilities_GoogleUtilities-Environment.build/empty-GoogleUtilities_GoogleUtilities-Environment.plist -producttype com.apple.product-type.bundle -expandbuildsettings -format binary -platform iphonesimulator -o /Users/dragos/Library/Developer/Xcode/DerivedData/StudyBloom-ciszihuagdjiakegybtrninynvgt/Build/Products/Debug-iphonesimulator/GoogleUtilities_GoogleUtilities-Environment.bundle/Info.plist

ProcessInfoPlistFile /Users/dragos/Library/Developer/Xcode/DerivedData/StudyBloom-ciszihuagdjiakegybtrninynvgt/Build/Products/Debug-iphonesimulator/GoogleUtilities_GoogleUtilities-AppDelegateSwizzler.bundle/Info.plist /Users/dragos/Library/Developer/Xcode/DerivedData/StudyBloom-ciszihuagdjiakegybtrninynvgt/Build/Intermediates.noindex/GoogleUtilities.build/Debug-iphonesimulator/GoogleUtilities_GoogleUtilities-AppDelegateSwizzler.build/empty-GoogleUtilities_GoogleUtilities-AppDelegateSwizzler.plist (in target 'GoogleUtilities_GoogleUtilities-AppDelegateSwizzler' from project 'GoogleUtilities')
    cd /Users/dragos/Library/Developer/Xcode/DerivedData/StudyBloom-ciszihuagdjiakegybtrninynvgt/SourcePackages/checkouts/GoogleUtilities
    builtin-infoPlistUtility /Users/dragos/Library/Developer/Xcode/DerivedData/StudyBloom-ciszihuagdjiakegybtrninynvgt/Build/Intermediates.noindex/GoogleUtilities.build/Debug-iphonesimulator/GoogleUtilities_GoogleUtilities-AppDelegateSwizzler.build/empty-GoogleUtilities_GoogleUtilities-AppDelegateSwizzler.plist -producttype com.apple.product-type.bundle -expandbuildsettings -format binary -platform iphonesimulator -o /Users/dragos/Library/Developer/Xcode/DerivedData/StudyBloom-ciszihuagdjiakegybtrninynvgt/Build/Products/Debug-iphonesimulator/GoogleUtilities_GoogleUtilities-AppDelegateSwizzler.bundle/Info.plist

ProcessInfoPlistFile /Users/dragos/Library/Developer/Xcode/DerivedData/StudyBloom-ciszihuagdjiakegybtrninynvgt/Build/Products/Debug-iphonesimulator/GTMSessionFetcher_GTMSessionFetcherCore.bundle/Info.plist /Users/dragos/Library/Developer/Xcode/DerivedData/StudyBloom-ciszihuagdjiakegybtrninynvgt/Build/Intermediates.noindex/GTMSessionFetcher.build/Debug-iphonesimulator/GTMSessionFetcher_GTMSessionFetcherCore.build/empty-GTMSessionFetcher_GTMSessionFetcherCore.plist (in target 'GTMSessionFetcher_GTMSessionFetcherCore' from project 'GTMSessionFetcher')
    cd /Users/dragos/Library/Developer/Xcode/DerivedData/StudyBloom-ciszihuagdjiakegybtrninynvgt/SourcePackages/checkouts/gtm-session-fetcher
    builtin-infoPlistUtility /Users/dragos/Library/Developer/Xcode/DerivedData/StudyBloom-ciszihuagdjiakegybtrninynvgt/Build/Intermediates.noindex/GTMSessionFetcher.build/Debug-iphonesimulator/GTMSessionFetcher_GTMSessionFetcherCore.build/empty-GTMSessionFetcher_GTMSessionFetcherCore.plist -producttype com.apple.product-type.bundle -expandbuildsettings -format binary -platform iphonesimulator -o /Users/dragos/Library/Developer/Xcode/DerivedData/StudyBloom-ciszihuagdjiakegybtrninynvgt/Build/Products/Debug-iphonesimulator/GTMSessionFetcher_GTMSessionFetcherCore.bundle/Info.plist

ProcessInfoPlistFile /Users/dragos/Library/Developer/Xcode/DerivedData/StudyBloom-ciszihuagdjiakegybtrninynvgt/Build/Products/Debug-iphonesimulator/Firebase_FirebaseInstallations.bundle/Info.plist /Users/dragos/Library/Developer/Xcode/DerivedData/StudyBloom-ciszihuagdjiakegybtrninynvgt/Build/Intermediates.noindex/Firebase.build/Debug-iphonesimulator/Firebase_FirebaseInstallations.build/empty-Firebase_FirebaseInstallations.plist (in target 'Firebase_FirebaseInstallations' from project 'Firebase')
    cd /Users/dragos/Library/Developer/Xcode/DerivedData/StudyBloom-ciszihuagdjiakegybtrninynvgt/SourcePackages/checkouts/firebase-ios-sdk
    builtin-infoPlistUtility /Users/dragos/Library/Developer/Xcode/DerivedData/StudyBloom-ciszihuagdjiakegybtrninynvgt/Build/Intermediates.noindex/Firebase.build/Debug-iphonesimulator/Firebase_FirebaseInstallations.build/empty-Firebase_FirebaseInstallations.plist -producttype com.apple.product-type.bundle -expandbuildsettings -format binary -platform iphonesimulator -o /Users/dragos/Library/Developer/Xcode/DerivedData/StudyBloom-ciszihuagdjiakegybtrninynvgt/Build/Products/Debug-iphonesimulator/Firebase_FirebaseInstallations.bundle/Info.plist

ProcessInfoPlistFile /Users/dragos/Library/Developer/Xcode/DerivedData/StudyBloom-ciszihuagdjiakegybtrninynvgt/Build/Products/Debug-iphonesimulator/Firebase_FirebaseFirestore.bundle/Info.plist /Users/dragos/Library/Developer/Xcode/DerivedData/StudyBloom-ciszihuagdjiakegybtrninynvgt/Build/Intermediates.noindex/Firebase.build/Debug-iphonesimulator/Firebase_FirebaseFirestore.build/empty-Firebase_FirebaseFirestore.plist (in target 'Firebase_FirebaseFirestore' from project 'Firebase')
    cd /Users/dragos/Library/Developer/Xcode/DerivedData/StudyBloom-ciszihuagdjiakegybtrninynvgt/SourcePackages/checkouts/firebase-ios-sdk
    builtin-infoPlistUtility /Users/dragos/Library/Developer/Xcode/DerivedData/StudyBloom-ciszihuagdjiakegybtrninynvgt/Build/Intermediates.noindex/Firebase.build/Debug-iphonesimulator/Firebase_FirebaseFirestore.build/empty-Firebase_FirebaseFirestore.plist -producttype com.apple.product-type.bundle -expandbuildsettings -format binary -platform iphonesimulator -o /Users/dragos/Library/Developer/Xcode/DerivedData/StudyBloom-ciszihuagdjiakegybtrninynvgt/Build/Products/Debug-iphonesimulator/Firebase_FirebaseFirestore.bundle/Info.plist

ProcessInfoPlistFile /Users/dragos/Library/Developer/Xcode/DerivedData/StudyBloom-ciszihuagdjiakegybtrninynvgt/Build/Products/Debug-iphonesimulator/Firebase_FirebaseCoreInternal.bundle/Info.plist /Users/dragos/Library/Developer/Xcode/DerivedData/StudyBloom-ciszihuagdjiakegybtrninynvgt/Build/Intermediates.noindex/Firebase.build/Debug-iphonesimulator/Firebase_FirebaseCoreInternal.build/empty-Firebase_FirebaseCoreInternal.plist (in target 'Firebase_FirebaseCoreInternal' from project 'Firebase')
    cd /Users/dragos/Library/Developer/Xcode/DerivedData/StudyBloom-ciszihuagdjiakegybtrninynvgt/SourcePackages/checkouts/firebase-ios-sdk
    builtin-infoPlistUtility /Users/dragos/Library/Developer/Xcode/DerivedData/StudyBloom-ciszihuagdjiakegybtrninynvgt/Build/Intermediates.noindex/Firebase.build/Debug-iphonesimulator/Firebase_FirebaseCoreInternal.build/empty-Firebase_FirebaseCoreInternal.plist -producttype com.apple.product-type.bundle -expandbuildsettings -format binary -platform iphonesimulator -o /Users/dragos/Library/Developer/Xcode/DerivedData/StudyBloom-ciszihuagdjiakegybtrninynvgt/Build/Products/Debug-iphonesimulator/Firebase_FirebaseCoreInternal.bundle/Info.plist

ProcessInfoPlistFile /Users/dragos/Library/Developer/Xcode/DerivedData/StudyBloom-ciszihuagdjiakegybtrninynvgt/Build/Products/Debug-iphonesimulator/Firebase_FirebaseCoreExtension.bundle/Info.plist /Users/dragos/Library/Developer/Xcode/DerivedData/StudyBloom-ciszihuagdjiakegybtrninynvgt/Build/Intermediates.noindex/Firebase.build/Debug-iphonesimulator/Firebase_FirebaseCoreExtension.build/empty-Firebase_FirebaseCoreExtension.plist (in target 'Firebase_FirebaseCoreExtension' from project 'Firebase')
    cd /Users/dragos/Library/Developer/Xcode/DerivedData/StudyBloom-ciszihuagdjiakegybtrninynvgt/SourcePackages/checkouts/firebase-ios-sdk
    builtin-infoPlistUtility /Users/dragos/Library/Developer/Xcode/DerivedData/StudyBloom-ciszihuagdjiakegybtrninynvgt/Build/Intermediates.noindex/Firebase.build/Debug-iphonesimulator/Firebase_FirebaseCoreExtension.build/empty-Firebase_FirebaseCoreExtension.plist -producttype com.apple.product-type.bundle -expandbuildsettings -format binary -platform iphonesimulator -o /Users/dragos/Library/Developer/Xcode/DerivedData/StudyBloom-ciszihuagdjiakegybtrninynvgt/Build/Products/Debug-iphonesimulator/Firebase_FirebaseCoreExtension.bundle/Info.plist

ProcessInfoPlistFile /Users/dragos/Library/Developer/Xcode/DerivedData/StudyBloom-ciszihuagdjiakegybtrninynvgt/Build/Products/Debug-iphonesimulator/Firebase_FirebaseCore.bundle/Info.plist /Users/dragos/Library/Developer/Xcode/DerivedData/StudyBloom-ciszihuagdjiakegybtrninynvgt/Build/Intermediates.noindex/Firebase.build/Debug-iphonesimulator/Firebase_FirebaseCore.build/empty-Firebase_FirebaseCore.plist (in target 'Firebase_FirebaseCore' from project 'Firebase')
    cd /Users/dragos/Library/Developer/Xcode/DerivedData/StudyBloom-ciszihuagdjiakegybtrninynvgt/SourcePackages/checkouts/firebase-ios-sdk
    builtin-infoPlistUtility /Users/dragos/Library/Developer/Xcode/DerivedData/StudyBloom-ciszihuagdjiakegybtrninynvgt/Build/Intermediates.noindex/Firebase.build/Debug-iphonesimulator/Firebase_FirebaseCore.build/empty-Firebase_FirebaseCore.plist -producttype com.apple.product-type.bundle -expandbuildsettings -format binary -platform iphonesimulator -o /Users/dragos/Library/Developer/Xcode/DerivedData/StudyBloom-ciszihuagdjiakegybtrninynvgt/Build/Products/Debug-iphonesimulator/Firebase_FirebaseCore.bundle/Info.plist

ProcessInfoPlistFile /Users/dragos/Library/Developer/Xcode/DerivedData/StudyBloom-ciszihuagdjiakegybtrninynvgt/Build/Products/Debug-iphonesimulator/Firebase_FirebaseAuth.bundle/Info.plist /Users/dragos/Library/Developer/Xcode/DerivedData/StudyBloom-ciszihuagdjiakegybtrninynvgt/Build/Intermediates.noindex/Firebase.build/Debug-iphonesimulator/Firebase_FirebaseAuth.build/empty-Firebase_FirebaseAuth.plist (in target 'Firebase_FirebaseAuth' from project 'Firebase')
    cd /Users/dragos/Library/Developer/Xcode/DerivedData/StudyBloom-ciszihuagdjiakegybtrninynvgt/SourcePackages/checkouts/firebase-ios-sdk
    builtin-infoPlistUtility /Users/dragos/Library/Developer/Xcode/DerivedData/StudyBloom-ciszihuagdjiakegybtrninynvgt/Build/Intermediates.noindex/Firebase.build/Debug-iphonesimulator/Firebase_FirebaseAuth.build/empty-Firebase_FirebaseAuth.plist -producttype com.apple.product-type.bundle -expandbuildsettings -format binary -platform iphonesimulator -o /Users/dragos/Library/Developer/Xcode/DerivedData/StudyBloom-ciszihuagdjiakegybtrninynvgt/Build/Products/Debug-iphonesimulator/Firebase_FirebaseAuth.bundle/Info.plist

ProcessProductPackaging /Users/dragos/Development/IOS\ Apps/StudyBloom/StudyBloom/StudyBloom.entitlements /Users/dragos/Library/Developer/Xcode/DerivedData/StudyBloom-ciszihuagdjiakegybtrninynvgt/Build/Intermediates.noindex/StudyBloom.build/Debug-iphonesimulator/StudyBloom.build/StudyBloom.app-Simulated.xcent (in target 'StudyBloom' from project 'StudyBloom')
    cd /Users/dragos/Development/IOS\ Apps/StudyBloom
    
    Entitlements:
    
    {
    "application-identifier" = "V7LM828CW2.com.dimaapps.StudyBloom";
    "com.apple.developer.applesignin" =     (
        Default
    );
}
    
    builtin-productPackagingUtility /Users/dragos/Development/IOS\ Apps/StudyBloom/StudyBloom/StudyBloom.entitlements -entitlements -format xml -o /Users/dragos/Library/Developer/Xcode/DerivedData/StudyBloom-ciszihuagdjiakegybtrninynvgt/Build/Intermediates.noindex/StudyBloom.build/Debug-iphonesimulator/StudyBloom.build/StudyBloom.app-Simulated.xcent

ProcessProductPackaging /Users/dragos/Development/IOS\ Apps/StudyBloom/StudyBloom/StudyBloom.entitlements /Users/dragos/Library/Developer/Xcode/DerivedData/StudyBloom-ciszihuagdjiakegybtrninynvgt/Build/Intermediates.noindex/StudyBloom.build/Debug-iphonesimulator/StudyBloom.build/StudyBloom.app.xcent (in target 'StudyBloom' from project 'StudyBloom')
    cd /Users/dragos/Development/IOS\ Apps/StudyBloom
    
    Entitlements:
    
    {
}
    
    builtin-productPackagingUtility /Users/dragos/Development/IOS\ Apps/StudyBloom/StudyBloom/StudyBloom.entitlements -entitlements -format xml -o /Users/dragos/Library/Developer/Xcode/DerivedData/StudyBloom-ciszihuagdjiakegybtrninynvgt/Build/Intermediates.noindex/StudyBloom.build/Debug-iphonesimulator/StudyBloom.build/StudyBloom.app.xcent

ProcessProductPackagingDER /Users/dragos/Library/Developer/Xcode/DerivedData/StudyBloom-ciszihuagdjiakegybtrninynvgt/Build/Intermediates.noindex/StudyBloom.build/Debug-iphonesimulator/StudyBloom.build/StudyBloom.app-Simulated.xcent /Users/dragos/Library/Developer/Xcode/DerivedData/StudyBloom-ciszihuagdjiakegybtrninynvgt/Build/Intermediates.noindex/StudyBloom.build/Debug-iphonesimulator/StudyBloom.build/StudyBloom.app-Simulated.xcent.der (in target 'StudyBloom' from project 'StudyBloom')
    cd /Users/dragos/Development/IOS\ Apps/StudyBloom
    /usr/bin/derq query -f xml -i /Users/dragos/Library/Developer/Xcode/DerivedData/StudyBloom-ciszihuagdjiakegybtrninynvgt/Build/Intermediates.noindex/StudyBloom.build/Debug-iphonesimulator/StudyBloom.build/StudyBloom.app-Simulated.xcent -o /Users/dragos/Library/Developer/Xcode/DerivedData/StudyBloom-ciszihuagdjiakegybtrninynvgt/Build/Intermediates.noindex/StudyBloom.build/Debug-iphonesimulator/StudyBloom.build/StudyBloom.app-Simulated.xcent.der --raw

ProcessProductPackagingDER /Users/dragos/Library/Developer/Xcode/DerivedData/StudyBloom-ciszihuagdjiakegybtrninynvgt/Build/Intermediates.noindex/StudyBloom.build/Debug-iphonesimulator/StudyBloom.build/StudyBloom.app.xcent /Users/dragos/Library/Developer/Xcode/DerivedData/StudyBloom-ciszihuagdjiakegybtrninynvgt/Build/Intermediates.noindex/StudyBloom.build/Debug-iphonesimulator/StudyBloom.build/StudyBloom.app.xcent.der (in target 'StudyBloom' from project 'StudyBloom')
    cd /Users/dragos/Development/IOS\ Apps/StudyBloom
    /usr/bin/derq query -f xml -i /Users/dragos/Library/Developer/Xcode/DerivedData/StudyBloom-ciszihuagdjiakegybtrninynvgt/Build/Intermediates.noindex/StudyBloom.build/Debug-iphonesimulator/StudyBloom.build/StudyBloom.app.xcent -o /Users/dragos/Library/Developer/Xcode/DerivedData/StudyBloom-ciszihuagdjiakegybtrninynvgt/Build/Intermediates.noindex/StudyBloom.build/Debug-iphonesimulator/StudyBloom.build/StudyBloom.app.xcent.der --raw

Copy /Users/dragos/Library/Developer/Xcode/DerivedData/StudyBloom-ciszihuagdjiakegybtrninynvgt/Build/Products/Debug-iphonesimulator/StudyBloom.app/Firebase_FirebaseInstallations.bundle /Users/dragos/Library/Developer/Xcode/DerivedData/StudyBloom-ciszihuagdjiakegybtrninynvgt/Build/Products/Debug-iphonesimulator/Firebase_FirebaseInstallations.bundle (in target 'StudyBloom' from project 'StudyBloom')
    cd /Users/dragos/Development/IOS\ Apps/StudyBloom
    builtin-copy -exclude .DS_Store -exclude CVS -exclude .svn -exclude .git -exclude .hg -resolve-src-symlinks /Users/dragos/Library/Developer/Xcode/DerivedData/StudyBloom-ciszihuagdjiakegybtrninynvgt/Build/Products/Debug-iphonesimulator/Firebase_FirebaseInstallations.bundle /Users/dragos/Library/Developer/Xcode/DerivedData/StudyBloom-ciszihuagdjiakegybtrninynvgt/Build/Products/Debug-iphonesimulator/StudyBloom.app

Copy /Users/dragos/Library/Developer/Xcode/DerivedData/StudyBloom-ciszihuagdjiakegybtrninynvgt/Build/Products/Debug-iphonesimulator/StudyBloom.app/Firebase_FirebaseFirestore.bundle /Users/dragos/Library/Developer/Xcode/DerivedData/StudyBloom-ciszihuagdjiakegybtrninynvgt/Build/Products/Debug-iphonesimulator/Firebase_FirebaseFirestore.bundle (in target 'StudyBloom' from project 'StudyBloom')
    cd /Users/dragos/Development/IOS\ Apps/StudyBloom
    builtin-copy -exclude .DS_Store -exclude CVS -exclude .svn -exclude .git -exclude .hg -resolve-src-symlinks /Users/dragos/Library/Developer/Xcode/DerivedData/StudyBloom-ciszihuagdjiakegybtrninynvgt/Build/Products/Debug-iphonesimulator/Firebase_FirebaseFirestore.bundle /Users/dragos/Library/Developer/Xcode/DerivedData/StudyBloom-ciszihuagdjiakegybtrninynvgt/Build/Products/Debug-iphonesimulator/StudyBloom.app

Copy /Users/dragos/Library/Developer/Xcode/DerivedData/StudyBloom-ciszihuagdjiakegybtrninynvgt/Build/Products/Debug-iphonesimulator/StudyBloom.app/Firebase_FirebaseCoreInternal.bundle /Users/dragos/Library/Developer/Xcode/DerivedData/StudyBloom-ciszihuagdjiakegybtrninynvgt/Build/Products/Debug-iphonesimulator/Firebase_FirebaseCoreInternal.bundle (in target 'StudyBloom' from project 'StudyBloom')
    cd /Users/dragos/Development/IOS\ Apps/StudyBloom
    builtin-copy -exclude .DS_Store -exclude CVS -exclude .svn -exclude .git -exclude .hg -resolve-src-symlinks /Users/dragos/Library/Developer/Xcode/DerivedData/StudyBloom-ciszihuagdjiakegybtrninynvgt/Build/Products/Debug-iphonesimulator/Firebase_FirebaseCoreInternal.bundle /Users/dragos/Library/Developer/Xcode/DerivedData/StudyBloom-ciszihuagdjiakegybtrninynvgt/Build/Products/Debug-iphonesimulator/StudyBloom.app

Copy /Users/dragos/Library/Developer/Xcode/DerivedData/StudyBloom-ciszihuagdjiakegybtrninynvgt/Build/Products/Debug-iphonesimulator/StudyBloom.app/Firebase_FirebaseCore.bundle /Users/dragos/Library/Developer/Xcode/DerivedData/StudyBloom-ciszihuagdjiakegybtrninynvgt/Build/Products/Debug-iphonesimulator/Firebase_FirebaseCore.bundle (in target 'StudyBloom' from project 'StudyBloom')
    cd /Users/dragos/Development/IOS\ Apps/StudyBloom
    builtin-copy -exclude .DS_Store -exclude CVS -exclude .svn -exclude .git -exclude .hg -resolve-src-symlinks /Users/dragos/Library/Developer/Xcode/DerivedData/StudyBloom-ciszihuagdjiakegybtrninynvgt/Build/Products/Debug-iphonesimulator/Firebase_FirebaseCore.bundle /Users/dragos/Library/Developer/Xcode/DerivedData/StudyBloom-ciszihuagdjiakegybtrninynvgt/Build/Products/Debug-iphonesimulator/StudyBloom.app

Copy /Users/dragos/Library/Developer/Xcode/DerivedData/StudyBloom-ciszihuagdjiakegybtrninynvgt/Build/Products/Debug-iphonesimulator/StudyBloom.app/Firebase_FirebaseCoreExtension.bundle /Users/dragos/Library/Developer/Xcode/DerivedData/StudyBloom-ciszihuagdjiakegybtrninynvgt/Build/Products/Debug-iphonesimulator/Firebase_FirebaseCoreExtension.bundle (in target 'StudyBloom' from project 'StudyBloom')
    cd /Users/dragos/Development/IOS\ Apps/StudyBloom
    builtin-copy -exclude .DS_Store -exclude CVS -exclude .svn -exclude .git -exclude .hg -resolve-src-symlinks /Users/dragos/Library/Developer/Xcode/DerivedData/StudyBloom-ciszihuagdjiakegybtrninynvgt/Build/Products/Debug-iphonesimulator/Firebase_FirebaseCoreExtension.bundle /Users/dragos/Library/Developer/Xcode/DerivedData/StudyBloom-ciszihuagdjiakegybtrninynvgt/Build/Products/Debug-iphonesimulator/StudyBloom.app

Copy /Users/dragos/Library/Developer/Xcode/DerivedData/StudyBloom-ciszihuagdjiakegybtrninynvgt/Build/Products/Debug-iphonesimulator/StudyBloom.app/GoogleUtilities_GoogleUtilities-Reachability.bundle /Users/dragos/Library/Developer/Xcode/DerivedData/StudyBloom-ciszihuagdjiakegybtrninynvgt/Build/Products/Debug-iphonesimulator/GoogleUtilities_GoogleUtilities-Reachability.bundle (in target 'StudyBloom' from project 'StudyBloom')
    cd /Users/dragos/Development/IOS\ Apps/StudyBloom
    builtin-copy -exclude .DS_Store -exclude CVS -exclude .svn -exclude .git -exclude .hg -resolve-src-symlinks /Users/dragos/Library/Developer/Xcode/DerivedData/StudyBloom-ciszihuagdjiakegybtrninynvgt/Build/Products/Debug-iphonesimulator/GoogleUtilities_GoogleUtilities-Reachability.bundle /Users/dragos/Library/Developer/Xcode/DerivedData/StudyBloom-ciszihuagdjiakegybtrninynvgt/Build/Products/Debug-iphonesimulator/StudyBloom.app

Copy /Users/dragos/Library/Developer/Xcode/DerivedData/StudyBloom-ciszihuagdjiakegybtrninynvgt/Build/Products/Debug-iphonesimulator/StudyBloom.app/GTMSessionFetcher_GTMSessionFetcherCore.bundle /Users/dragos/Library/Developer/Xcode/DerivedData/StudyBloom-ciszihuagdjiakegybtrninynvgt/Build/Products/Debug-iphonesimulator/GTMSessionFetcher_GTMSessionFetcherCore.bundle (in target 'StudyBloom' from project 'StudyBloom')
    cd /Users/dragos/Development/IOS\ Apps/StudyBloom
    builtin-copy -exclude .DS_Store -exclude CVS -exclude .svn -exclude .git -exclude .hg -resolve-src-symlinks /Users/dragos/Library/Developer/Xcode/DerivedData/StudyBloom-ciszihuagdjiakegybtrninynvgt/Build/Products/Debug-iphonesimulator/GTMSessionFetcher_GTMSessionFetcherCore.bundle /Users/dragos/Library/Developer/Xcode/DerivedData/StudyBloom-ciszihuagdjiakegybtrninynvgt/Build/Products/Debug-iphonesimulator/StudyBloom.app

Copy /Users/dragos/Library/Developer/Xcode/DerivedData/StudyBloom-ciszihuagdjiakegybtrninynvgt/Build/Products/Debug-iphonesimulator/StudyBloom.app/GoogleUtilities_GoogleUtilities-AppDelegateSwizzler.bundle /Users/dragos/Library/Developer/Xcode/DerivedData/StudyBloom-ciszihuagdjiakegybtrninynvgt/Build/Products/Debug-iphonesimulator/GoogleUtilities_GoogleUtilities-AppDelegateSwizzler.bundle (in target 'StudyBloom' from project 'StudyBloom')
    cd /Users/dragos/Development/IOS\ Apps/StudyBloom
    builtin-copy -exclude .DS_Store -exclude CVS -exclude .svn -exclude .git -exclude .hg -resolve-src-symlinks /Users/dragos/Library/Developer/Xcode/DerivedData/StudyBloom-ciszihuagdjiakegybtrninynvgt/Build/Products/Debug-iphonesimulator/GoogleUtilities_GoogleUtilities-AppDelegateSwizzler.bundle /Users/dragos/Library/Developer/Xcode/DerivedData/StudyBloom-ciszihuagdjiakegybtrninynvgt/Build/Products/Debug-iphonesimulator/StudyBloom.app

Copy /Users/dragos/Library/Developer/Xcode/DerivedData/StudyBloom-ciszihuagdjiakegybtrninynvgt/Build/Products/Debug-iphonesimulator/StudyBloom.app/GoogleUtilities_GoogleUtilities-Environment.bundle /Users/dragos/Library/Developer/Xcode/DerivedData/StudyBloom-ciszihuagdjiakegybtrninynvgt/Build/Products/Debug-iphonesimulator/GoogleUtilities_GoogleUtilities-Environment.bundle (in target 'StudyBloom' from project 'StudyBloom')
    cd /Users/dragos/Development/IOS\ Apps/StudyBloom
    builtin-copy -exclude .DS_Store -exclude CVS -exclude .svn -exclude .git -exclude .hg -resolve-src-symlinks /Users/dragos/Library/Developer/Xcode/DerivedData/StudyBloom-ciszihuagdjiakegybtrninynvgt/Build/Products/Debug-iphonesimulator/GoogleUtilities_GoogleUtilities-Environment.bundle /Users/dragos/Library/Developer/Xcode/DerivedData/StudyBloom-ciszihuagdjiakegybtrninynvgt/Build/Products/Debug-iphonesimulator/StudyBloom.app

Copy /Users/dragos/Library/Developer/Xcode/DerivedData/StudyBloom-ciszihuagdjiakegybtrninynvgt/Build/Products/Debug-iphonesimulator/StudyBloom.app/GoogleUtilities_GoogleUtilities-Logger.bundle /Users/dragos/Library/Developer/Xcode/DerivedData/StudyBloom-ciszihuagdjiakegybtrninynvgt/Build/Products/Debug-iphonesimulator/GoogleUtilities_GoogleUtilities-Logger.bundle (in target 'StudyBloom' from project 'StudyBloom')
    cd /Users/dragos/Development/IOS\ Apps/StudyBloom
    builtin-copy -exclude .DS_Store -exclude CVS -exclude .svn -exclude .git -exclude .hg -resolve-src-symlinks /Users/dragos/Library/Developer/Xcode/DerivedData/StudyBloom-ciszihuagdjiakegybtrninynvgt/Build/Products/Debug-iphonesimulator/GoogleUtilities_GoogleUtilities-Logger.bundle /Users/dragos/Library/Developer/Xcode/DerivedData/StudyBloom-ciszihuagdjiakegybtrninynvgt/Build/Products/Debug-iphonesimulator/StudyBloom.app

SwiftDriver StudyBloom normal arm64 com.apple.xcode.tools.swift.compiler (in target 'StudyBloom' from project 'StudyBloom')
    cd /Users/dragos/Development/IOS\ Apps/StudyBloom
    builtin-SwiftDriver -- /Applications/Xcode.app/Contents/Developer/Toolchains/XcodeDefault.xctoolchain/usr/bin/swiftc -module-name StudyBloom -Onone -enforce-exclusivity\=checked @/Users/dragos/Library/Developer/Xcode/DerivedData/StudyBloom-ciszihuagdjiakegybtrninynvgt/Build/Intermediates.noindex/StudyBloom.build/Debug-iphonesimulator/StudyBloom.build/Objects-normal/arm64/StudyBloom.SwiftFileList -DDEBUG -Xcc -fmodule-map-file\=/Users/dragos/Library/Developer/Xcode/DerivedData/StudyBloom-ciszihuagdjiakegybtrninynvgt/Build/Intermediates.noindex/GeneratedModuleMaps-iphonesimulator/GoogleUtilities-UserDefaults.modulemap -Xcc -fmodule-map-file\=/Users/dragos/Library/Developer/Xcode/DerivedData/StudyBloom-ciszihuagdjiakegybtrninynvgt/Build/Intermediates.noindex/GeneratedModuleMaps-iphonesimulator/GoogleAdsOnDeviceConversionTarget.modulemap -Xcc -fmodule-map-file\=/Users/dragos/Library/Developer/Xcode/DerivedData/StudyBloom-ciszihuagdjiakegybtrninynvgt/Build/Intermediates.noindex/GeneratedModuleMaps-iphonesimulator/GoogleAppMeasurementTarget.modulemap -Xcc -fmodule-map-file\=/Users/dragos/Library/Developer/Xcode/DerivedData/StudyBloom-ciszihuagdjiakegybtrninynvgt/Build/Intermediates.noindex/GeneratedModuleMaps-iphonesimulator/GoogleUtilities-MethodSwizzler.modulemap -Xcc -fmodule-map-file\=/Users/dragos/Library/Developer/Xcode/DerivedData/StudyBloom-ciszihuagdjiakegybtrninynvgt/Build/Intermediates.noindex/GeneratedModuleMaps-iphonesimulator/FirebaseAnalyticsWrapper.modulemap -Xcc -fmodule-map-file\=/Users/dragos/Library/Developer/Xcode/DerivedData/StudyBloom-ciszihuagdjiakegybtrninynvgt/Build/Intermediates.noindex/GeneratedModuleMaps-iphonesimulator/FirebaseInstallations.modulemap -Xcc -fmodule-map-file\=/Users/dragos/Library/Developer/Xcode/DerivedData/StudyBloom-ciszihuagdjiakegybtrninynvgt/Build/Intermediates.noindex/GeneratedModuleMaps-iphonesimulator/FirebaseAnalyticsTarget.modulemap -Xcc -fmodule-map-file\=/Users/dragos/Library/Developer/Xcode/DerivedData/StudyBloom-ciszihuagdjiakegybtrninynvgt/Build/Intermediates.noindex/GeneratedModuleMaps-iphonesimulator/RecaptchaInterop.modulemap -Xcc -fmodule-map-file\=/Users/dragos/Library/Developer/Xcode/DerivedData/StudyBloom-ciszihuagdjiakegybtrninynvgt/Build/Intermediates.noindex/GeneratedModuleMaps-iphonesimulator/GoogleUtilities-Network.modulemap -Xcc -fmodule-map-file\=/Users/dragos/Library/Developer/Xcode/DerivedData/StudyBloom-ciszihuagdjiakegybtrninynvgt/Build/Intermediates.noindex/GeneratedModuleMaps-iphonesimulator/GoogleUtilities-Reachability.modulemap -Xcc -fmodule-map-file\=/Users/dragos/Library/Developer/Xcode/DerivedData/StudyBloom-ciszihuagdjiakegybtrninynvgt/Build/Intermediates.noindex/GeneratedModuleMaps-iphonesimulator/GoogleUtilities-AppDelegateSwizzler.modulemap -Xcc -fmodule-map-file\=/Users/dragos/Library/Developer/Xcode/DerivedData/StudyBloom-ciszihuagdjiakegybtrninynvgt/Build/Intermediates.noindex/GeneratedModuleMaps-iphonesimulator/GTMSessionFetcherCore.modulemap -Xcc -fmodule-map-file\=/Users/dragos/Library/Developer/Xcode/DerivedData/StudyBloom-ciszihuagdjiakegybtrninynvgt/Build/Intermediates.noindex/GeneratedModuleMaps-iphonesimulator/FirebaseAuthInternal.modulemap -Xcc -fmodule-map-file\=/Users/dragos/Library/Developer/Xcode/DerivedData/StudyBloom-ciszihuagdjiakegybtrninynvgt/Build/Intermediates.noindex/GeneratedModuleMaps-iphonesimulator/FirebaseAuthInterop.modulemap -Xcc -fmodule-map-file\=/Users/dragos/Library/Developer/Xcode/DerivedData/StudyBloom-ciszihuagdjiakegybtrninynvgt/Build/Intermediates.noindex/GeneratedModuleMaps-iphonesimulator/GoogleUtilities-NSData.modulemap -Xcc -fmodule-map-file\=/Users/dragos/Library/Developer/Xcode/DerivedData/StudyBloom-ciszihuagdjiakegybtrninynvgt/Build/Intermediates.noindex/GeneratedModuleMaps-iphonesimulator/GoogleUtilities-Environment.modulemap -Xcc -fmodule-map-file\=/Users/dragos/Library/Developer/Xcode/DerivedData/StudyBloom-ciszihuagdjiakegybtrninynvgt/Build/Intermediates.noindex/GeneratedModuleMaps-iphonesimulator/third-party-IsAppEncrypted.modulemap -Xcc -fmodule-map-file\=/Users/dragos/Library/Developer/Xcode/DerivedData/StudyBloom-ciszihuagdjiakegybtrninynvgt/Build/Intermediates.noindex/GeneratedModuleMaps-iphonesimulator/GoogleUtilities-Logger.modulemap -Xcc -fmodule-map-file\=/Users/dragos/Library/Developer/Xcode/DerivedData/StudyBloom-ciszihuagdjiakegybtrninynvgt/Build/Intermediates.noindex/GeneratedModuleMaps-iphonesimulator/abslWrapper.modulemap -Xcc -fmodule-map-file\=/Users/dragos/Library/Developer/Xcode/DerivedData/StudyBloom-ciszihuagdjiakegybtrninynvgt/Build/Intermediates.noindex/GeneratedModuleMaps-iphonesimulator/opensslWrapper.modulemap -Xcc -fmodule-map-file\=/Users/dragos/Library/Developer/Xcode/DerivedData/StudyBloom-ciszihuagdjiakegybtrninynvgt/Build/Intermediates.noindex/GeneratedModuleMaps-iphonesimulator/grpcWrapper.modulemap -Xcc -fmodule-map-file\=/Users/dragos/Library/Developer/Xcode/DerivedData/StudyBloom-ciszihuagdjiakegybtrninynvgt/Build/Intermediates.noindex/GeneratedModuleMaps-iphonesimulator/grpcppWrapper.modulemap -Xcc -fmodule-map-file\=/Users/dragos/Library/Developer/Xcode/DerivedData/StudyBloom-ciszihuagdjiakegybtrninynvgt/Build/Intermediates.noindex/GeneratedModuleMaps-iphonesimulator/nanopb.modulemap -Xcc -fmodule-map-file\=/Users/dragos/Library/Developer/Xcode/DerivedData/StudyBloom-ciszihuagdjiakegybtrninynvgt/Build/Intermediates.noindex/GeneratedModuleMaps-iphonesimulator/leveldb.modulemap -Xcc -fmodule-map-file\=/Users/dragos/Library/Developer/Xcode/DerivedData/StudyBloom-ciszihuagdjiakegybtrninynvgt/Build/Intermediates.noindex/GeneratedModuleMaps-iphonesimulator/FirebaseCoreExtension.modulemap -Xcc -fmodule-map-file\=/Users/dragos/Library/Developer/Xcode/DerivedData/StudyBloom-ciszihuagdjiakegybtrninynvgt/Build/Intermediates.noindex/GeneratedModuleMaps-iphonesimulator/FirebaseCore.modulemap -Xcc -fmodule-map-file\=/Users/dragos/Library/Developer/Xcode/DerivedData/StudyBloom-ciszihuagdjiakegybtrninynvgt/Build/Intermediates.noindex/GeneratedModuleMaps-iphonesimulator/FirebaseAppCheckInterop.modulemap -Xcc -fmodule-map-file\=/Users/dragos/Library/Developer/Xcode/DerivedData/StudyBloom-ciszihuagdjiakegybtrninynvgt/Build/Intermediates.noindex/GeneratedModuleMaps-iphonesimulator/FirebaseFirestoreInternalWrapper.modulemap -Xcc -fmodule-map-file\=/Users/dragos/Library/Developer/Xcode/DerivedData/StudyBloom-ciszihuagdjiakegybtrninynvgt/Build/Intermediates.noindex/GeneratedModuleMaps-iphonesimulator/FirebaseFirestoreTarget.modulemap -default-isolation\=MainActor -enable-bare-slash-regex -enable-upcoming-feature DisableOutwardActorInference -enable-upcoming-feature InferSendableFromCaptures -enable-upcoming-feature GlobalActorIsolatedTypesUsability -enable-upcoming-feature MemberImportVisibility -enable-upcoming-feature InferIsolatedConformances -enable-upcoming-feature NonisolatedNonsendingByDefault -enable-experimental-feature DebugDescriptionMacro -sdk /Applications/Xcode.app/Contents/Developer/Platforms/iPhoneSimulator.platform/Developer/SDKs/iPhoneSimulator26.1.sdk -target arm64-apple-ios18.6-simulator -g -module-cache-path /Users/dragos/Library/Developer/Xcode/DerivedData/ModuleCache.noindex -Xfrontend -serialize-debugging-options -enable-testing -index-store-path /Users/dragos/Library/Developer/Xcode/DerivedData/StudyBloom-ciszihuagdjiakegybtrninynvgt/Index.noindex/DataStore -Xcc -D_LIBCPP_HARDENING_MODE\=_LIBCPP_HARDENING_MODE_DEBUG -swift-version 5 -I /Users/dragos/Library/Developer/Xcode/DerivedData/StudyBloom-ciszihuagdjiakegybtrninynvgt/Build/Products/Debug-iphonesimulator -F /Users/dragos/Library/Developer/Xcode/DerivedData/StudyBloom-ciszihuagdjiakegybtrninynvgt/Build/Products/Debug-iphonesimulator/PackageFrameworks -F /Users/dragos/Library/Developer/Xcode/DerivedData/StudyBloom-ciszihuagdjiakegybtrninynvgt/Build/Products/Debug-iphonesimulator/PackageFrameworks -F /Users/dragos/Library/Developer/Xcode/DerivedData/StudyBloom-ciszihuagdjiakegybtrninynvgt/Build/Products/Debug-iphonesimulator/PackageFrameworks -F /Users/dragos/Library/Developer/Xcode/DerivedData/StudyBloom-ciszihuagdjiakegybtrninynvgt/Build/Products/Debug-iphonesimulator/PackageFrameworks -F /Users/dragos/Library/Developer/Xcode/DerivedData/StudyBloom-ciszihuagdjiakegybtrninynvgt/Build/Products/Debug-iphonesimulator/PackageFrameworks -F /Users/dragos/Library/Developer/Xcode/DerivedData/StudyBloom-ciszihuagdjiakegybtrninynvgt/Build/Products/Debug-iphonesimulator/PackageFrameworks -F /Users/dragos/Library/Developer/Xcode/DerivedData/StudyBloom-ciszihuagdjiakegybtrninynvgt/Build/Products/Debug-iphonesimulator/PackageFrameworks -F /Users/dragos/Library/Developer/Xcode/DerivedData/StudyBloom-ciszihuagdjiakegybtrninynvgt/Build/Products/Debug-iphonesimulator/PackageFrameworks -F /Users/dragos/Library/Developer/Xcode/DerivedData/StudyBloom-ciszihuagdjiakegybtrninynvgt/Build/Products/Debug-iphonesimulator/PackageFrameworks -F /Users/dragos/Library/Developer/Xcode/DerivedData/StudyBloom-ciszihuagdjiakegybtrninynvgt/Build/Products/Debug-iphonesimulator/PackageFrameworks -F /Users/dragos/Library/Developer/Xcode/DerivedData/StudyBloom-ciszihuagdjiakegybtrninynvgt/Build/Products/Debug-iphonesimulator/PackageFrameworks -F /Users/dragos/Library/Developer/Xcode/DerivedData/StudyBloom-ciszihuagdjiakegybtrninynvgt/Build/Products/Debug-iphonesimulator/PackageFrameworks -F /Users/dragos/Library/Developer/Xcode/DerivedData/StudyBloom-ciszihuagdjiakegybtrninynvgt/Build/Products/Debug-iphonesimulator/PackageFrameworks -F /Users/dragos/Library/Developer/Xcode/DerivedData/StudyBloom-ciszihuagdjiakegybtrninynvgt/Build/Products/Debug-iphonesimulator/PackageFrameworks -F /Users/dragos/Library/Developer/Xcode/DerivedData/StudyBloom-ciszihuagdjiakegybtrninynvgt/Build/Products/Debug-iphonesimulator/PackageFrameworks -F /Users/dragos/Library/Developer/Xcode/DerivedData/StudyBloom-ciszihuagdjiakegybtrninynvgt/Build/Products/Debug-iphonesimulator/PackageFrameworks -F /Users/dragos/Library/Developer/Xcode/DerivedData/StudyBloom-ciszihuagdjiakegybtrninynvgt/Build/Products/Debug-iphonesimulator/PackageFrameworks -F /Users/dragos/Library/Developer/Xcode/DerivedData/StudyBloom-ciszihuagdjiakegybtrninynvgt/Build/Products/Debug-iphonesimulator/PackageFrameworks -F /Users/dragos/Library/Developer/Xcode/DerivedData/StudyBloom-ciszihuagdjiakegybtrninynvgt/Build/Products/Debug-iphonesimulator/PackageFrameworks -F /Users/dragos/Library/Developer/Xcode/DerivedData/StudyBloom-ciszihuagdjiakegybtrninynvgt/Build/Products/Debug-iphonesimulator/PackageFrameworks -F /Users/dragos/Library/Developer/Xcode/DerivedData/StudyBloom-ciszihuagdjiakegybtrninynvgt/Build/Products/Debug-iphonesimulator/PackageFrameworks -F /Users/dragos/Library/Developer/Xcode/DerivedData/StudyBloom-ciszihuagdjiakegybtrninynvgt/Build/Products/Debug-iphonesimulator/PackageFrameworks -F /Users/dragos/Library/Developer/Xcode/DerivedData/StudyBloom-ciszihuagdjiakegybtrninynvgt/Build/Products/Debug-iphonesimulator/PackageFrameworks -F /Users/dragos/Library/Developer/Xcode/DerivedData/StudyBloom-ciszihuagdjiakegybtrninynvgt/Build/Products/Debug-iphonesimulator/PackageFrameworks -F /Users/dragos/Library/Developer/Xcode/DerivedData/StudyBloom-ciszihuagdjiakegybtrninynvgt/Build/Products/Debug-iphonesimulator/PackageFrameworks -F /Users/dragos/Library/Developer/Xcode/DerivedData/StudyBloom-ciszihuagdjiakegybtrninynvgt/Build/Products/Debug-iphonesimulator/PackageFrameworks -F /Users/dragos/Library/Developer/Xcode/DerivedData/StudyBloom-ciszihuagdjiakegybtrninynvgt/Build/Products/Debug-iphonesimulator/PackageFrameworks -F /Users/dragos/Library/Developer/Xcode/DerivedData/StudyBloom-ciszihuagdjiakegybtrninynvgt/Build/Products/Debug-iphonesimulator/PackageFrameworks -F /Users/dragos/Library/Developer/Xcode/DerivedData/StudyBloom-ciszihuagdjiakegybtrninynvgt/Build/Products/Debug-iphonesimulator/PackageFrameworks -F /Users/dragos/Library/Developer/Xcode/DerivedData/StudyBloom-ciszihuagdjiakegybtrninynvgt/Build/Products/Debug-iphonesimulator/PackageFrameworks -F /Users/dragos/Library/Developer/Xcode/DerivedData/StudyBloom-ciszihuagdjiakegybtrninynvgt/Build/Products/Debug-iphonesimulator/PackageFrameworks -F /Users/dragos/Library/Developer/Xcode/DerivedData/StudyBloom-ciszihuagdjiakegybtrninynvgt/Build/Products/Debug-iphonesimulator/PackageFrameworks -F /Users/dragos/Library/Developer/Xcode/DerivedData/StudyBloom-ciszihuagdjiakegybtrninynvgt/Build/Products/Debug-iphonesimulator/PackageFrameworks -F /Users/dragos/Library/Developer/Xcode/DerivedData/StudyBloom-ciszihuagdjiakegybtrninynvgt/Build/Products/Debug-iphonesimulator/PackageFrameworks -F /Users/dragos/Library/Developer/Xcode/DerivedData/StudyBloom-ciszihuagdjiakegybtrninynvgt/Build/Products/Debug-iphonesimulator/PackageFrameworks -F /Users/dragos/Library/Developer/Xcode/DerivedData/StudyBloom-ciszihuagdjiakegybtrninynvgt/Build/Products/Debug-iphonesimulator -emit-localized-strings -emit-localized-strings-path /Users/dragos/Library/Developer/Xcode/DerivedData/StudyBloom-ciszihuagdjiakegybtrninynvgt/Build/Intermediates.noindex/StudyBloom.build/Debug-iphonesimulator/StudyBloom.build/Objects-normal/arm64 -c -j10 -enable-batch-mode -incremental -Xcc -ivfsstatcache -Xcc /Users/dragos/Library/Developer/Xcode/DerivedData/SDKStatCaches.noindex/iphonesimulator26.1-23B77-90cf18a4295e390e64c810bc6bd7acbc.sdkstatcache -output-file-map /Users/dragos/Library/Developer/Xcode/DerivedData/StudyBloom-ciszihuagdjiakegybtrninynvgt/Build/Intermediates.noindex/StudyBloom.build/Debug-iphonesimulator/StudyBloom.build/Objects-normal/arm64/StudyBloom-OutputFileMap.json -use-frontend-parseable-output -save-temps -no-color-diagnostics -explicit-module-build -module-cache-path /Users/dragos/Library/Developer/Xcode/DerivedData/StudyBloom-ciszihuagdjiakegybtrninynvgt/Build/Intermediates.noindex/SwiftExplicitPrecompiledModules -clang-scanner-module-cache-path /Users/dragos/Library/Developer/Xcode/DerivedData/ModuleCache.noindex -sdk-module-cache-path /Users/dragos/Library/Developer/Xcode/DerivedData/ModuleCache.noindex -serialize-diagnostics -emit-dependencies -emit-module -emit-module-path /Users/dragos/Library/Developer/Xcode/DerivedData/StudyBloom-ciszihuagdjiakegybtrninynvgt/Build/Intermediates.noindex/StudyBloom.build/Debug-iphonesimulator/StudyBloom.build/Objects-normal/arm64/StudyBloom.swiftmodule -validate-clang-modules-once -clang-build-session-file /Users/dragos/Library/Developer/Xcode/DerivedData/ModuleCache.noindex/Session.modulevalidation -Xcc -I/Users/dragos/Library/Developer/Xcode/DerivedData/StudyBloom-ciszihuagdjiakegybtrninynvgt/Build/Intermediates.noindex/StudyBloom.build/Debug-iphonesimulator/StudyBloom.build/swift-overrides.hmap -emit-const-values -Xfrontend -const-gather-protocols-file -Xfrontend /Users/dragos/Library/Developer/Xcode/DerivedData/StudyBloom-ciszihuagdjiakegybtrninynvgt/Build/Intermediates.noindex/StudyBloom.build/Debug-iphonesimulator/StudyBloom.build/Objects-normal/arm64/StudyBloom_const_extract_protocols.json -Xcc -iquote -Xcc /Users/dragos/Library/Developer/Xcode/DerivedData/StudyBloom-ciszihuagdjiakegybtrninynvgt/Build/Intermediates.noindex/StudyBloom.build/Debug-iphonesimulator/StudyBloom.build/StudyBloom-generated-files.hmap -Xcc -I/Users/dragos/Library/Developer/Xcode/DerivedData/StudyBloom-ciszihuagdjiakegybtrninynvgt/Build/Intermediates.noindex/StudyBloom.build/Debug-iphonesimulator/StudyBloom.build/StudyBloom-own-target-headers.hmap -Xcc -I/Users/dragos/Library/Developer/Xcode/DerivedData/StudyBloom-ciszihuagdjiakegybtrninynvgt/Build/Intermediates.noindex/StudyBloom.build/Debug-iphonesimulator/StudyBloom.build/StudyBloom-all-non-framework-target-headers.hmap -Xcc -ivfsoverlay -Xcc /Users/dragos/Library/Developer/Xcode/DerivedData/StudyBloom-ciszihuagdjiakegybtrninynvgt/Build/Intermediates.noindex/StudyBloom.build/Debug-iphonesimulator/StudyBloom-d7e10cd131fe7b6cbda9b8117a329ffa-VFS-iphonesimulator/all-product-headers.yaml -Xcc -iquote -Xcc /Users/dragos/Library/Developer/Xcode/DerivedData/StudyBloom-ciszihuagdjiakegybtrninynvgt/Build/Intermediates.noindex/StudyBloom.build/Debug-iphonesimulator/StudyBloom.build/StudyBloom-project-headers.hmap -Xcc -I/Users/dragos/Library/Developer/Xcode/DerivedData/StudyBloom-ciszihuagdjiakegybtrninynvgt/SourcePackages/checkouts/promises/Sources/FBLPromises/include -Xcc -I/Users/dragos/Library/Developer/Xcode/DerivedData/StudyBloom-ciszihuagdjiakegybtrninynvgt/SourcePackages/checkouts/GoogleUtilities/GoogleUtilities/UserDefaults/Public -Xcc -I/Users/dragos/Library/Developer/Xcode/DerivedData/StudyBloom-ciszihuagdjiakegybtrninynvgt/SourcePackages/checkouts/google-ads-on-device-conversion-ios-sdk/GoogleAdsOnDeviceConversionWrapper/include -Xcc -I/Users/dragos/Library/Developer/Xcode/DerivedData/StudyBloom-ciszihuagdjiakegybtrninynvgt/SourcePackages/checkouts/GoogleAppMeasurement/GoogleAppMeasurementWrapper/include -Xcc -I/Users/dragos/Library/Developer/Xcode/DerivedData/StudyBloom-ciszihuagdjiakegybtrninynvgt/SourcePackages/checkouts/GoogleUtilities/GoogleUtilities/MethodSwizzler/Public -Xcc -I/Users/dragos/Library/Developer/Xcode/DerivedData/StudyBloom-ciszihuagdjiakegybtrninynvgt/SourcePackages/checkouts/firebase-ios-sdk/FirebaseAnalyticsWrapper/include -Xcc -I/Users/dragos/Library/Developer/Xcode/DerivedData/StudyBloom-ciszihuagdjiakegybtrninynvgt/SourcePackages/checkouts/firebase-ios-sdk/FirebaseInstallations/Source/Library/Public -Xcc -I/Users/dragos/Library/Developer/Xcode/DerivedData/StudyBloom-ciszihuagdjiakegybtrninynvgt/SourcePackages/checkouts/firebase-ios-sdk/SwiftPM-PlatformExclude/FirebaseAnalyticsWrap/include -Xcc -I/Users/dragos/Library/Developer/Xcode/DerivedData/StudyBloom-ciszihuagdjiakegybtrninynvgt/SourcePackages/checkouts/interop-ios-for-google-sdks/RecaptchaEnterprise/RecaptchaInterop/Public -Xcc -I/Users/dragos/Library/Developer/Xcode/DerivedData/StudyBloom-ciszihuagdjiakegybtrninynvgt/SourcePackages/checkouts/GoogleUtilities/GoogleUtilities/Network/Public -Xcc -I/Users/dragos/Library/Developer/Xcode/DerivedData/StudyBloom-ciszihuagdjiakegybtrninynvgt/SourcePackages/checkouts/GoogleUtilities/GoogleUtilities/Reachability/Public -Xcc -I/Users/dragos/Library/Developer/Xcode/DerivedData/StudyBloom-ciszihuagdjiakegybtrninynvgt/SourcePackages/checkouts/GoogleUtilities/GoogleUtilities/AppDelegateSwizzler/Public -Xcc -I/Users/dragos/Library/Developer/Xcode/DerivedData/StudyBloom-ciszihuagdjiakegybtrninynvgt/SourcePackages/checkouts/gtm-session-fetcher/Sources/Core/Public -Xcc -I/Users/dragos/Library/Developer/Xcode/DerivedData/StudyBloom-ciszihuagdjiakegybtrninynvgt/SourcePackages/checkouts/firebase-ios-sdk/FirebaseAuth/Sources/Public -Xcc -I/Users/dragos/Library/Developer/Xcode/DerivedData/StudyBloom-ciszihuagdjiakegybtrninynvgt/SourcePackages/checkouts/firebase-ios-sdk/FirebaseAuth/Interop/Public -Xcc -I/Users/dragos/Library/Developer/Xcode/DerivedData/StudyBloom-ciszihuagdjiakegybtrninynvgt/SourcePackages/checkouts/GoogleUtilities/GoogleUtilities/NSData+zlib/Public -Xcc -I/Users/dragos/Library/Developer/Xcode/DerivedData/StudyBloom-ciszihuagdjiakegybtrninynvgt/SourcePackages/checkouts/GoogleUtilities/GoogleUtilities/Environment/Public -Xcc -I/Users/dragos/Library/Developer/Xcode/DerivedData/StudyBloom-ciszihuagdjiakegybtrninynvgt/SourcePackages/checkouts/GoogleUtilities/third_party/IsAppEncrypted/Public -Xcc -I/Users/dragos/Library/Developer/Xcode/DerivedData/StudyBloom-ciszihuagdjiakegybtrninynvgt/SourcePackages/checkouts/GoogleUtilities/GoogleUtilities/Logger/Public -Xcc -I/Users/dragos/Library/Developer/Xcode/DerivedData/StudyBloom-ciszihuagdjiakegybtrninynvgt/SourcePackages/checkouts/abseil-cpp-binary/absl-Wrapper/include -Xcc -I/Users/dragos/Library/Developer/Xcode/DerivedData/StudyBloom-ciszihuagdjiakegybtrninynvgt/SourcePackages/checkouts/grpc-binary/openssl-grpc-Wrapper/include -Xcc -I/Users/dragos/Library/Developer/Xcode/DerivedData/StudyBloom-ciszihuagdjiakegybtrninynvgt/SourcePackages/checkouts/grpc-binary/grpc-Wrapper/include -Xcc -I/Users/dragos/Library/Developer/Xcode/DerivedData/StudyBloom-ciszihuagdjiakegybtrninynvgt/SourcePackages/checkouts/grpc-binary/grpcpp-Wrapper/include -Xcc -I/Users/dragos/Library/Developer/Xcode/DerivedData/StudyBloom-ciszihuagdjiakegybtrninynvgt/SourcePackages/checkouts/nanopb/spm_headers -Xcc -I/Users/dragos/Library/Developer/Xcode/DerivedData/StudyBloom-ciszihuagdjiakegybtrninynvgt/SourcePackages/checkouts/leveldb/include -Xcc -I/Users/dragos/Library/Developer/Xcode/DerivedData/StudyBloom-ciszihuagdjiakegybtrninynvgt/SourcePackages/checkouts/firebase-ios-sdk/FirebaseCore/Extension -Xcc -I/Users/dragos/Library/Developer/Xcode/DerivedData/StudyBloom-ciszihuagdjiakegybtrninynvgt/SourcePackages/checkouts/firebase-ios-sdk/FirebaseCore/Sources/Public -Xcc -I/Users/dragos/Library/Developer/Xcode/DerivedData/StudyBloom-ciszihuagdjiakegybtrninynvgt/SourcePackages/checkouts/firebase-ios-sdk/CoreOnly/Sources -Xcc -I/Users/dragos/Library/Developer/Xcode/DerivedData/StudyBloom-ciszihuagdjiakegybtrninynvgt/SourcePackages/checkouts/firebase-ios-sdk/FirebaseAppCheck/Interop/Public -Xcc -I/Users/dragos/Library/Developer/Xcode/DerivedData/StudyBloom-ciszihuagdjiakegybtrninynvgt/SourcePackages/checkouts/firebase-ios-sdk/FirebaseFirestoreInternal -Xcc -I/Users/dragos/Library/Developer/Xcode/DerivedData/StudyBloom-ciszihuagdjiakegybtrninynvgt/SourcePackages/checkouts/firebase-ios-sdk/SwiftPM-PlatformExclude/FirebaseFirestoreWrap/include -Xcc -I/Users/dragos/Library/Developer/Xcode/DerivedData/StudyBloom-ciszihuagdjiakegybtrninynvgt/Build/Products/Debug-iphonesimulator/include -Xcc -I/Users/dragos/Library/Developer/Xcode/DerivedData/StudyBloom-ciszihuagdjiakegybtrninynvgt/Build/Intermediates.noindex/StudyBloom.build/Debug-iphonesimulator/StudyBloom.build/DerivedSources-normal/arm64 -Xcc -I/Users/dragos/Library/Developer/Xcode/DerivedData/StudyBloom-ciszihuagdjiakegybtrninynvgt/Build/Intermediates.noindex/StudyBloom.build/Debug-iphonesimulator/StudyBloom.build/DerivedSources/arm64 -Xcc -I/Users/dragos/Library/Developer/Xcode/DerivedData/StudyBloom-ciszihuagdjiakegybtrninynvgt/Build/Intermediates.noindex/StudyBloom.build/Debug-iphonesimulator/StudyBloom.build/DerivedSources -Xcc -DDEBUG\=1 -emit-objc-header -emit-objc-header-path /Users/dragos/Library/Developer/Xcode/DerivedData/StudyBloom-ciszihuagdjiakegybtrninynvgt/Build/Intermediates.noindex/StudyBloom.build/Debug-iphonesimulator/StudyBloom.build/Objects-normal/arm64/StudyBloom-Swift.h -working-directory /Users/dragos/Development/IOS\ Apps/StudyBloom -experimental-emit-module-separately -disable-cmo

SwiftDriver StudyBloom normal x86_64 com.apple.xcode.tools.swift.compiler (in target 'StudyBloom' from project 'StudyBloom')
    cd /Users/dragos/Development/IOS\ Apps/StudyBloom
    builtin-SwiftDriver -- /Applications/Xcode.app/Contents/Developer/Toolchains/XcodeDefault.xctoolchain/usr/bin/swiftc -module-name StudyBloom -Onone -enforce-exclusivity\=checked @/Users/dragos/Library/Developer/Xcode/DerivedData/StudyBloom-ciszihuagdjiakegybtrninynvgt/Build/Intermediates.noindex/StudyBloom.build/Debug-iphonesimulator/StudyBloom.build/Objects-normal/x86_64/StudyBloom.SwiftFileList -DDEBUG -Xcc -fmodule-map-file\=/Users/dragos/Library/Developer/Xcode/DerivedData/StudyBloom-ciszihuagdjiakegybtrninynvgt/Build/Intermediates.noindex/GeneratedModuleMaps-iphonesimulator/GoogleUtilities-UserDefaults.modulemap -Xcc -fmodule-map-file\=/Users/dragos/Library/Developer/Xcode/DerivedData/StudyBloom-ciszihuagdjiakegybtrninynvgt/Build/Intermediates.noindex/GeneratedModuleMaps-iphonesimulator/GoogleAdsOnDeviceConversionTarget.modulemap -Xcc -fmodule-map-file\=/Users/dragos/Library/Developer/Xcode/DerivedData/StudyBloom-ciszihuagdjiakegybtrninynvgt/Build/Intermediates.noindex/GeneratedModuleMaps-iphonesimulator/GoogleAppMeasurementTarget.modulemap -Xcc -fmodule-map-file\=/Users/dragos/Library/Developer/Xcode/DerivedData/StudyBloom-ciszihuagdjiakegybtrninynvgt/Build/Intermediates.noindex/GeneratedModuleMaps-iphonesimulator/GoogleUtilities-MethodSwizzler.modulemap -Xcc -fmodule-map-file\=/Users/dragos/Library/Developer/Xcode/DerivedData/StudyBloom-ciszihuagdjiakegybtrninynvgt/Build/Intermediates.noindex/GeneratedModuleMaps-iphonesimulator/FirebaseAnalyticsWrapper.modulemap -Xcc -fmodule-map-file\=/Users/dragos/Library/Developer/Xcode/DerivedData/StudyBloom-ciszihuagdjiakegybtrninynvgt/Build/Intermediates.noindex/GeneratedModuleMaps-iphonesimulator/FirebaseInstallations.modulemap -Xcc -fmodule-map-file\=/Users/dragos/Library/Developer/Xcode/DerivedData/StudyBloom-ciszihuagdjiakegybtrninynvgt/Build/Intermediates.noindex/GeneratedModuleMaps-iphonesimulator/FirebaseAnalyticsTarget.modulemap -Xcc -fmodule-map-file\=/Users/dragos/Library/Developer/Xcode/DerivedData/StudyBloom-ciszihuagdjiakegybtrninynvgt/Build/Intermediates.noindex/GeneratedModuleMaps-iphonesimulator/RecaptchaInterop.modulemap -Xcc -fmodule-map-file\=/Users/dragos/Library/Developer/Xcode/DerivedData/StudyBloom-ciszihuagdjiakegybtrninynvgt/Build/Intermediates.noindex/GeneratedModuleMaps-iphonesimulator/GoogleUtilities-Network.modulemap -Xcc -fmodule-map-file\=/Users/dragos/Library/Developer/Xcode/DerivedData/StudyBloom-ciszihuagdjiakegybtrninynvgt/Build/Intermediates.noindex/GeneratedModuleMaps-iphonesimulator/GoogleUtilities-Reachability.modulemap -Xcc -fmodule-map-file\=/Users/dragos/Library/Developer/Xcode/DerivedData/StudyBloom-ciszihuagdjiakegybtrninynvgt/Build/Intermediates.noindex/GeneratedModuleMaps-iphonesimulator/GoogleUtilities-AppDelegateSwizzler.modulemap -Xcc -fmodule-map-file\=/Users/dragos/Library/Developer/Xcode/DerivedData/StudyBloom-ciszihuagdjiakegybtrninynvgt/Build/Intermediates.noindex/GeneratedModuleMaps-iphonesimulator/GTMSessionFetcherCore.modulemap -Xcc -fmodule-map-file\=/Users/dragos/Library/Developer/Xcode/DerivedData/StudyBloom-ciszihuagdjiakegybtrninynvgt/Build/Intermediates.noindex/GeneratedModuleMaps-iphonesimulator/FirebaseAuthInternal.modulemap -Xcc -fmodule-map-file\=/Users/dragos/Library/Developer/Xcode/DerivedData/StudyBloom-ciszihuagdjiakegybtrninynvgt/Build/Intermediates.noindex/GeneratedModuleMaps-iphonesimulator/FirebaseAuthInterop.modulemap -Xcc -fmodule-map-file\=/Users/dragos/Library/Developer/Xcode/DerivedData/StudyBloom-ciszihuagdjiakegybtrninynvgt/Build/Intermediates.noindex/GeneratedModuleMaps-iphonesimulator/GoogleUtilities-NSData.modulemap -Xcc -fmodule-map-file\=/Users/dragos/Library/Developer/Xcode/DerivedData/StudyBloom-ciszihuagdjiakegybtrninynvgt/Build/Intermediates.noindex/GeneratedModuleMaps-iphonesimulator/GoogleUtilities-Environment.modulemap -Xcc -fmodule-map-file\=/Users/dragos/Library/Developer/Xcode/DerivedData/StudyBloom-ciszihuagdjiakegybtrninynvgt/Build/Intermediates.noindex/GeneratedModuleMaps-iphonesimulator/third-party-IsAppEncrypted.modulemap -Xcc -fmodule-map-file\=/Users/dragos/Library/Developer/Xcode/DerivedData/StudyBloom-ciszihuagdjiakegybtrninynvgt/Build/Intermediates.noindex/GeneratedModuleMaps-iphonesimulator/GoogleUtilities-Logger.modulemap -Xcc -fmodule-map-file\=/Users/dragos/Library/Developer/Xcode/DerivedData/StudyBloom-ciszihuagdjiakegybtrninynvgt/Build/Intermediates.noindex/GeneratedModuleMaps-iphonesimulator/abslWrapper.modulemap -Xcc -fmodule-map-file\=/Users/dragos/Library/Developer/Xcode/DerivedData/StudyBloom-ciszihuagdjiakegybtrninynvgt/Build/Intermediates.noindex/GeneratedModuleMaps-iphonesimulator/opensslWrapper.modulemap -Xcc -fmodule-map-file\=/Users/dragos/Library/Developer/Xcode/DerivedData/StudyBloom-ciszihuagdjiakegybtrninynvgt/Build/Intermediates.noindex/GeneratedModuleMaps-iphonesimulator/grpcWrapper.modulemap -Xcc -fmodule-map-file\=/Users/dragos/Library/Developer/Xcode/DerivedData/StudyBloom-ciszihuagdjiakegybtrninynvgt/Build/Intermediates.noindex/GeneratedModuleMaps-iphonesimulator/grpcppWrapper.modulemap -Xcc -fmodule-map-file\=/Users/dragos/Library/Developer/Xcode/DerivedData/StudyBloom-ciszihuagdjiakegybtrninynvgt/Build/Intermediates.noindex/GeneratedModuleMaps-iphonesimulator/nanopb.modulemap -Xcc -fmodule-map-file\=/Users/dragos/Library/Developer/Xcode/DerivedData/StudyBloom-ciszihuagdjiakegybtrninynvgt/Build/Intermediates.noindex/GeneratedModuleMaps-iphonesimulator/leveldb.modulemap -Xcc -fmodule-map-file\=/Users/dragos/Library/Developer/Xcode/DerivedData/StudyBloom-ciszihuagdjiakegybtrninynvgt/Build/Intermediates.noindex/GeneratedModuleMaps-iphonesimulator/FirebaseCoreExtension.modulemap -Xcc -fmodule-map-file\=/Users/dragos/Library/Developer/Xcode/DerivedData/StudyBloom-ciszihuagdjiakegybtrninynvgt/Build/Intermediates.noindex/GeneratedModuleMaps-iphonesimulator/FirebaseCore.modulemap -Xcc -fmodule-map-file\=/Users/dragos/Library/Developer/Xcode/DerivedData/StudyBloom-ciszihuagdjiakegybtrninynvgt/Build/Intermediates.noindex/GeneratedModuleMaps-iphonesimulator/FirebaseAppCheckInterop.modulemap -Xcc -fmodule-map-file\=/Users/dragos/Library/Developer/Xcode/DerivedData/StudyBloom-ciszihuagdjiakegybtrninynvgt/Build/Intermediates.noindex/GeneratedModuleMaps-iphonesimulator/FirebaseFirestoreInternalWrapper.modulemap -Xcc -fmodule-map-file\=/Users/dragos/Library/Developer/Xcode/DerivedData/StudyBloom-ciszihuagdjiakegybtrninynvgt/Build/Intermediates.noindex/GeneratedModuleMaps-iphonesimulator/FirebaseFirestoreTarget.modulemap -default-isolation\=MainActor -enable-bare-slash-regex -enable-upcoming-feature DisableOutwardActorInference -enable-upcoming-feature InferSendableFromCaptures -enable-upcoming-feature GlobalActorIsolatedTypesUsability -enable-upcoming-feature MemberImportVisibility -enable-upcoming-feature InferIsolatedConformances -enable-upcoming-feature NonisolatedNonsendingByDefault -enable-experimental-feature DebugDescriptionMacro -sdk /Applications/Xcode.app/Contents/Developer/Platforms/iPhoneSimulator.platform/Developer/SDKs/iPhoneSimulator26.1.sdk -target x86_64-apple-ios18.6-simulator -g -module-cache-path /Users/dragos/Library/Developer/Xcode/DerivedData/ModuleCache.noindex -Xfrontend -serialize-debugging-options -enable-testing -index-store-path /Users/dragos/Library/Developer/Xcode/DerivedData/StudyBloom-ciszihuagdjiakegybtrninynvgt/Index.noindex/DataStore -Xcc -D_LIBCPP_HARDENING_MODE\=_LIBCPP_HARDENING_MODE_DEBUG -swift-version 5 -I /Users/dragos/Library/Developer/Xcode/DerivedData/StudyBloom-ciszihuagdjiakegybtrninynvgt/Build/Products/Debug-iphonesimulator -F /Users/dragos/Library/Developer/Xcode/DerivedData/StudyBloom-ciszihuagdjiakegybtrninynvgt/Build/Products/Debug-iphonesimulator/PackageFrameworks -F /Users/dragos/Library/Developer/Xcode/DerivedData/StudyBloom-ciszihuagdjiakegybtrninynvgt/Build/Products/Debug-iphonesimulator/PackageFrameworks -F /Users/dragos/Library/Developer/Xcode/DerivedData/StudyBloom-ciszihuagdjiakegybtrninynvgt/Build/Products/Debug-iphonesimulator/PackageFrameworks -F /Users/dragos/Library/Developer/Xcode/DerivedData/StudyBloom-ciszihuagdjiakegybtrninynvgt/Build/Products/Debug-iphonesimulator/PackageFrameworks -F /Users/dragos/Library/Developer/Xcode/DerivedData/StudyBloom-ciszihuagdjiakegybtrninynvgt/Build/Products/Debug-iphonesimulator/PackageFrameworks -F /Users/dragos/Library/Developer/Xcode/DerivedData/StudyBloom-ciszihuagdjiakegybtrninynvgt/Build/Products/Debug-iphonesimulator/PackageFrameworks -F /Users/dragos/Library/Developer/Xcode/DerivedData/StudyBloom-ciszihuagdjiakegybtrninynvgt/Build/Products/Debug-iphonesimulator/PackageFrameworks -F /Users/dragos/Library/Developer/Xcode/DerivedData/StudyBloom-ciszihuagdjiakegybtrninynvgt/Build/Products/Debug-iphonesimulator/PackageFrameworks -F /Users/dragos/Library/Developer/Xcode/DerivedData/StudyBloom-ciszihuagdjiakegybtrninynvgt/Build/Products/Debug-iphonesimulator/PackageFrameworks -F /Users/dragos/Library/Developer/Xcode/DerivedData/StudyBloom-ciszihuagdjiakegybtrninynvgt/Build/Products/Debug-iphonesimulator/PackageFrameworks -F /Users/dragos/Library/Developer/Xcode/DerivedData/StudyBloom-ciszihuagdjiakegybtrninynvgt/Build/Products/Debug-iphonesimulator/PackageFrameworks -F /Users/dragos/Library/Developer/Xcode/DerivedData/StudyBloom-ciszihuagdjiakegybtrninynvgt/Build/Products/Debug-iphonesimulator/PackageFrameworks -F /Users/dragos/Library/Developer/Xcode/DerivedData/StudyBloom-ciszihuagdjiakegybtrninynvgt/Build/Products/Debug-iphonesimulator/PackageFrameworks -F /Users/dragos/Library/Developer/Xcode/DerivedData/StudyBloom-ciszihuagdjiakegybtrninynvgt/Build/Products/Debug-iphonesimulator/PackageFrameworks -F /Users/dragos/Library/Developer/Xcode/DerivedData/StudyBloom-ciszihuagdjiakegybtrninynvgt/Build/Products/Debug-iphonesimulator/PackageFrameworks -F /Users/dragos/Library/Developer/Xcode/DerivedData/StudyBloom-ciszihuagdjiakegybtrninynvgt/Build/Products/Debug-iphonesimulator/PackageFrameworks -F /Users/dragos/Library/Developer/Xcode/DerivedData/StudyBloom-ciszihuagdjiakegybtrninynvgt/Build/Products/Debug-iphonesimulator/PackageFrameworks -F /Users/dragos/Library/Developer/Xcode/DerivedData/StudyBloom-ciszihuagdjiakegybtrninynvgt/Build/Products/Debug-iphonesimulator/PackageFrameworks -F /Users/dragos/Library/Developer/Xcode/DerivedData/StudyBloom-ciszihuagdjiakegybtrninynvgt/Build/Products/Debug-iphonesimulator/PackageFrameworks -F /Users/dragos/Library/Developer/Xcode/DerivedData/StudyBloom-ciszihuagdjiakegybtrninynvgt/Build/Products/Debug-iphonesimulator/PackageFrameworks -F /Users/dragos/Library/Developer/Xcode/DerivedData/StudyBloom-ciszihuagdjiakegybtrninynvgt/Build/Products/Debug-iphonesimulator/PackageFrameworks -F /Users/dragos/Library/Developer/Xcode/DerivedData/StudyBloom-ciszihuagdjiakegybtrninynvgt/Build/Products/Debug-iphonesimulator/PackageFrameworks -F /Users/dragos/Library/Developer/Xcode/DerivedData/StudyBloom-ciszihuagdjiakegybtrninynvgt/Build/Products/Debug-iphonesimulator/PackageFrameworks -F /Users/dragos/Library/Developer/Xcode/DerivedData/StudyBloom-ciszihuagdjiakegybtrninynvgt/Build/Products/Debug-iphonesimulator/PackageFrameworks -F /Users/dragos/Library/Developer/Xcode/DerivedData/StudyBloom-ciszihuagdjiakegybtrninynvgt/Build/Products/Debug-iphonesimulator/PackageFrameworks -F /Users/dragos/Library/Developer/Xcode/DerivedData/StudyBloom-ciszihuagdjiakegybtrninynvgt/Build/Products/Debug-iphonesimulator/PackageFrameworks -F /Users/dragos/Library/Developer/Xcode/DerivedData/StudyBloom-ciszihuagdjiakegybtrninynvgt/Build/Products/Debug-iphonesimulator/PackageFrameworks -F /Users/dragos/Library/Developer/Xcode/DerivedData/StudyBloom-ciszihuagdjiakegybtrninynvgt/Build/Products/Debug-iphonesimulator/PackageFrameworks -F /Users/dragos/Library/Developer/Xcode/DerivedData/StudyBloom-ciszihuagdjiakegybtrninynvgt/Build/Products/Debug-iphonesimulator/PackageFrameworks -F /Users/dragos/Library/Developer/Xcode/DerivedData/StudyBloom-ciszihuagdjiakegybtrninynvgt/Build/Products/Debug-iphonesimulator/PackageFrameworks -F /Users/dragos/Library/Developer/Xcode/DerivedData/StudyBloom-ciszihuagdjiakegybtrninynvgt/Build/Products/Debug-iphonesimulator/PackageFrameworks -F /Users/dragos/Library/Developer/Xcode/DerivedData/StudyBloom-ciszihuagdjiakegybtrninynvgt/Build/Products/Debug-iphonesimulator/PackageFrameworks -F /Users/dragos/Library/Developer/Xcode/DerivedData/StudyBloom-ciszihuagdjiakegybtrninynvgt/Build/Products/Debug-iphonesimulator/PackageFrameworks -F /Users/dragos/Library/Developer/Xcode/DerivedData/StudyBloom-ciszihuagdjiakegybtrninynvgt/Build/Products/Debug-iphonesimulator/PackageFrameworks -F /Users/dragos/Library/Developer/Xcode/DerivedData/StudyBloom-ciszihuagdjiakegybtrninynvgt/Build/Products/Debug-iphonesimulator/PackageFrameworks -F /Users/dragos/Library/Developer/Xcode/DerivedData/StudyBloom-ciszihuagdjiakegybtrninynvgt/Build/Products/Debug-iphonesimulator -emit-localized-strings -emit-localized-strings-path /Users/dragos/Library/Developer/Xcode/DerivedData/StudyBloom-ciszihuagdjiakegybtrninynvgt/Build/Intermediates.noindex/StudyBloom.build/Debug-iphonesimulator/StudyBloom.build/Objects-normal/x86_64 -c -j10 -enable-batch-mode -incremental -Xcc -ivfsstatcache -Xcc /Users/dragos/Library/Developer/Xcode/DerivedData/SDKStatCaches.noindex/iphonesimulator26.1-23B77-90cf18a4295e390e64c810bc6bd7acbc.sdkstatcache -output-file-map /Users/dragos/Library/Developer/Xcode/DerivedData/StudyBloom-ciszihuagdjiakegybtrninynvgt/Build/Intermediates.noindex/StudyBloom.build/Debug-iphonesimulator/StudyBloom.build/Objects-normal/x86_64/StudyBloom-OutputFileMap.json -use-frontend-parseable-output -save-temps -no-color-diagnostics -explicit-module-build -module-cache-path /Users/dragos/Library/Developer/Xcode/DerivedData/StudyBloom-ciszihuagdjiakegybtrninynvgt/Build/Intermediates.noindex/SwiftExplicitPrecompiledModules -clang-scanner-module-cache-path /Users/dragos/Library/Developer/Xcode/DerivedData/ModuleCache.noindex -sdk-module-cache-path /Users/dragos/Library/Developer/Xcode/DerivedData/ModuleCache.noindex -serialize-diagnostics -emit-dependencies -emit-module -emit-module-path /Users/dragos/Library/Developer/Xcode/DerivedData/StudyBloom-ciszihuagdjiakegybtrninynvgt/Build/Intermediates.noindex/StudyBloom.build/Debug-iphonesimulator/StudyBloom.build/Objects-normal/x86_64/StudyBloom.swiftmodule -validate-clang-modules-once -clang-build-session-file /Users/dragos/Library/Developer/Xcode/DerivedData/ModuleCache.noindex/Session.modulevalidation -Xcc -I/Users/dragos/Library/Developer/Xcode/DerivedData/StudyBloom-ciszihuagdjiakegybtrninynvgt/Build/Intermediates.noindex/StudyBloom.build/Debug-iphonesimulator/StudyBloom.build/swift-overrides.hmap -emit-const-values -Xfrontend -const-gather-protocols-file -Xfrontend /Users/dragos/Library/Developer/Xcode/DerivedData/StudyBloom-ciszihuagdjiakegybtrninynvgt/Build/Intermediates.noindex/StudyBloom.build/Debug-iphonesimulator/StudyBloom.build/Objects-normal/x86_64/StudyBloom_const_extract_protocols.json -Xcc -iquote -Xcc /Users/dragos/Library/Developer/Xcode/DerivedData/StudyBloom-ciszihuagdjiakegybtrninynvgt/Build/Intermediates.noindex/StudyBloom.build/Debug-iphonesimulator/StudyBloom.build/StudyBloom-generated-files.hmap -Xcc -I/Users/dragos/Library/Developer/Xcode/DerivedData/StudyBloom-ciszihuagdjiakegybtrninynvgt/Build/Intermediates.noindex/StudyBloom.build/Debug-iphonesimulator/StudyBloom.build/StudyBloom-own-target-headers.hmap -Xcc -I/Users/dragos/Library/Developer/Xcode/DerivedData/StudyBloom-ciszihuagdjiakegybtrninynvgt/Build/Intermediates.noindex/StudyBloom.build/Debug-iphonesimulator/StudyBloom.build/StudyBloom-all-non-framework-target-headers.hmap -Xcc -ivfsoverlay -Xcc /Users/dragos/Library/Developer/Xcode/DerivedData/StudyBloom-ciszihuagdjiakegybtrninynvgt/Build/Intermediates.noindex/StudyBloom.build/Debug-iphonesimulator/StudyBloom-d7e10cd131fe7b6cbda9b8117a329ffa-VFS-iphonesimulator/all-product-headers.yaml -Xcc -iquote -Xcc /Users/dragos/Library/Developer/Xcode/DerivedData/StudyBloom-ciszihuagdjiakegybtrninynvgt/Build/Intermediates.noindex/StudyBloom.build/Debug-iphonesimulator/StudyBloom.build/StudyBloom-project-headers.hmap -Xcc -I/Users/dragos/Library/Developer/Xcode/DerivedData/StudyBloom-ciszihuagdjiakegybtrninynvgt/SourcePackages/checkouts/promises/Sources/FBLPromises/include -Xcc -I/Users/dragos/Library/Developer/Xcode/DerivedData/StudyBloom-ciszihuagdjiakegybtrninynvgt/SourcePackages/checkouts/GoogleUtilities/GoogleUtilities/UserDefaults/Public -Xcc -I/Users/dragos/Library/Developer/Xcode/DerivedData/StudyBloom-ciszihuagdjiakegybtrninynvgt/SourcePackages/checkouts/google-ads-on-device-conversion-ios-sdk/GoogleAdsOnDeviceConversionWrapper/include -Xcc -I/Users/dragos/Library/Developer/Xcode/DerivedData/StudyBloom-ciszihuagdjiakegybtrninynvgt/SourcePackages/checkouts/GoogleAppMeasurement/GoogleAppMeasurementWrapper/include -Xcc -I/Users/dragos/Library/Developer/Xcode/DerivedData/StudyBloom-ciszihuagdjiakegybtrninynvgt/SourcePackages/checkouts/GoogleUtilities/GoogleUtilities/MethodSwizzler/Public -Xcc -I/Users/dragos/Library/Developer/Xcode/DerivedData/StudyBloom-ciszihuagdjiakegybtrninynvgt/SourcePackages/checkouts/firebase-ios-sdk/FirebaseAnalyticsWrapper/include -Xcc -I/Users/dragos/Library/Developer/Xcode/DerivedData/StudyBloom-ciszihuagdjiakegybtrninynvgt/SourcePackages/checkouts/firebase-ios-sdk/FirebaseInstallations/Source/Library/Public -Xcc -I/Users/dragos/Library/Developer/Xcode/DerivedData/StudyBloom-ciszihuagdjiakegybtrninynvgt/SourcePackages/checkouts/firebase-ios-sdk/SwiftPM-PlatformExclude/FirebaseAnalyticsWrap/include -Xcc -I/Users/dragos/Library/Developer/Xcode/DerivedData/StudyBloom-ciszihuagdjiakegybtrninynvgt/SourcePackages/checkouts/interop-ios-for-google-sdks/RecaptchaEnterprise/RecaptchaInterop/Public -Xcc -I/Users/dragos/Library/Developer/Xcode/DerivedData/StudyBloom-ciszihuagdjiakegybtrninynvgt/SourcePackages/checkouts/GoogleUtilities/GoogleUtilities/Network/Public -Xcc -I/Users/dragos/Library/Developer/Xcode/DerivedData/StudyBloom-ciszihuagdjiakegybtrninynvgt/SourcePackages/checkouts/GoogleUtilities/GoogleUtilities/Reachability/Public -Xcc -I/Users/dragos/Library/Developer/Xcode/DerivedData/StudyBloom-ciszihuagdjiakegybtrninynvgt/SourcePackages/checkouts/GoogleUtilities/GoogleUtilities/AppDelegateSwizzler/Public -Xcc -I/Users/dragos/Library/Developer/Xcode/DerivedData/StudyBloom-ciszihuagdjiakegybtrninynvgt/SourcePackages/checkouts/gtm-session-fetcher/Sources/Core/Public -Xcc -I/Users/dragos/Library/Developer/Xcode/DerivedData/StudyBloom-ciszihuagdjiakegybtrninynvgt/SourcePackages/checkouts/firebase-ios-sdk/FirebaseAuth/Sources/Public -Xcc -I/Users/dragos/Library/Developer/Xcode/DerivedData/StudyBloom-ciszihuagdjiakegybtrninynvgt/SourcePackages/checkouts/firebase-ios-sdk/FirebaseAuth/Interop/Public -Xcc -I/Users/dragos/Library/Developer/Xcode/DerivedData/StudyBloom-ciszihuagdjiakegybtrninynvgt/SourcePackages/checkouts/GoogleUtilities/GoogleUtilities/NSData+zlib/Public -Xcc -I/Users/dragos/Library/Developer/Xcode/DerivedData/StudyBloom-ciszihuagdjiakegybtrninynvgt/SourcePackages/checkouts/GoogleUtilities/GoogleUtilities/Environment/Public -Xcc -I/Users/dragos/Library/Developer/Xcode/DerivedData/StudyBloom-ciszihuagdjiakegybtrninynvgt/SourcePackages/checkouts/GoogleUtilities/third_party/IsAppEncrypted/Public -Xcc -I/Users/dragos/Library/Developer/Xcode/DerivedData/StudyBloom-ciszihuagdjiakegybtrninynvgt/SourcePackages/checkouts/GoogleUtilities/GoogleUtilities/Logger/Public -Xcc -I/Users/dragos/Library/Developer/Xcode/DerivedData/StudyBloom-ciszihuagdjiakegybtrninynvgt/SourcePackages/checkouts/abseil-cpp-binary/absl-Wrapper/include -Xcc -I/Users/dragos/Library/Developer/Xcode/DerivedData/StudyBloom-ciszihuagdjiakegybtrninynvgt/SourcePackages/checkouts/grpc-binary/openssl-grpc-Wrapper/include -Xcc -I/Users/dragos/Library/Developer/Xcode/DerivedData/StudyBloom-ciszihuagdjiakegybtrninynvgt/SourcePackages/checkouts/grpc-binary/grpc-Wrapper/include -Xcc -I/Users/dragos/Library/Developer/Xcode/DerivedData/StudyBloom-ciszihuagdjiakegybtrninynvgt/SourcePackages/checkouts/grpc-binary/grpcpp-Wrapper/include -Xcc -I/Users/dragos/Library/Developer/Xcode/DerivedData/StudyBloom-ciszihuagdjiakegybtrninynvgt/SourcePackages/checkouts/nanopb/spm_headers -Xcc -I/Users/dragos/Library/Developer/Xcode/DerivedData/StudyBloom-ciszihuagdjiakegybtrninynvgt/SourcePackages/checkouts/leveldb/include -Xcc -I/Users/dragos/Library/Developer/Xcode/DerivedData/StudyBloom-ciszihuagdjiakegybtrninynvgt/SourcePackages/checkouts/firebase-ios-sdk/FirebaseCore/Extension -Xcc -I/Users/dragos/Library/Developer/Xcode/DerivedData/StudyBloom-ciszihuagdjiakegybtrninynvgt/SourcePackages/checkouts/firebase-ios-sdk/FirebaseCore/Sources/Public -Xcc -I/Users/dragos/Library/Developer/Xcode/DerivedData/StudyBloom-ciszihuagdjiakegybtrninynvgt/SourcePackages/checkouts/firebase-ios-sdk/CoreOnly/Sources -Xcc -I/Users/dragos/Library/Developer/Xcode/DerivedData/StudyBloom-ciszihuagdjiakegybtrninynvgt/SourcePackages/checkouts/firebase-ios-sdk/FirebaseAppCheck/Interop/Public -Xcc -I/Users/dragos/Library/Developer/Xcode/DerivedData/StudyBloom-ciszihuagdjiakegybtrninynvgt/SourcePackages/checkouts/firebase-ios-sdk/FirebaseFirestoreInternal -Xcc -I/Users/dragos/Library/Developer/Xcode/DerivedData/StudyBloom-ciszihuagdjiakegybtrninynvgt/SourcePackages/checkouts/firebase-ios-sdk/SwiftPM-PlatformExclude/FirebaseFirestoreWrap/include -Xcc -I/Users/dragos/Library/Developer/Xcode/DerivedData/StudyBloom-ciszihuagdjiakegybtrninynvgt/Build/Products/Debug-iphonesimulator/include -Xcc -I/Users/dragos/Library/Developer/Xcode/DerivedData/StudyBloom-ciszihuagdjiakegybtrninynvgt/Build/Intermediates.noindex/StudyBloom.build/Debug-iphonesimulator/StudyBloom.build/DerivedSources-normal/x86_64 -Xcc -I/Users/dragos/Library/Developer/Xcode/DerivedData/StudyBloom-ciszihuagdjiakegybtrninynvgt/Build/Intermediates.noindex/StudyBloom.build/Debug-iphonesimulator/StudyBloom.build/DerivedSources/x86_64 -Xcc -I/Users/dragos/Library/Developer/Xcode/DerivedData/StudyBloom-ciszihuagdjiakegybtrninynvgt/Build/Intermediates.noindex/StudyBloom.build/Debug-iphonesimulator/StudyBloom.build/DerivedSources -Xcc -DDEBUG\=1 -emit-objc-header -emit-objc-header-path /Users/dragos/Library/Developer/Xcode/DerivedData/StudyBloom-ciszihuagdjiakegybtrninynvgt/Build/Intermediates.noindex/StudyBloom.build/Debug-iphonesimulator/StudyBloom.build/Objects-normal/x86_64/StudyBloom-Swift.h -working-directory /Users/dragos/Development/IOS\ Apps/StudyBloom -experimental-emit-module-separately -disable-cmo

Copy /Users/dragos/Library/Developer/Xcode/DerivedData/StudyBloom-ciszihuagdjiakegybtrninynvgt/Build/Products/Debug-iphonesimulator/StudyBloom.app/nanopb_nanopb.bundle /Users/dragos/Library/Developer/Xcode/DerivedData/StudyBloom-ciszihuagdjiakegybtrninynvgt/Build/Products/Debug-iphonesimulator/nanopb_nanopb.bundle (in target 'StudyBloom' from project 'StudyBloom')
    cd /Users/dragos/Development/IOS\ Apps/StudyBloom
    builtin-copy -exclude .DS_Store -exclude CVS -exclude .svn -exclude .git -exclude .hg -resolve-src-symlinks /Users/dragos/Library/Developer/Xcode/DerivedData/StudyBloom-ciszihuagdjiakegybtrninynvgt/Build/Products/Debug-iphonesimulator/nanopb_nanopb.bundle /Users/dragos/Library/Developer/Xcode/DerivedData/StudyBloom-ciszihuagdjiakegybtrninynvgt/Build/Products/Debug-iphonesimulator/StudyBloom.app

Copy /Users/dragos/Library/Developer/Xcode/DerivedData/StudyBloom-ciszihuagdjiakegybtrninynvgt/Build/Products/Debug-iphonesimulator/StudyBloom.app/leveldb_leveldb.bundle /Users/dragos/Library/Developer/Xcode/DerivedData/StudyBloom-ciszihuagdjiakegybtrninynvgt/Build/Products/Debug-iphonesimulator/leveldb_leveldb.bundle (in target 'StudyBloom' from project 'StudyBloom')
    cd /Users/dragos/Development/IOS\ Apps/StudyBloom
    builtin-copy -exclude .DS_Store -exclude CVS -exclude .svn -exclude .git -exclude .hg -resolve-src-symlinks /Users/dragos/Library/Developer/Xcode/DerivedData/StudyBloom-ciszihuagdjiakegybtrninynvgt/Build/Products/Debug-iphonesimulator/leveldb_leveldb.bundle /Users/dragos/Library/Developer/Xcode/DerivedData/StudyBloom-ciszihuagdjiakegybtrninynvgt/Build/Products/Debug-iphonesimulator/StudyBloom.app

Copy /Users/dragos/Library/Developer/Xcode/DerivedData/StudyBloom-ciszihuagdjiakegybtrninynvgt/Build/Products/Debug-iphonesimulator/StudyBloom.app/gRPC_opensslWrapper.bundle /Users/dragos/Library/Developer/Xcode/DerivedData/StudyBloom-ciszihuagdjiakegybtrninynvgt/Build/Products/Debug-iphonesimulator/gRPC_opensslWrapper.bundle (in target 'StudyBloom' from project 'StudyBloom')
    cd /Users/dragos/Development/IOS\ Apps/StudyBloom
    builtin-copy -exclude .DS_Store -exclude CVS -exclude .svn -exclude .git -exclude .hg -resolve-src-symlinks /Users/dragos/Library/Developer/Xcode/DerivedData/StudyBloom-ciszihuagdjiakegybtrninynvgt/Build/Products/Debug-iphonesimulator/gRPC_opensslWrapper.bundle /Users/dragos/Library/Developer/Xcode/DerivedData/StudyBloom-ciszihuagdjiakegybtrninynvgt/Build/Products/Debug-iphonesimulator/StudyBloom.app

Copy /Users/dragos/Library/Developer/Xcode/DerivedData/StudyBloom-ciszihuagdjiakegybtrninynvgt/Build/Products/Debug-iphonesimulator/StudyBloom.app/gRPC_grpcppWrapper.bundle /Users/dragos/Library/Developer/Xcode/DerivedData/StudyBloom-ciszihuagdjiakegybtrninynvgt/Build/Products/Debug-iphonesimulator/gRPC_grpcppWrapper.bundle (in target 'StudyBloom' from project 'StudyBloom')
    cd /Users/dragos/Development/IOS\ Apps/StudyBloom
    builtin-copy -exclude .DS_Store -exclude CVS -exclude .svn -exclude .git -exclude .hg -resolve-src-symlinks /Users/dragos/Library/Developer/Xcode/DerivedData/StudyBloom-ciszihuagdjiakegybtrninynvgt/Build/Products/Debug-iphonesimulator/gRPC_grpcppWrapper.bundle /Users/dragos/Library/Developer/Xcode/DerivedData/StudyBloom-ciszihuagdjiakegybtrninynvgt/Build/Products/Debug-iphonesimulator/StudyBloom.app

Copy /Users/dragos/Library/Developer/Xcode/DerivedData/StudyBloom-ciszihuagdjiakegybtrninynvgt/Build/Products/Debug-iphonesimulator/StudyBloom.app/gRPC_grpcWrapper.bundle /Users/dragos/Library/Developer/Xcode/DerivedData/StudyBloom-ciszihuagdjiakegybtrninynvgt/Build/Products/Debug-iphonesimulator/gRPC_grpcWrapper.bundle (in target 'StudyBloom' from project 'StudyBloom')
    cd /Users/dragos/Development/IOS\ Apps/StudyBloom
    builtin-copy -exclude .DS_Store -exclude CVS -exclude .svn -exclude .git -exclude .hg -resolve-src-symlinks /Users/dragos/Library/Developer/Xcode/DerivedData/StudyBloom-ciszihuagdjiakegybtrninynvgt/Build/Products/Debug-iphonesimulator/gRPC_grpcWrapper.bundle /Users/dragos/Library/Developer/Xcode/DerivedData/StudyBloom-ciszihuagdjiakegybtrninynvgt/Build/Products/Debug-iphonesimulator/StudyBloom.app

Copy /Users/dragos/Library/Developer/Xcode/DerivedData/StudyBloom-ciszihuagdjiakegybtrninynvgt/Build/Products/Debug-iphonesimulator/StudyBloom.app/abseil_abslWrapper.bundle /Users/dragos/Library/Developer/Xcode/DerivedData/StudyBloom-ciszihuagdjiakegybtrninynvgt/Build/Products/Debug-iphonesimulator/abseil_abslWrapper.bundle (in target 'StudyBloom' from project 'StudyBloom')
    cd /Users/dragos/Development/IOS\ Apps/StudyBloom
    builtin-copy -exclude .DS_Store -exclude CVS -exclude .svn -exclude .git -exclude .hg -resolve-src-symlinks /Users/dragos/Library/Developer/Xcode/DerivedData/StudyBloom-ciszihuagdjiakegybtrninynvgt/Build/Products/Debug-iphonesimulator/abseil_abslWrapper.bundle /Users/dragos/Library/Developer/Xcode/DerivedData/StudyBloom-ciszihuagdjiakegybtrninynvgt/Build/Products/Debug-iphonesimulator/StudyBloom.app

Copy /Users/dragos/Library/Developer/Xcode/DerivedData/StudyBloom-ciszihuagdjiakegybtrninynvgt/Build/Products/Debug-iphonesimulator/StudyBloom.app/Promises_FBLPromises.bundle /Users/dragos/Library/Developer/Xcode/DerivedData/StudyBloom-ciszihuagdjiakegybtrninynvgt/Build/Products/Debug-iphonesimulator/Promises_FBLPromises.bundle (in target 'StudyBloom' from project 'StudyBloom')
    cd /Users/dragos/Development/IOS\ Apps/StudyBloom
    builtin-copy -exclude .DS_Store -exclude CVS -exclude .svn -exclude .git -exclude .hg -resolve-src-symlinks /Users/dragos/Library/Developer/Xcode/DerivedData/StudyBloom-ciszihuagdjiakegybtrninynvgt/Build/Products/Debug-iphonesimulator/Promises_FBLPromises.bundle /Users/dragos/Library/Developer/Xcode/DerivedData/StudyBloom-ciszihuagdjiakegybtrninynvgt/Build/Products/Debug-iphonesimulator/StudyBloom.app

Copy /Users/dragos/Library/Developer/Xcode/DerivedData/StudyBloom-ciszihuagdjiakegybtrninynvgt/Build/Products/Debug-iphonesimulator/StudyBloom.app/GoogleUtilities_GoogleUtilities-UserDefaults.bundle /Users/dragos/Library/Developer/Xcode/DerivedData/StudyBloom-ciszihuagdjiakegybtrninynvgt/Build/Products/Debug-iphonesimulator/GoogleUtilities_GoogleUtilities-UserDefaults.bundle (in target 'StudyBloom' from project 'StudyBloom')
    cd /Users/dragos/Development/IOS\ Apps/StudyBloom
    builtin-copy -exclude .DS_Store -exclude CVS -exclude .svn -exclude .git -exclude .hg -resolve-src-symlinks /Users/dragos/Library/Developer/Xcode/DerivedData/StudyBloom-ciszihuagdjiakegybtrninynvgt/Build/Products/Debug-iphonesimulator/GoogleUtilities_GoogleUtilities-UserDefaults.bundle /Users/dragos/Library/Developer/Xcode/DerivedData/StudyBloom-ciszihuagdjiakegybtrninynvgt/Build/Products/Debug-iphonesimulator/StudyBloom.app

Copy /Users/dragos/Library/Developer/Xcode/DerivedData/StudyBloom-ciszihuagdjiakegybtrninynvgt/Build/Products/Debug-iphonesimulator/StudyBloom.app/GoogleUtilities_GoogleUtilities-Network.bundle /Users/dragos/Library/Developer/Xcode/DerivedData/StudyBloom-ciszihuagdjiakegybtrninynvgt/Build/Products/Debug-iphonesimulator/GoogleUtilities_GoogleUtilities-Network.bundle (in target 'StudyBloom' from project 'StudyBloom')
    cd /Users/dragos/Development/IOS\ Apps/StudyBloom
    builtin-copy -exclude .DS_Store -exclude CVS -exclude .svn -exclude .git -exclude .hg -resolve-src-symlinks /Users/dragos/Library/Developer/Xcode/DerivedData/StudyBloom-ciszihuagdjiakegybtrninynvgt/Build/Products/Debug-iphonesimulator/GoogleUtilities_GoogleUtilities-Network.bundle /Users/dragos/Library/Developer/Xcode/DerivedData/StudyBloom-ciszihuagdjiakegybtrninynvgt/Build/Products/Debug-iphonesimulator/StudyBloom.app

Copy /Users/dragos/Library/Developer/Xcode/DerivedData/StudyBloom-ciszihuagdjiakegybtrninynvgt/Build/Products/Debug-iphonesimulator/StudyBloom.app/GoogleUtilities_GoogleUtilities-NSData.bundle /Users/dragos/Library/Developer/Xcode/DerivedData/StudyBloom-ciszihuagdjiakegybtrninynvgt/Build/Products/Debug-iphonesimulator/GoogleUtilities_GoogleUtilities-NSData.bundle (in target 'StudyBloom' from project 'StudyBloom')
    cd /Users/dragos/Development/IOS\ Apps/StudyBloom
    builtin-copy -exclude .DS_Store -exclude CVS -exclude .svn -exclude .git -exclude .hg -resolve-src-symlinks /Users/dragos/Library/Developer/Xcode/DerivedData/StudyBloom-ciszihuagdjiakegybtrninynvgt/Build/Products/Debug-iphonesimulator/GoogleUtilities_GoogleUtilities-NSData.bundle /Users/dragos/Library/Developer/Xcode/DerivedData/StudyBloom-ciszihuagdjiakegybtrninynvgt/Build/Products/Debug-iphonesimulator/StudyBloom.app

Copy /Users/dragos/Library/Developer/Xcode/DerivedData/StudyBloom-ciszihuagdjiakegybtrninynvgt/Build/Products/Debug-iphonesimulator/StudyBloom.app/GoogleUtilities_GoogleUtilities-MethodSwizzler.bundle /Users/dragos/Library/Developer/Xcode/DerivedData/StudyBloom-ciszihuagdjiakegybtrninynvgt/Build/Products/Debug-iphonesimulator/GoogleUtilities_GoogleUtilities-MethodSwizzler.bundle (in target 'StudyBloom' from project 'StudyBloom')
    cd /Users/dragos/Development/IOS\ Apps/StudyBloom
    builtin-copy -exclude .DS_Store -exclude CVS -exclude .svn -exclude .git -exclude .hg -resolve-src-symlinks /Users/dragos/Library/Developer/Xcode/DerivedData/StudyBloom-ciszihuagdjiakegybtrninynvgt/Build/Products/Debug-iphonesimulator/GoogleUtilities_GoogleUtilities-MethodSwizzler.bundle /Users/dragos/Library/Developer/Xcode/DerivedData/StudyBloom-ciszihuagdjiakegybtrninynvgt/Build/Products/Debug-iphonesimulator/StudyBloom.app

Copy /Users/dragos/Library/Developer/Xcode/DerivedData/StudyBloom-ciszihuagdjiakegybtrninynvgt/Build/Products/Debug-iphonesimulator/StudyBloom.app/Firebase_FirebaseAuth.bundle /Users/dragos/Library/Developer/Xcode/DerivedData/StudyBloom-ciszihuagdjiakegybtrninynvgt/Build/Products/Debug-iphonesimulator/Firebase_FirebaseAuth.bundle (in target 'StudyBloom' from project 'StudyBloom')
    cd /Users/dragos/Development/IOS\ Apps/StudyBloom
    builtin-copy -exclude .DS_Store -exclude CVS -exclude .svn -exclude .git -exclude .hg -resolve-src-symlinks /Users/dragos/Library/Developer/Xcode/DerivedData/StudyBloom-ciszihuagdjiakegybtrninynvgt/Build/Products/Debug-iphonesimulator/Firebase_FirebaseAuth.bundle /Users/dragos/Library/Developer/Xcode/DerivedData/StudyBloom-ciszihuagdjiakegybtrninynvgt/Build/Products/Debug-iphonesimulator/StudyBloom.app

ProcessInfoPlistFile /Users/dragos/Library/Developer/Xcode/DerivedData/StudyBloom-ciszihuagdjiakegybtrninynvgt/Build/Products/Debug-iphonesimulator/StudyBloom.app/Info.plist /Users/dragos/Library/Developer/Xcode/DerivedData/StudyBloom-ciszihuagdjiakegybtrninynvgt/Build/Intermediates.noindex/StudyBloom.build/Debug-iphonesimulator/StudyBloom.build/empty-StudyBloom.plist (in target 'StudyBloom' from project 'StudyBloom')
    cd /Users/dragos/Development/IOS\ Apps/StudyBloom
    builtin-infoPlistUtility /Users/dragos/Library/Developer/Xcode/DerivedData/StudyBloom-ciszihuagdjiakegybtrninynvgt/Build/Intermediates.noindex/StudyBloom.build/Debug-iphonesimulator/StudyBloom.build/empty-StudyBloom.plist -producttype com.apple.product-type.application -genpkginfo /Users/dragos/Library/Developer/Xcode/DerivedData/StudyBloom-ciszihuagdjiakegybtrninynvgt/Build/Products/Debug-iphonesimulator/StudyBloom.app/PkgInfo -expandbuildsettings -format binary -platform iphonesimulator -additionalcontentfile /Users/dragos/Library/Developer/Xcode/DerivedData/StudyBloom-ciszihuagdjiakegybtrninynvgt/Build/Intermediates.noindex/StudyBloom.build/Debug-iphonesimulator/StudyBloom.build/assetcatalog_generated_info.plist -scanforprivacyfile /Users/dragos/Library/Developer/Xcode/DerivedData/StudyBloom-ciszihuagdjiakegybtrninynvgt/Build/Products/Debug-iphonesimulator/StudyBloom.app/Firebase_FirebaseAuth.bundle -scanforprivacyfile /Users/dragos/Library/Developer/Xcode/DerivedData/StudyBloom-ciszihuagdjiakegybtrninynvgt/Build/Products/Debug-iphonesimulator/StudyBloom.app/Firebase_FirebaseCore.bundle -scanforprivacyfile /Users/dragos/Library/Developer/Xcode/DerivedData/StudyBloom-ciszihuagdjiakegybtrninynvgt/Build/Products/Debug-iphonesimulator/StudyBloom.app/Firebase_FirebaseCoreExtension.bundle -scanforprivacyfile /Users/dragos/Library/Developer/Xcode/DerivedData/StudyBloom-ciszihuagdjiakegybtrninynvgt/Build/Products/Debug-iphonesimulator/StudyBloom.app/Firebase_FirebaseCoreInternal.bundle -scanforprivacyfile /Users/dragos/Library/Developer/Xcode/DerivedData/StudyBloom-ciszihuagdjiakegybtrninynvgt/Build/Products/Debug-iphonesimulator/StudyBloom.app/Firebase_FirebaseFirestore.bundle -scanforprivacyfile /Users/dragos/Library/Developer/Xcode/DerivedData/StudyBloom-ciszihuagdjiakegybtrninynvgt/Build/Products/Debug-iphonesimulator/StudyBloom.app/Firebase_FirebaseInstallations.bundle -scanforprivacyfile /Users/dragos/Library/Developer/Xcode/DerivedData/StudyBloom-ciszihuagdjiakegybtrninynvgt/Build/Products/Debug-iphonesimulator/StudyBloom.app/Frameworks/FirebaseAnalytics.framework -scanforprivacyfile /Users/dragos/Library/Developer/Xcode/DerivedData/StudyBloom-ciszihuagdjiakegybtrninynvgt/Build/Products/Debug-iphonesimulator/StudyBloom.app/Frameworks/FirebaseFirestoreInternal.framework -scanforprivacyfile /Users/dragos/Library/Developer/Xcode/DerivedData/StudyBloom-ciszihuagdjiakegybtrninynvgt/Build/Products/Debug-iphonesimulator/StudyBloom.app/Frameworks/GoogleAdsOnDeviceConversion.framework -scanforprivacyfile /Users/dragos/Library/Developer/Xcode/DerivedData/StudyBloom-ciszihuagdjiakegybtrninynvgt/Build/Products/Debug-iphonesimulator/StudyBloom.app/Frameworks/GoogleAppMeasurement.framework -scanforprivacyfile /Users/dragos/Library/Developer/Xcode/DerivedData/StudyBloom-ciszihuagdjiakegybtrninynvgt/Build/Products/Debug-iphonesimulator/StudyBloom.app/Frameworks/GoogleAppMeasurementIdentitySupport.framework -scanforprivacyfile /Users/dragos/Library/Developer/Xcode/DerivedData/StudyBloom-ciszihuagdjiakegybtrninynvgt/Build/Products/Debug-iphonesimulator/StudyBloom.app/Frameworks/absl.framework -scanforprivacyfile /Users/dragos/Library/Developer/Xcode/DerivedData/StudyBloom-ciszihuagdjiakegybtrninynvgt/Build/Products/Debug-iphonesimulator/StudyBloom.app/Frameworks/grpc.framework -scanforprivacyfile /Users/dragos/Library/Developer/Xcode/DerivedData/StudyBloom-ciszihuagdjiakegybtrninynvgt/Build/Products/Debug-iphonesimulator/StudyBloom.app/Frameworks/grpcpp.framework -scanforprivacyfile /Users/dragos/Library/Developer/Xcode/DerivedData/StudyBloom-ciszihuagdjiakegybtrninynvgt/Build/Products/Debug-iphonesimulator/StudyBloom.app/Frameworks/openssl_grpc.framework -scanforprivacyfile /Users/dragos/Library/Developer/Xcode/DerivedData/StudyBloom-ciszihuagdjiakegybtrninynvgt/Build/Products/Debug-iphonesimulator/StudyBloom.app/GTMSessionFetcher_GTMSessionFetcherCore.bundle -scanforprivacyfile /Users/dragos/Library/Developer/Xcode/DerivedData/StudyBloom-ciszihuagdjiakegybtrninynvgt/Build/Products/Debug-iphonesimulator/StudyBloom.app/GoogleUtilities_GoogleUtilities-AppDelegateSwizzler.bundle -scanforprivacyfile /Users/dragos/Library/Developer/Xcode/DerivedData/StudyBloom-ciszihuagdjiakegybtrninynvgt/Build/Products/Debug-iphonesimulator/StudyBloom.app/GoogleUtilities_GoogleUtilities-Environment.bundle -scanforprivacyfile /Users/dragos/Library/Developer/Xcode/DerivedData/StudyBloom-ciszihuagdjiakegybtrninynvgt/Build/Products/Debug-iphonesimulator/StudyBloom.app/GoogleUtilities_GoogleUtilities-Logger.bundle -scanforprivacyfile /Users/dragos/Library/Developer/Xcode/DerivedData/StudyBloom-ciszihuagdjiakegybtrninynvgt/Build/Products/Debug-iphonesimulator/StudyBloom.app/GoogleUtilities_GoogleUtilities-MethodSwizzler.bundle -scanforprivacyfile /Users/dragos/Library/Developer/Xcode/DerivedData/StudyBloom-ciszihuagdjiakegybtrninynvgt/Build/Products/Debug-iphonesimulator/StudyBloom.app/GoogleUtilities_GoogleUtilities-NSData.bundle -scanforprivacyfile /Users/dragos/Library/Developer/Xcode/DerivedData/StudyBloom-ciszihuagdjiakegybtrninynvgt/Build/Products/Debug-iphonesimulator/StudyBloom.app/GoogleUtilities_GoogleUtilities-Network.bundle -scanforprivacyfile /Users/dragos/Library/Developer/Xcode/DerivedData/StudyBloom-ciszihuagdjiakegybtrninynvgt/Build/Products/Debug-iphonesimulator/StudyBloom.app/GoogleUtilities_GoogleUtilities-Reachability.bundle -scanforprivacyfile /Users/dragos/Library/Developer/Xcode/DerivedData/StudyBloom-ciszihuagdjiakegybtrninynvgt/Build/Products/Debug-iphonesimulator/StudyBloom.app/GoogleUtilities_GoogleUtilities-UserDefaults.bundle -scanforprivacyfile /Users/dragos/Library/Developer/Xcode/DerivedData/StudyBloom-ciszihuagdjiakegybtrninynvgt/Build/Products/Debug-iphonesimulator/StudyBloom.app/Promises_FBLPromises.bundle -scanforprivacyfile /Users/dragos/Library/Developer/Xcode/DerivedData/StudyBloom-ciszihuagdjiakegybtrninynvgt/Build/Products/Debug-iphonesimulator/StudyBloom.app/abseil_abslWrapper.bundle -scanforprivacyfile /Users/dragos/Library/Developer/Xcode/DerivedData/StudyBloom-ciszihuagdjiakegybtrninynvgt/Build/Products/Debug-iphonesimulator/StudyBloom.app/gRPC_grpcWrapper.bundle -scanforprivacyfile /Users/dragos/Library/Developer/Xcode/DerivedData/StudyBloom-ciszihuagdjiakegybtrninynvgt/Build/Products/Debug-iphonesimulator/StudyBloom.app/gRPC_grpcppWrapper.bundle -scanforprivacyfile /Users/dragos/Library/Developer/Xcode/DerivedData/StudyBloom-ciszihuagdjiakegybtrninynvgt/Build/Products/Debug-iphonesimulator/StudyBloom.app/gRPC_opensslWrapper.bundle -scanforprivacyfile /Users/dragos/Library/Developer/Xcode/DerivedData/StudyBloom-ciszihuagdjiakegybtrninynvgt/Build/Products/Debug-iphonesimulator/StudyBloom.app/leveldb_leveldb.bundle -scanforprivacyfile /Users/dragos/Library/Developer/Xcode/DerivedData/StudyBloom-ciszihuagdjiakegybtrninynvgt/Build/Products/Debug-iphonesimulator/StudyBloom.app/nanopb_nanopb.bundle -o /Users/dragos/Library/Developer/Xcode/DerivedData/StudyBloom-ciszihuagdjiakegybtrninynvgt/Build/Products/Debug-iphonesimulator/StudyBloom.app/Info.plist

SwiftEmitModule normal x86_64 Emitting\ module\ for\ StudyBloom (in target 'StudyBloom' from project 'StudyBloom')

EmitSwiftModule normal x86_64 (in target 'StudyBloom' from project 'StudyBloom')
    cd /Users/dragos/Development/IOS\ Apps/StudyBloom
    

SwiftCompile normal arm64 Compiling\ FlashcardDeckView.swift /Users/dragos/Development/IOS\ Apps/StudyBloom/StudyBloom/Features/Flashcards/FlashcardDeckView.swift (in target 'StudyBloom' from project 'StudyBloom')

SwiftCompile normal arm64 /Users/dragos/Development/IOS\ Apps/StudyBloom/StudyBloom/Features/Flashcards/FlashcardDeckView.swift (in target 'StudyBloom' from project 'StudyBloom')
    cd /Users/dragos/Development/IOS\ Apps/StudyBloom
    

SwiftCompile normal x86_64 Compiling\ FlashcardDeckView.swift /Users/dragos/Development/IOS\ Apps/StudyBloom/StudyBloom/Features/Flashcards/FlashcardDeckView.swift (in target 'StudyBloom' from project 'StudyBloom')

SwiftCompile normal x86_64 /Users/dragos/Development/IOS\ Apps/StudyBloom/StudyBloom/Features/Flashcards/FlashcardDeckView.swift (in target 'StudyBloom' from project 'StudyBloom')
    cd /Users/dragos/Development/IOS\ Apps/StudyBloom
    

SwiftCompile normal x86_64 Compiling\ StudyDashboardView.swift /Users/dragos/Development/IOS\ Apps/StudyBloom/StudyBloom/Features/Dashboard/StudyDashboardView.swift (in target 'StudyBloom' from project 'StudyBloom')
SwiftCompile normal x86_64 /Users/dragos/Development/IOS\ Apps/StudyBloom/StudyBloom/Features/Dashboard/StudyDashboardView.swift (in target 'StudyBloom' from project 'StudyBloom')
    cd /Users/dragos/Development/IOS\ Apps/StudyBloom
    
/Users/dragos/Development/IOS Apps/StudyBloom/StudyBloom/Features/Dashboard/StudyDashboardView.swift:29:25: error: the compiler is unable to type-check this expression in reasonable time; try breaking up the expression into distinct sub-expressions
    var body: some View {
                        ^

Failed frontend command:
/Applications/Xcode.app/Contents/Developer/Toolchains/XcodeDefault.xctoolchain/usr/bin/swift-frontend -frontend -c /Users/dragos/Development/IOS\ Apps/StudyBloom/StudyBloom/Features/Auth/LoginView.swift /Users/dragos/Development/IOS\ Apps/StudyBloom/StudyBloom/Features/Dashboard/DashboardView.swift /Users/dragos/Development/IOS\ Apps/StudyBloom/StudyBloom/Features/Dashboard/HomeView.swift -primary-file /Users/dragos/Development/IOS\ Apps/StudyBloom/StudyBloom/Features/Dashboard/StudyDashboardView.swift /Users/dragos/Development/IOS\ Apps/StudyBloom/StudyBloom/Features/Flashcards/FlashcardDeckView.swift /Users/dragos/Development/IOS\ Apps/StudyBloom/StudyBloom/Features/Onboarding/OnboardingView.swift /Users/dragos/Development/IOS\ Apps/StudyBloom/StudyBloom/Features/Profile/PlanSettingsView.swift /Users/dragos/Development/IOS\ Apps/StudyBloom/StudyBloom/Features/Profile/ProfileView.swift /Users/dragos/Development/IOS\ Apps/StudyBloom/StudyBloom/Features/StudyTracker/AddChapterView.swift /Users/dragos/Development/IOS\ Apps/StudyBloom/StudyBloom/Features/StudyTracker/ChapterListView.swift /Users/dragos/Development/IOS\ Apps/StudyBloom/StudyBloom/Features/StudyTracker/LogProgressView.swift /Users/dragos/Development/IOS\ Apps/StudyBloom/StudyBloom/Features/Test/UserListTestView.swift /Users/dragos/Development/IOS\ Apps/StudyBloom/StudyBloom/Model/Flashcard.swift /Users/dragos/Development/IOS\ Apps/StudyBloom/StudyBloom/Model/StudyModels.swift /Users/dragos/Development/IOS\ Apps/StudyBloom/StudyBloom/Model/User.swift /Users/dragos/Development/IOS\ Apps/StudyBloom/StudyBloom/Services/AuthService.swift /Users/dragos/Development/IOS\ Apps/StudyBloom/StudyBloom/Services/DataService.swift /Users/dragos/Development/IOS\ Apps/StudyBloom/StudyBloom/Services/FirebaseService.swift /Users/dragos/Development/IOS\ Apps/StudyBloom/StudyBloom/Services/StudyPlanner.swift /Users/dragos/Development/IOS\ Apps/StudyBloom/StudyBloom/ContentView.swift /Users/dragos/Development/IOS\ Apps/StudyBloom/StudyBloom/StudyBloomApp.swift /Users/dragos/Library/Developer/Xcode/DerivedData/StudyBloom-ciszihuagdjiakegybtrninynvgt/Build/Intermediates.noindex/StudyBloom.build/Debug-iphonesimulator/StudyBloom.build/DerivedSources/GeneratedAssetSymbols.swift -emit-dependencies-path /Users/dragos/Library/Developer/Xcode/DerivedData/StudyBloom-ciszihuagdjiakegybtrninynvgt/Build/Intermediates.noindex/StudyBloom.build/Debug-iphonesimulator/StudyBloom.build/Objects-normal/x86_64/StudyDashboardView.d -emit-const-values-path /Users/dragos/Library/Developer/Xcode/DerivedData/StudyBloom-ciszihuagdjiakegybtrninynvgt/Build/Intermediates.noindex/StudyBloom.build/Debug-iphonesimulator/StudyBloom.build/Objects-normal/x86_64/StudyDashboardView.swiftconstvalues -emit-reference-dependencies-path /Users/dragos/Library/Developer/Xcode/DerivedData/StudyBloom-ciszihuagdjiakegybtrninynvgt/Build/Intermediates.noindex/StudyBloom.build/Debug-iphonesimulator/StudyBloom.build/Objects-normal/x86_64/StudyDashboardView.swiftdeps -serialize-diagnostics-path /Users/dragos/Library/Developer/Xcode/DerivedData/StudyBloom-ciszihuagdjiakegybtrninynvgt/Build/Intermediates.noindex/StudyBloom.build/Debug-iphonesimulator/StudyBloom.build/Objects-normal/x86_64/StudyDashboardView.dia -emit-localized-strings -emit-localized-strings-path /Users/dragos/Library/Developer/Xcode/DerivedData/StudyBloom-ciszihuagdjiakegybtrninynvgt/Build/Intermediates.noindex/StudyBloom.build/Debug-iphonesimulator/StudyBloom.build/Objects-normal/x86_64 -target x86_64-apple-ios18.6-simulator -module-can-import-version DeveloperToolsSupport 23.0.4 23.0.4 -module-can-import-version SwiftUI 7.1.13.1 7.1.13 -module-can-import-version UIKit 9126.1.12.1 9126.1.12 -disable-cross-import-overlay-search -swift-module-cross-import AuthenticationServices /Applications/Xcode.app/Contents/Developer/Platforms/iPhoneSimulator.platform/Developer/SDKs/iPhoneSimulator.sdk/System/Cryptexes/OS/System/Library/Frameworks/AuthenticationServices.framework/Modules/AuthenticationServices.swiftcrossimport/SwiftUI.swiftoverlay -swift-module-cross-import AuthenticationServices /Applications/Xcode.app/Contents/Developer/Platforms/iPhoneSimulator.platform/Developer/SDKs/iPhoneSimulator26.1.sdk/System/Library/Frameworks/AuthenticationServices.framework/Modules/AuthenticationServices.swiftcrossimport/SwiftUI.swiftoverlay -load-resolved-plugin /Applications/Xcode.app/Contents/Developer/Platforms/iPhoneOS.platform/Developer/usr/lib/swift/host/plugins/libFoundationMacros.dylib\#/Applications/Xcode.app/Contents/Developer/Platforms/iPhoneOS.platform/Developer/usr/bin/swift-plugin-server\#FoundationMacros -load-resolved-plugin /Applications/Xcode.app/Contents/Developer/Platforms/iPhoneOS.platform/Developer/usr/lib/swift/host/plugins/libObservationMacros.dylib\#/Applications/Xcode.app/Contents/Developer/Platforms/iPhoneOS.platform/Developer/usr/bin/swift-plugin-server\#ObservationMacros -load-resolved-plugin /Applications/Xcode.app/Contents/Developer/Platforms/iPhoneOS.platform/Developer/usr/lib/swift/host/plugins/libPreviewsMacros.dylib\#/Applications/Xcode.app/Contents/Developer/Platforms/iPhoneOS.platform/Developer/usr/bin/swift-plugin-server\#PreviewsMacros -load-resolved-plugin /Applications/Xcode.app/Contents/Developer/Platforms/iPhoneOS.platform/Developer/usr/lib/swift/host/plugins/libSwiftMacros.dylib\#/Applications/Xcode.app/Contents/Developer/Platforms/iPhoneOS.platform/Developer/usr/bin/swift-plugin-server\#SwiftMacros -load-resolved-plugin /Applications/Xcode.app/Contents/Developer/Platforms/iPhoneOS.platform/Developer/usr/lib/swift/host/plugins/libSwiftUIMacros.dylib\#/Applications/Xcode.app/Contents/Developer/Platforms/iPhoneOS.platform/Developer/usr/bin/swift-plugin-server\#SwiftUIMacros -disable-implicit-swift-modules -Xcc -fno-implicit-modules -Xcc -fno-implicit-module-maps -explicit-swift-module-map-file /Users/dragos/Library/Developer/Xcode/DerivedData/StudyBloom-ciszihuagdjiakegybtrninynvgt/Build/Intermediates.noindex/StudyBloom.build/Debug-iphonesimulator/StudyBloom.build/Objects-normal/x86_64/StudyBloom-dependencies-2.json -enable-objc-interop -sdk /Applications/Xcode.app/Contents/Developer/Platforms/iPhoneSimulator.platform/Developer/SDKs/iPhoneSimulator26.1.sdk -I /Users/dragos/Library/Developer/Xcode/DerivedData/StudyBloom-ciszihuagdjiakegybtrninynvgt/Build/Products/Debug-iphonesimulator -F /Users/dragos/Library/Developer/Xcode/DerivedData/StudyBloom-ciszihuagdjiakegybtrninynvgt/Build/Products/Debug-iphonesimulator/PackageFrameworks -F /Users/dragos/Library/Developer/Xcode/DerivedData/StudyBloom-ciszihuagdjiakegybtrninynvgt/Build/Products/Debug-iphonesimulator/PackageFrameworks -F /Users/dragos/Library/Developer/Xcode/DerivedData/StudyBloom-ciszihuagdjiakegybtrninynvgt/Build/Products/Debug-iphonesimulator/PackageFrameworks -F /Users/dragos/Library/Developer/Xcode/DerivedData/StudyBloom-ciszihuagdjiakegybtrninynvgt/Build/Products/Debug-iphonesimulator/PackageFrameworks -F /Users/dragos/Library/Developer/Xcode/DerivedData/StudyBloom-ciszihuagdjiakegybtrninynvgt/Build/Products/Debug-iphonesimulator/PackageFrameworks -F /Users/dragos/Library/Developer/Xcode/DerivedData/StudyBloom-ciszihuagdjiakegybtrninynvgt/Build/Products/Debug-iphonesimulator/PackageFrameworks -F /Users/dragos/Library/Developer/Xcode/DerivedData/StudyBloom-ciszihuagdjiakegybtrninynvgt/Build/Products/Debug-iphonesimulator/PackageFrameworks -F /Users/dragos/Library/Developer/Xcode/DerivedData/StudyBloom-ciszihuagdjiakegybtrninynvgt/Build/Products/Debug-iphonesimulator/PackageFrameworks -F /Users/dragos/Library/Developer/Xcode/DerivedData/StudyBloom-ciszihuagdjiakegybtrninynvgt/Build/Products/Debug-iphonesimulator/PackageFrameworks -F /Users/dragos/Library/Developer/Xcode/DerivedData/StudyBloom-ciszihuagdjiakegybtrninynvgt/Build/Products/Debug-iphonesimulator/PackageFrameworks -F /Users/dragos/Library/Developer/Xcode/DerivedData/StudyBloom-ciszihuagdjiakegybtrninynvgt/Build/Products/Debug-iphonesimulator/PackageFrameworks -F /Users/dragos/Library/Developer/Xcode/DerivedData/StudyBloom-ciszihuagdjiakegybtrninynvgt/Build/Products/Debug-iphonesimulator/PackageFrameworks -F /Users/dragos/Library/Developer/Xcode/DerivedData/StudyBloom-ciszihuagdjiakegybtrninynvgt/Build/Products/Debug-iphonesimulator/PackageFrameworks -F /Users/dragos/Library/Developer/Xcode/DerivedData/StudyBloom-ciszihuagdjiakegybtrninynvgt/Build/Products/Debug-iphonesimulator/PackageFrameworks -F /Users/dragos/Library/Developer/Xcode/DerivedData/StudyBloom-ciszihuagdjiakegybtrninynvgt/Build/Products/Debug-iphonesimulator/PackageFrameworks -F /Users/dragos/Library/Developer/Xcode/DerivedData/StudyBloom-ciszihuagdjiakegybtrninynvgt/Build/Products/Debug-iphonesimulator/PackageFrameworks -F /Users/dragos/Library/Developer/Xcode/DerivedData/StudyBloom-ciszihuagdjiakegybtrninynvgt/Build/Products/Debug-iphonesimulator/PackageFrameworks -F /Users/dragos/Library/Developer/Xcode/DerivedData/StudyBloom-ciszihuagdjiakegybtrninynvgt/Build/Products/Debug-iphonesimulator/PackageFrameworks -F /Users/dragos/Library/Developer/Xcode/DerivedData/StudyBloom-ciszihuagdjiakegybtrninynvgt/Build/Products/Debug-iphonesimulator/PackageFrameworks -F /Users/dragos/Library/Developer/Xcode/DerivedData/StudyBloom-ciszihuagdjiakegybtrninynvgt/Build/Products/Debug-iphonesimulator/PackageFrameworks -F /Users/dragos/Library/Developer/Xcode/DerivedData/StudyBloom-ciszihuagdjiakegybtrninynvgt/Build/Products/Debug-iphonesimulator/PackageFrameworks -F /Users/dragos/Library/Developer/Xcode/DerivedData/StudyBloom-ciszihuagdjiakegybtrninynvgt/Build/Products/Debug-iphonesimulator/PackageFrameworks -F /Users/dragos/Library/Developer/Xcode/DerivedData/StudyBloom-ciszihuagdjiakegybtrninynvgt/Build/Products/Debug-iphonesimulator/PackageFrameworks -F /Users/dragos/Library/Developer/Xcode/DerivedData/StudyBloom-ciszihuagdjiakegybtrninynvgt/Build/Products/Debug-iphonesimulator/PackageFrameworks -F /Users/dragos/Library/Developer/Xcode/DerivedData/StudyBloom-ciszihuagdjiakegybtrninynvgt/Build/Products/Debug-iphonesimulator/PackageFrameworks -F /Users/dragos/Library/Developer/Xcode/DerivedData/StudyBloom-ciszihuagdjiakegybtrninynvgt/Build/Products/Debug-iphonesimulator/PackageFrameworks -F /Users/dragos/Library/Developer/Xcode/DerivedData/StudyBloom-ciszihuagdjiakegybtrninynvgt/Build/Products/Debug-iphonesimulator/PackageFrameworks -F /Users/dragos/Library/Developer/Xcode/DerivedData/StudyBloom-ciszihuagdjiakegybtrninynvgt/Build/Products/Debug-iphonesimulator/PackageFrameworks -F /Users/dragos/Library/Developer/Xcode/DerivedData/StudyBloom-ciszihuagdjiakegybtrninynvgt/Build/Products/Debug-iphonesimulator/PackageFrameworks -F /Users/dragos/Library/Developer/Xcode/DerivedData/StudyBloom-ciszihuagdjiakegybtrninynvgt/Build/Products/Debug-iphonesimulator/PackageFrameworks -F /Users/dragos/Library/Developer/Xcode/DerivedData/StudyBloom-ciszihuagdjiakegybtrninynvgt/Build/Products/Debug-iphonesimulator/PackageFrameworks -F /Users/dragos/Library/Developer/Xcode/DerivedData/StudyBloom-ciszihuagdjiakegybtrninynvgt/Build/Products/Debug-iphonesimulator/PackageFrameworks -F /Users/dragos/Library/Developer/Xcode/DerivedData/StudyBloom-ciszihuagdjiakegybtrninynvgt/Build/Products/Debug-iphonesimulator/PackageFrameworks -F /Users/dragos/Library/Developer/Xcode/DerivedData/StudyBloom-ciszihuagdjiakegybtrninynvgt/Build/Products/Debug-iphonesimulator/PackageFrameworks -F /Users/dragos/Library/Developer/Xcode/DerivedData/StudyBloom-ciszihuagdjiakegybtrninynvgt/Build/Products/Debug-iphonesimulator/PackageFrameworks -F /Users/dragos/Library/Developer/Xcode/DerivedData/StudyBloom-ciszihuagdjiakegybtrninynvgt/Build/Products/Debug-iphonesimulator -no-color-diagnostics -Xcc -fno-color-diagnostics -enable-testing -g -debug-info-format\=dwarf -dwarf-version\=5 -module-cache-path /Users/dragos/Library/Developer/Xcode/DerivedData/StudyBloom-ciszihuagdjiakegybtrninynvgt/Build/Intermediates.noindex/SwiftExplicitPrecompiledModules -swift-version 5 -enforce-exclusivity\=checked -Onone -D DEBUG -serialize-debugging-options -const-gather-protocols-file /Users/dragos/Library/Developer/Xcode/DerivedData/StudyBloom-ciszihuagdjiakegybtrninynvgt/Build/Intermediates.noindex/StudyBloom.build/Debug-iphonesimulator/StudyBloom.build/Objects-normal/x86_64/StudyBloom_const_extract_protocols.json -enable-upcoming-feature DisableOutwardActorInference -enable-upcoming-feature InferSendableFromCaptures -enable-upcoming-feature GlobalActorIsolatedTypesUsability -enable-upcoming-feature MemberImportVisibility -enable-upcoming-feature InferIsolatedConformances -enable-upcoming-feature NonisolatedNonsendingByDefault -enable-experimental-feature DebugDescriptionMacro -enable-bare-slash-regex -default-isolation\=MainActor -empty-abi-descriptor -validate-clang-modules-once -clang-build-session-file /Users/dragos/Library/Developer/Xcode/DerivedData/ModuleCache.noindex/Session.modulevalidation -Xcc -working-directory -Xcc /Users/dragos/Development/IOS\ Apps/StudyBloom -enable-anonymous-context-mangled-names -file-compilation-dir /Users/dragos/Development/IOS\ Apps/StudyBloom -Xcc -fmodule-map-file\=/Users/dragos/Library/Developer/Xcode/DerivedData/StudyBloom-ciszihuagdjiakegybtrninynvgt/Build/Intermediates.noindex/GeneratedModuleMaps-iphonesimulator/GoogleUtilities-UserDefaults.modulemap -Xcc -fmodule-map-file\=/Users/dragos/Library/Developer/Xcode/DerivedData/StudyBloom-ciszihuagdjiakegybtrninynvgt/Build/Intermediates.noindex/GeneratedModuleMaps-iphonesimulator/GoogleAdsOnDeviceConversionTarget.modulemap -Xcc -fmodule-map-file\=/Users/dragos/Library/Developer/Xcode/DerivedData/StudyBloom-ciszihuagdjiakegybtrninynvgt/Build/Intermediates.noindex/GeneratedModuleMaps-iphonesimulator/GoogleAppMeasurementTarget.modulemap -Xcc -fmodule-map-file\=/Users/dragos/Library/Developer/Xcode/DerivedData/StudyBloom-ciszihuagdjiakegybtrninynvgt/Build/Intermediates.noindex/GeneratedModuleMaps-iphonesimulator/GoogleUtilities-MethodSwizzler.modulemap -Xcc -fmodule-map-file\=/Users/dragos/Library/Developer/Xcode/DerivedData/StudyBloom-ciszihuagdjiakegybtrninynvgt/Build/Intermediates.noindex/GeneratedModuleMaps-iphonesimulator/FirebaseAnalyticsWrapper.modulemap -Xcc -fmodule-map-file\=/Users/dragos/Library/Developer/Xcode/DerivedData/StudyBloom-ciszihuagdjiakegybtrninynvgt/Build/Intermediates.noindex/GeneratedModuleMaps-iphonesimulator/FirebaseInstallations.modulemap -Xcc -fmodule-map-file\=/Users/dragos/Library/Developer/Xcode/DerivedData/StudyBloom-ciszihuagdjiakegybtrninynvgt/Build/Intermediates.noindex/GeneratedModuleMaps-iphonesimulator/FirebaseAnalyticsTarget.modulemap -Xcc -fmodule-map-file\=/Users/dragos/Library/Developer/Xcode/DerivedData/StudyBloom-ciszihuagdjiakegybtrninynvgt/Build/Intermediates.noindex/GeneratedModuleMaps-iphonesimulator/RecaptchaInterop.modulemap -Xcc -fmodule-map-file\=/Users/dragos/Library/Developer/Xcode/DerivedData/StudyBloom-ciszihuagdjiakegybtrninynvgt/Build/Intermediates.noindex/GeneratedModuleMaps-iphonesimulator/GoogleUtilities-Network.modulemap -Xcc -fmodule-map-file\=/Users/dragos/Library/Developer/Xcode/DerivedData/StudyBloom-ciszihuagdjiakegybtrninynvgt/Build/Intermediates.noindex/GeneratedModuleMaps-iphonesimulator/GoogleUtilities-Reachability.modulemap -Xcc -fmodule-map-file\=/Users/dragos/Library/Developer/Xcode/DerivedData/StudyBloom-ciszihuagdjiakegybtrninynvgt/Build/Intermediates.noindex/GeneratedModuleMaps-iphonesimulator/GoogleUtilities-AppDelegateSwizzler.modulemap -Xcc -fmodule-map-file\=/Users/dragos/Library/Developer/Xcode/DerivedData/StudyBloom-ciszihuagdjiakegybtrninynvgt/Build/Intermediates.noindex/GeneratedModuleMaps-iphonesimulator/GTMSessionFetcherCore.modulemap -Xcc -fmodule-map-file\=/Users/dragos/Library/Developer/Xcode/DerivedData/StudyBloom-ciszihuagdjiakegybtrninynvgt/Build/Intermediates.noindex/GeneratedModuleMaps-iphonesimulator/FirebaseAuthInternal.modulemap -Xcc -fmodule-map-file\=/Users/dragos/Library/Developer/Xcode/DerivedData/StudyBloom-ciszihuagdjiakegybtrninynvgt/Build/Intermediates.noindex/GeneratedModuleMaps-iphonesimulator/FirebaseAuthInterop.modulemap -Xcc -fmodule-map-file\=/Users/dragos/Library/Developer/Xcode/DerivedData/StudyBloom-ciszihuagdjiakegybtrninynvgt/Build/Intermediates.noindex/GeneratedModuleMaps-iphonesimulator/GoogleUtilities-NSData.modulemap -Xcc -fmodule-map-file\=/Users/dragos/Library/Developer/Xcode/DerivedData/StudyBloom-ciszihuagdjiakegybtrninynvgt/Build/Intermediates.noindex/GeneratedModuleMaps-iphonesimulator/GoogleUtilities-Environment.modulemap -Xcc -fmodule-map-file\=/Users/dragos/Library/Developer/Xcode/DerivedData/StudyBloom-ciszihuagdjiakegybtrninynvgt/Build/Intermediates.noindex/GeneratedModuleMaps-iphonesimulator/third-party-IsAppEncrypted.modulemap -Xcc -fmodule-map-file\=/Users/dragos/Library/Developer/Xcode/DerivedData/StudyBloom-ciszihuagdjiakegybtrninynvgt/Build/Intermediates.noindex/GeneratedModuleMaps-iphonesimulator/GoogleUtilities-Logger.modulemap -Xcc -fmodule-map-file\=/Users/dragos/Library/Developer/Xcode/DerivedData/StudyBloom-ciszihuagdjiakegybtrninynvgt/Build/Intermediates.noindex/GeneratedModuleMaps-iphonesimulator/abslWrapper.modulemap -Xcc -fmodule-map-file\=/Users/dragos/Library/Developer/Xcode/DerivedData/StudyBloom-ciszihuagdjiakegybtrninynvgt/Build/Intermediates.noindex/GeneratedModuleMaps-iphonesimulator/opensslWrapper.modulemap -Xcc -fmodule-map-file\=/Users/dragos/Library/Developer/Xcode/DerivedData/StudyBloom-ciszihuagdjiakegybtrninynvgt/Build/Intermediates.noindex/GeneratedModuleMaps-iphonesimulator/grpcWrapper.modulemap -Xcc -fmodule-map-file\=/Users/dragos/Library/Developer/Xcode/DerivedData/StudyBloom-ciszihuagdjiakegybtrninynvgt/Build/Intermediates.noindex/GeneratedModuleMaps-iphonesimulator/grpcppWrapper.modulemap -Xcc -fmodule-map-file\=/Users/dragos/Library/Developer/Xcode/DerivedData/StudyBloom-ciszihuagdjiakegybtrninynvgt/Build/Intermediates.noindex/GeneratedModuleMaps-iphonesimulator/nanopb.modulemap -Xcc -fmodule-map-file\=/Users/dragos/Library/Developer/Xcode/DerivedData/StudyBloom-ciszihuagdjiakegybtrninynvgt/Build/Intermediates.noindex/GeneratedModuleMaps-iphonesimulator/leveldb.modulemap -Xcc -fmodule-map-file\=/Users/dragos/Library/Developer/Xcode/DerivedData/StudyBloom-ciszihuagdjiakegybtrninynvgt/Build/Intermediates.noindex/GeneratedModuleMaps-iphonesimulator/FirebaseCoreExtension.modulemap -Xcc -fmodule-map-file\=/Users/dragos/Library/Developer/Xcode/DerivedData/StudyBloom-ciszihuagdjiakegybtrninynvgt/Build/Intermediates.noindex/GeneratedModuleMaps-iphonesimulator/FirebaseCore.modulemap -Xcc -fmodule-map-file\=/Users/dragos/Library/Developer/Xcode/DerivedData/StudyBloom-ciszihuagdjiakegybtrninynvgt/Build/Intermediates.noindex/GeneratedModuleMaps-iphonesimulator/FirebaseAppCheckInterop.modulemap -Xcc -fmodule-map-file\=/Users/dragos/Library/Developer/Xcode/DerivedData/StudyBloom-ciszihuagdjiakegybtrninynvgt/Build/Intermediates.noindex/GeneratedModuleMaps-iphonesimulator/FirebaseFirestoreInternalWrapper.modulemap -Xcc -fmodule-map-file\=/Users/dragos/Library/Developer/Xcode/DerivedData/StudyBloom-ciszihuagdjiakegybtrninynvgt/Build/Intermediates.noindex/GeneratedModuleMaps-iphonesimulator/FirebaseFirestoreTarget.modulemap -Xcc -D_LIBCPP_HARDENING_MODE\=_LIBCPP_HARDENING_MODE_DEBUG -Xcc -ivfsstatcache -Xcc /Users/dragos/Library/Developer/Xcode/DerivedData/SDKStatCaches.noindex/iphonesimulator26.1-23B77-90cf18a4295e390e64c810bc6bd7acbc.sdkstatcache -Xcc -I/Users/dragos/Library/Developer/Xcode/DerivedData/StudyBloom-ciszihuagdjiakegybtrninynvgt/Build/Intermediates.noindex/StudyBloom.build/Debug-iphonesimulator/StudyBloom.build/swift-overrides.hmap -Xcc -iquote -Xcc /Users/dragos/Library/Developer/Xcode/DerivedData/StudyBloom-ciszihuagdjiakegybtrninynvgt/Build/Intermediates.noindex/StudyBloom.build/Debug-iphonesimulator/StudyBloom.build/StudyBloom-generated-files.hmap -Xcc -I/Users/dragos/Library/Developer/Xcode/DerivedData/StudyBloom-ciszihuagdjiakegybtrninynvgt/Build/Intermediates.noindex/StudyBloom.build/Debug-iphonesimulator/StudyBloom.build/StudyBloom-own-target-headers.hmap -Xcc -I/Users/dragos/Library/Developer/Xcode/DerivedData/StudyBloom-ciszihuagdjiakegybtrninynvgt/Build/Intermediates.noindex/StudyBloom.build/Debug-iphonesimulator/StudyBloom.build/StudyBloom-all-non-framework-target-headers.hmap -Xcc -ivfsoverlay -Xcc /Users/dragos/Library/Developer/Xcode/DerivedData/StudyBloom-ciszihuagdjiakegybtrninynvgt/Build/Intermediates.noindex/StudyBloom.build/Debug-iphonesimulator/StudyBloom-d7e10cd131fe7b6cbda9b8117a329ffa-VFS-iphonesimulator/all-product-headers.yaml -Xcc -iquote -Xcc /Users/dragos/Library/Developer/Xcode/DerivedData/StudyBloom-ciszihuagdjiakegybtrninynvgt/Build/Intermediates.noindex/StudyBloom.build/Debug-iphonesimulator/StudyBloom.build/StudyBloom-project-headers.hmap -Xcc -I/Users/dragos/Library/Developer/Xcode/DerivedData/StudyBloom-ciszihuagdjiakegybtrninynvgt/SourcePackages/checkouts/promises/Sources/FBLPromises/include -Xcc -I/Users/dragos/Library/Developer/Xcode/DerivedData/StudyBloom-ciszihuagdjiakegybtrninynvgt/SourcePackages/checkouts/GoogleUtilities/GoogleUtilities/UserDefaults/Public -Xcc -I/Users/dragos/Library/Developer/Xcode/DerivedData/StudyBloom-ciszihuagdjiakegybtrninynvgt/SourcePackages/checkouts/google-ads-on-device-conversion-ios-sdk/GoogleAdsOnDeviceConversionWrapper/include -Xcc -I/Users/dragos/Library/Developer/Xcode/DerivedData/StudyBloom-ciszihuagdjiakegybtrninynvgt/SourcePackages/checkouts/GoogleAppMeasurement/GoogleAppMeasurementWrapper/include -Xcc -I/Users/dragos/Library/Developer/Xcode/DerivedData/StudyBloom-ciszihuagdjiakegybtrninynvgt/SourcePackages/checkouts/GoogleUtilities/GoogleUtilities/MethodSwizzler/Public -Xcc -I/Users/dragos/Library/Developer/Xcode/DerivedData/StudyBloom-ciszihuagdjiakegybtrninynvgt/SourcePackages/checkouts/firebase-ios-sdk/FirebaseAnalyticsWrapper/include -Xcc -I/Users/dragos/Library/Developer/Xcode/DerivedData/StudyBloom-ciszihuagdjiakegybtrninynvgt/SourcePackages/checkouts/firebase-ios-sdk/FirebaseInstallations/Source/Library/Public -Xcc -I/Users/dragos/Library/Developer/Xcode/DerivedData/StudyBloom-ciszihuagdjiakegybtrninynvgt/SourcePackages/checkouts/firebase-ios-sdk/SwiftPM-PlatformExclude/FirebaseAnalyticsWrap/include -Xcc -I/Users/dragos/Library/Developer/Xcode/DerivedData/StudyBloom-ciszihuagdjiakegybtrninynvgt/SourcePackages/checkouts/interop-ios-for-google-sdks/RecaptchaEnterprise/RecaptchaInterop/Public -Xcc -I/Users/dragos/Library/Developer/Xcode/DerivedData/StudyBloom-ciszihuagdjiakegybtrninynvgt/SourcePackages/checkouts/GoogleUtilities/GoogleUtilities/Network/Public -Xcc -I/Users/dragos/Library/Developer/Xcode/DerivedData/StudyBloom-ciszihuagdjiakegybtrninynvgt/SourcePackages/checkouts/GoogleUtilities/GoogleUtilities/Reachability/Public -Xcc -I/Users/dragos/Library/Developer/Xcode/DerivedData/StudyBloom-ciszihuagdjiakegybtrninynvgt/SourcePackages/checkouts/GoogleUtilities/GoogleUtilities/AppDelegateSwizzler/Public -Xcc -I/Users/dragos/Library/Developer/Xcode/DerivedData/StudyBloom-ciszihuagdjiakegybtrninynvgt/SourcePackages/checkouts/gtm-session-fetcher/Sources/Core/Public -Xcc -I/Users/dragos/Library/Developer/Xcode/DerivedData/StudyBloom-ciszihuagdjiakegybtrninynvgt/SourcePackages/checkouts/firebase-ios-sdk/FirebaseAuth/Sources/Public -Xcc -I/Users/dragos/Library/Developer/Xcode/DerivedData/StudyBloom-ciszihuagdjiakegybtrninynvgt/SourcePackages/checkouts/firebase-ios-sdk/FirebaseAuth/Interop/Public -Xcc -I/Users/dragos/Library/Developer/Xcode/DerivedData/StudyBloom-ciszihuagdjiakegybtrninynvgt/SourcePackages/checkouts/GoogleUtilities/GoogleUtilities/NSData+zlib/Public -Xcc -I/Users/dragos/Library/Developer/Xcode/DerivedData/StudyBloom-ciszihuagdjiakegybtrninynvgt/SourcePackages/checkouts/GoogleUtilities/GoogleUtilities/Environment/Public -Xcc -I/Users/dragos/Library/Developer/Xcode/DerivedData/StudyBloom-ciszihuagdjiakegybtrninynvgt/SourcePackages/checkouts/GoogleUtilities/third_party/IsAppEncrypted/Public -Xcc -I/Users/dragos/Library/Developer/Xcode/DerivedData/StudyBloom-ciszihuagdjiakegybtrninynvgt/SourcePackages/checkouts/GoogleUtilities/GoogleUtilities/Logger/Public -Xcc -I/Users/dragos/Library/Developer/Xcode/DerivedData/StudyBloom-ciszihuagdjiakegybtrninynvgt/SourcePackages/checkouts/abseil-cpp-binary/absl-Wrapper/include -Xcc -I/Users/dragos/Library/Developer/Xcode/DerivedData/StudyBloom-ciszihuagdjiakegybtrninynvgt/SourcePackages/checkouts/grpc-binary/openssl-grpc-Wrapper/include -Xcc -I/Users/dragos/Library/Developer/Xcode/DerivedData/StudyBloom-ciszihuagdjiakegybtrninynvgt/SourcePackages/checkouts/grpc-binary/grpc-Wrapper/include -Xcc -I/Users/dragos/Library/Developer/Xcode/DerivedData/StudyBloom-ciszihuagdjiakegybtrninynvgt/SourcePackages/checkouts/grpc-binary/grpcpp-Wrapper/include -Xcc -I/Users/dragos/Library/Developer/Xcode/DerivedData/StudyBloom-ciszihuagdjiakegybtrninynvgt/SourcePackages/checkouts/nanopb/spm_headers -Xcc -I/Users/dragos/Library/Developer/Xcode/DerivedData/StudyBloom-ciszihuagdjiakegybtrninynvgt/SourcePackages/checkouts/leveldb/include -Xcc -I/Users/dragos/Library/Developer/Xcode/DerivedData/StudyBloom-ciszihuagdjiakegybtrninynvgt/SourcePackages/checkouts/firebase-ios-sdk/FirebaseCore/Extension -Xcc -I/Users/dragos/Library/Developer/Xcode/DerivedData/StudyBloom-ciszihuagdjiakegybtrninynvgt/SourcePackages/checkouts/firebase-ios-sdk/FirebaseCore/Sources/Public -Xcc -I/Users/dragos/Library/Developer/Xcode/DerivedData/StudyBloom-ciszihuagdjiakegybtrninynvgt/SourcePackages/checkouts/firebase-ios-sdk/CoreOnly/Sources -Xcc -I/Users/dragos/Library/Developer/Xcode/DerivedData/StudyBloom-ciszihuagdjiakegybtrninynvgt/SourcePackages/checkouts/firebase-ios-sdk/FirebaseAppCheck/Interop/Public -Xcc -I/Users/dragos/Library/Developer/Xcode/DerivedData/StudyBloom-ciszihuagdjiakegybtrninynvgt/SourcePackages/checkouts/firebase-ios-sdk/FirebaseFirestoreInternal -Xcc -I/Users/dragos/Library/Developer/Xcode/DerivedData/StudyBloom-ciszihuagdjiakegybtrninynvgt/SourcePackages/checkouts/firebase-ios-sdk/SwiftPM-PlatformExclude/FirebaseFirestoreWrap/include -Xcc -I/Users/dragos/Library/Developer/Xcode/DerivedData/StudyBloom-ciszihuagdjiakegybtrninynvgt/Build/Products/Debug-iphonesimulator/include -Xcc -I/Users/dragos/Library/Developer/Xcode/DerivedData/StudyBloom-ciszihuagdjiakegybtrninynvgt/Build/Intermediates.noindex/StudyBloom.build/Debug-iphonesimulator/StudyBloom.build/DerivedSources-normal/x86_64 -Xcc -I/Users/dragos/Library/Developer/Xcode/DerivedData/StudyBloom-ciszihuagdjiakegybtrninynvgt/Build/Intermediates.noindex/StudyBloom.build/Debug-iphonesimulator/StudyBloom.build/DerivedSources/x86_64 -Xcc -I/Users/dragos/Library/Developer/Xcode/DerivedData/StudyBloom-ciszihuagdjiakegybtrninynvgt/Build/Intermediates.noindex/StudyBloom.build/Debug-iphonesimulator/StudyBloom.build/DerivedSources -Xcc -DDEBUG\=1 -no-auto-bridging-header-chaining -module-name StudyBloom -frontend-parseable-output -disable-clang-spi -target-sdk-version 26.1 -target-sdk-name iphonesimulator26.1 -clang-target x86_64-apple-ios26.1-simulator -in-process-plugin-server-path /Applications/Xcode.app/Contents/Developer/Toolchains/XcodeDefault.xctoolchain/usr/lib/swift/host/libSwiftInProcPluginServer.dylib -o /Users/dragos/Library/Developer/Xcode/DerivedData/StudyBloom-ciszihuagdjiakegybtrninynvgt/Build/Intermediates.noindex/StudyBloom.build/Debug-iphonesimulator/StudyBloom.build/Objects-normal/x86_64/StudyDashboardView.o -index-unit-output-path /StudyBloom.build/Debug-iphonesimulator/StudyBloom.build/Objects-normal/x86_64/StudyDashboardView.o -index-store-path /Users/dragos/Library/Developer/Xcode/DerivedData/StudyBloom-ciszihuagdjiakegybtrninynvgt/Index.noindex/DataStore -index-system-modules
SwiftCompile normal x86_64 Compiling\ OnboardingView.swift /Users/dragos/Development/IOS\ Apps/StudyBloom/StudyBloom/Features/Onboarding/OnboardingView.swift (in target 'StudyBloom' from project 'StudyBloom')

SwiftCompile normal x86_64 /Users/dragos/Development/IOS\ Apps/StudyBloom/StudyBloom/Features/Onboarding/OnboardingView.swift (in target 'StudyBloom' from project 'StudyBloom')
    cd /Users/dragos/Development/IOS\ Apps/StudyBloom
    

SwiftCompile normal arm64 Compiling\ OnboardingView.swift /Users/dragos/Development/IOS\ Apps/StudyBloom/StudyBloom/Features/Onboarding/OnboardingView.swift (in target 'StudyBloom' from project 'StudyBloom')

SwiftCompile normal arm64 /Users/dragos/Development/IOS\ Apps/StudyBloom/StudyBloom/Features/Onboarding/OnboardingView.swift (in target 'StudyBloom' from project 'StudyBloom')
    cd /Users/dragos/Development/IOS\ Apps/StudyBloom
    

SwiftCompile normal arm64 Compiling\ StudyDashboardView.swift /Users/dragos/Development/IOS\ Apps/StudyBloom/StudyBloom/Features/Dashboard/StudyDashboardView.swift (in target 'StudyBloom' from project 'StudyBloom')
SwiftCompile normal arm64 /Users/dragos/Development/IOS\ Apps/StudyBloom/StudyBloom/Features/Dashboard/StudyDashboardView.swift (in target 'StudyBloom' from project 'StudyBloom')
    cd /Users/dragos/Development/IOS\ Apps/StudyBloom
    

SwiftEmitModule normal arm64 Emitting\ module\ for\ StudyBloom (in target 'StudyBloom' from project 'StudyBloom')

EmitSwiftModule normal arm64 (in target 'StudyBloom' from project 'StudyBloom')
    cd /Users/dragos/Development/IOS\ Apps/StudyBloom
    

SwiftDriverJobDiscovery normal arm64 Compiling FlashcardDeckView.swift (in target 'StudyBloom' from project 'StudyBloom')

SwiftCompile normal arm64 Compiling\ ChapterListView.swift /Users/dragos/Development/IOS\ Apps/StudyBloom/StudyBloom/Features/StudyTracker/ChapterListView.swift (in target 'StudyBloom' from project 'StudyBloom')

SwiftCompile normal arm64 /Users/dragos/Development/IOS\ Apps/StudyBloom/StudyBloom/Features/StudyTracker/ChapterListView.swift (in target 'StudyBloom' from project 'StudyBloom')
    cd /Users/dragos/Development/IOS\ Apps/StudyBloom
    

SwiftCompile normal arm64 Compiling\ ProfileView.swift /Users/dragos/Development/IOS\ Apps/StudyBloom/StudyBloom/Features/Profile/ProfileView.swift (in target 'StudyBloom' from project 'StudyBloom')

SwiftCompile normal arm64 /Users/dragos/Development/IOS\ Apps/StudyBloom/StudyBloom/Features/Profile/ProfileView.swift (in target 'StudyBloom' from project 'StudyBloom')
    cd /Users/dragos/Development/IOS\ Apps/StudyBloom
    

SwiftCompile normal arm64 Compiling\ ContentView.swift /Users/dragos/Development/IOS\ Apps/StudyBloom/StudyBloom/ContentView.swift (in target 'StudyBloom' from project 'StudyBloom')

SwiftCompile normal arm64 /Users/dragos/Development/IOS\ Apps/StudyBloom/StudyBloom/ContentView.swift (in target 'StudyBloom' from project 'StudyBloom')
    cd /Users/dragos/Development/IOS\ Apps/StudyBloom
    

SwiftCompile normal arm64 Compiling\ UserListTestView.swift /Users/dragos/Development/IOS\ Apps/StudyBloom/StudyBloom/Features/Test/UserListTestView.swift (in target 'StudyBloom' from project 'StudyBloom')

SwiftCompile normal arm64 /Users/dragos/Development/IOS\ Apps/StudyBloom/StudyBloom/Features/Test/UserListTestView.swift (in target 'StudyBloom' from project 'StudyBloom')
    cd /Users/dragos/Development/IOS\ Apps/StudyBloom
    

SwiftDriverJobDiscovery normal x86_64 Compiling FlashcardDeckView.swift (in target 'StudyBloom' from project 'StudyBloom')

SwiftCompile normal x86_64 Compiling\ AddChapterView.swift /Users/dragos/Development/IOS\ Apps/StudyBloom/StudyBloom/Features/StudyTracker/AddChapterView.swift (in target 'StudyBloom' from project 'StudyBloom')

SwiftCompile normal x86_64 /Users/dragos/Development/IOS\ Apps/StudyBloom/StudyBloom/Features/StudyTracker/AddChapterView.swift (in target 'StudyBloom' from project 'StudyBloom')
    cd /Users/dragos/Development/IOS\ Apps/StudyBloom
    

SwiftCompile normal x86_64 Compiling\ ChapterListView.swift /Users/dragos/Development/IOS\ Apps/StudyBloom/StudyBloom/Features/StudyTracker/ChapterListView.swift (in target 'StudyBloom' from project 'StudyBloom')

SwiftCompile normal x86_64 /Users/dragos/Development/IOS\ Apps/StudyBloom/StudyBloom/Features/StudyTracker/ChapterListView.swift (in target 'StudyBloom' from project 'StudyBloom')
    cd /Users/dragos/Development/IOS\ Apps/StudyBloom
    

SwiftCompile normal arm64 Compiling\ LoginView.swift /Users/dragos/Development/IOS\ Apps/StudyBloom/StudyBloom/Features/Auth/LoginView.swift (in target 'StudyBloom' from project 'StudyBloom')

SwiftCompile normal arm64 /Users/dragos/Development/IOS\ Apps/StudyBloom/StudyBloom/Features/Auth/LoginView.swift (in target 'StudyBloom' from project 'StudyBloom')
    cd /Users/dragos/Development/IOS\ Apps/StudyBloom
    

SwiftDriverJobDiscovery normal x86_64 Compiling OnboardingView.swift (in target 'StudyBloom' from project 'StudyBloom')

SwiftCompile normal x86_64 Compiling\ StudyBloomApp.swift /Users/dragos/Development/IOS\ Apps/StudyBloom/StudyBloom/StudyBloomApp.swift (in target 'StudyBloom' from project 'StudyBloom')

SwiftCompile normal x86_64 /Users/dragos/Development/IOS\ Apps/StudyBloom/StudyBloom/StudyBloomApp.swift (in target 'StudyBloom' from project 'StudyBloom')
    cd /Users/dragos/Development/IOS\ Apps/StudyBloom
    

SwiftDriverJobDiscovery normal arm64 Compiling OnboardingView.swift (in target 'StudyBloom' from project 'StudyBloom')

SwiftCompile normal x86_64 Compiling\ ContentView.swift /Users/dragos/Development/IOS\ Apps/StudyBloom/StudyBloom/ContentView.swift (in target 'StudyBloom' from project 'StudyBloom')

SwiftCompile normal x86_64 /Users/dragos/Development/IOS\ Apps/StudyBloom/StudyBloom/ContentView.swift (in target 'StudyBloom' from project 'StudyBloom')
    cd /Users/dragos/Development/IOS\ Apps/StudyBloom
    

SwiftDriverJobDiscovery normal arm64 Compiling ContentView.swift (in target 'StudyBloom' from project 'StudyBloom')

SwiftCompile normal arm64 Compiling\ DashboardView.swift /Users/dragos/Development/IOS\ Apps/StudyBloom/StudyBloom/Features/Dashboard/DashboardView.swift (in target 'StudyBloom' from project 'StudyBloom')

SwiftCompile normal arm64 /Users/dragos/Development/IOS\ Apps/StudyBloom/StudyBloom/Features/Dashboard/DashboardView.swift (in target 'StudyBloom' from project 'StudyBloom')
    cd /Users/dragos/Development/IOS\ Apps/StudyBloom
    

SwiftDriverJobDiscovery normal arm64 Compiling ProfileView.swift (in target 'StudyBloom' from project 'StudyBloom')

SwiftCompile normal x86_64 Compiling\ LogProgressView.swift /Users/dragos/Development/IOS\ Apps/StudyBloom/StudyBloom/Features/StudyTracker/LogProgressView.swift (in target 'StudyBloom' from project 'StudyBloom')

SwiftCompile normal x86_64 /Users/dragos/Development/IOS\ Apps/StudyBloom/StudyBloom/Features/StudyTracker/LogProgressView.swift (in target 'StudyBloom' from project 'StudyBloom')
    cd /Users/dragos/Development/IOS\ Apps/StudyBloom
    

SwiftDriverJobDiscovery normal x86_64 Compiling StudyBloomApp.swift (in target 'StudyBloom' from project 'StudyBloom')

SwiftCompile normal x86_64 Compiling\ PlanSettingsView.swift /Users/dragos/Development/IOS\ Apps/StudyBloom/StudyBloom/Features/Profile/PlanSettingsView.swift (in target 'StudyBloom' from project 'StudyBloom')

SwiftCompile normal x86_64 /Users/dragos/Development/IOS\ Apps/StudyBloom/StudyBloom/Features/Profile/PlanSettingsView.swift (in target 'StudyBloom' from project 'StudyBloom')
    cd /Users/dragos/Development/IOS\ Apps/StudyBloom
    

SwiftDriverJobDiscovery normal arm64 Compiling UserListTestView.swift (in target 'StudyBloom' from project 'StudyBloom')

SwiftCompile normal arm64 Compiling\ PlanSettingsView.swift /Users/dragos/Development/IOS\ Apps/StudyBloom/StudyBloom/Features/Profile/PlanSettingsView.swift (in target 'StudyBloom' from project 'StudyBloom')

SwiftCompile normal arm64 /Users/dragos/Development/IOS\ Apps/StudyBloom/StudyBloom/Features/Profile/PlanSettingsView.swift (in target 'StudyBloom' from project 'StudyBloom')
    cd /Users/dragos/Development/IOS\ Apps/StudyBloom
    

SwiftDriverJobDiscovery normal arm64 Compiling ChapterListView.swift (in target 'StudyBloom' from project 'StudyBloom')

SwiftCompile normal x86_64 Compiling\ HomeView.swift /Users/dragos/Development/IOS\ Apps/StudyBloom/StudyBloom/Features/Dashboard/HomeView.swift (in target 'StudyBloom' from project 'StudyBloom')

SwiftCompile normal x86_64 /Users/dragos/Development/IOS\ Apps/StudyBloom/StudyBloom/Features/Dashboard/HomeView.swift (in target 'StudyBloom' from project 'StudyBloom')
    cd /Users/dragos/Development/IOS\ Apps/StudyBloom
    

SwiftDriverJobDiscovery normal x86_64 Compiling ChapterListView.swift (in target 'StudyBloom' from project 'StudyBloom')

SwiftCompile normal arm64 Compiling\ LogProgressView.swift /Users/dragos/Development/IOS\ Apps/StudyBloom/StudyBloom/Features/StudyTracker/LogProgressView.swift (in target 'StudyBloom' from project 'StudyBloom')

SwiftCompile normal arm64 /Users/dragos/Development/IOS\ Apps/StudyBloom/StudyBloom/Features/StudyTracker/LogProgressView.swift (in target 'StudyBloom' from project 'StudyBloom')
    cd /Users/dragos/Development/IOS\ Apps/StudyBloom
    

SwiftDriverJobDiscovery normal arm64 Compiling LoginView.swift (in target 'StudyBloom' from project 'StudyBloom')

SwiftCompile normal arm64 Compiling\ StudyBloomApp.swift /Users/dragos/Development/IOS\ Apps/StudyBloom/StudyBloom/StudyBloomApp.swift (in target 'StudyBloom' from project 'StudyBloom')

SwiftCompile normal arm64 /Users/dragos/Development/IOS\ Apps/StudyBloom/StudyBloom/StudyBloomApp.swift (in target 'StudyBloom' from project 'StudyBloom')
    cd /Users/dragos/Development/IOS\ Apps/StudyBloom
    

SwiftDriverJobDiscovery normal x86_64 Compiling ContentView.swift (in target 'StudyBloom' from project 'StudyBloom')

SwiftCompile normal arm64 Compiling\ HomeView.swift /Users/dragos/Development/IOS\ Apps/StudyBloom/StudyBloom/Features/Dashboard/HomeView.swift (in target 'StudyBloom' from project 'StudyBloom')

SwiftCompile normal arm64 /Users/dragos/Development/IOS\ Apps/StudyBloom/StudyBloom/Features/Dashboard/HomeView.swift (in target 'StudyBloom' from project 'StudyBloom')
    cd /Users/dragos/Development/IOS\ Apps/StudyBloom
    

SwiftDriverJobDiscovery normal x86_64 Compiling AddChapterView.swift (in target 'StudyBloom' from project 'StudyBloom')

SwiftCompile normal arm64 Compiling\ AddChapterView.swift /Users/dragos/Development/IOS\ Apps/StudyBloom/StudyBloom/Features/StudyTracker/AddChapterView.swift (in target 'StudyBloom' from project 'StudyBloom')

SwiftCompile normal arm64 /Users/dragos/Development/IOS\ Apps/StudyBloom/StudyBloom/Features/StudyTracker/AddChapterView.swift (in target 'StudyBloom' from project 'StudyBloom')
    cd /Users/dragos/Development/IOS\ Apps/StudyBloom
    

SwiftDriverJobDiscovery normal x86_64 Compiling HomeView.swift (in target 'StudyBloom' from project 'StudyBloom')

SwiftCompile normal x86_64 Compiling\ ProfileView.swift /Users/dragos/Development/IOS\ Apps/StudyBloom/StudyBloom/Features/Profile/ProfileView.swift (in target 'StudyBloom' from project 'StudyBloom')

SwiftCompile normal x86_64 /Users/dragos/Development/IOS\ Apps/StudyBloom/StudyBloom/Features/Profile/ProfileView.swift (in target 'StudyBloom' from project 'StudyBloom')
    cd /Users/dragos/Development/IOS\ Apps/StudyBloom
    

SwiftDriverJobDiscovery normal arm64 Compiling StudyBloomApp.swift (in target 'StudyBloom' from project 'StudyBloom')

SwiftCompile normal x86_64 Compiling\ DashboardView.swift /Users/dragos/Development/IOS\ Apps/StudyBloom/StudyBloom/Features/Dashboard/DashboardView.swift (in target 'StudyBloom' from project 'StudyBloom')

SwiftCompile normal x86_64 /Users/dragos/Development/IOS\ Apps/StudyBloom/StudyBloom/Features/Dashboard/DashboardView.swift (in target 'StudyBloom' from project 'StudyBloom')
    cd /Users/dragos/Development/IOS\ Apps/StudyBloom
    

SwiftDriverJobDiscovery normal arm64 Compiling DashboardView.swift (in target 'StudyBloom' from project 'StudyBloom')

SwiftCompile normal x86_64 Compiling\ LoginView.swift /Users/dragos/Development/IOS\ Apps/StudyBloom/StudyBloom/Features/Auth/LoginView.swift (in target 'StudyBloom' from project 'StudyBloom')

SwiftCompile normal x86_64 /Users/dragos/Development/IOS\ Apps/StudyBloom/StudyBloom/Features/Auth/LoginView.swift (in target 'StudyBloom' from project 'StudyBloom')
    cd /Users/dragos/Development/IOS\ Apps/StudyBloom
    

SwiftDriverJobDiscovery normal x86_64 Compiling LogProgressView.swift (in target 'StudyBloom' from project 'StudyBloom')

SwiftCompile normal x86_64 Compiling\ UserListTestView.swift /Users/dragos/Development/IOS\ Apps/StudyBloom/StudyBloom/Features/Test/UserListTestView.swift (in target 'StudyBloom' from project 'StudyBloom')

SwiftCompile normal x86_64 /Users/dragos/Development/IOS\ Apps/StudyBloom/StudyBloom/Features/Test/UserListTestView.swift (in target 'StudyBloom' from project 'StudyBloom')
    cd /Users/dragos/Development/IOS\ Apps/StudyBloom
    

SwiftDriverJobDiscovery normal arm64 Compiling HomeView.swift (in target 'StudyBloom' from project 'StudyBloom')

SwiftDriverJobDiscovery normal arm64 Compiling LogProgressView.swift (in target 'StudyBloom' from project 'StudyBloom')

SwiftDriverJobDiscovery normal x86_64 Compiling PlanSettingsView.swift (in target 'StudyBloom' from project 'StudyBloom')

SwiftDriverJobDiscovery normal arm64 Compiling PlanSettingsView.swift (in target 'StudyBloom' from project 'StudyBloom')

SwiftDriverJobDiscovery normal x86_64 Compiling ProfileView.swift (in target 'StudyBloom' from project 'StudyBloom')

SwiftDriverJobDiscovery normal x86_64 Compiling LoginView.swift (in target 'StudyBloom' from project 'StudyBloom')

SwiftDriverJobDiscovery normal x86_64 Compiling DashboardView.swift (in target 'StudyBloom' from project 'StudyBloom')

SwiftDriverJobDiscovery normal arm64 Compiling AddChapterView.swift (in target 'StudyBloom' from project 'StudyBloom')

SwiftDriverJobDiscovery normal x86_64 Compiling UserListTestView.swift (in target 'StudyBloom' from project 'StudyBloom')

** BUILD FAILED **


The following build commands failed:
	SwiftCompile normal x86_64 /Users/dragos/Development/IOS\ Apps/StudyBloom/StudyBloom/Features/Dashboard/StudyDashboardView.swift (in target 'StudyBloom' from project 'StudyBloom')
	SwiftCompile normal x86_64 Compiling\ StudyDashboardView.swift /Users/dragos/Development/IOS\ Apps/StudyBloom/StudyBloom/Features/Dashboard/StudyDashboardView.swift (in target 'StudyBloom' from project 'StudyBloom')
	Building project StudyBloom with scheme StudyBloom
(3 failures)
